Component: ARM Compiler 5.06 update 7 (build 960) Tool: armlink [4d3601]

==============================================================================

Section Cross References

    startup_stm32f103xb.o(STACK) refers (Special) to heapauxi.o(.text) for __use_two_region_memory
    startup_stm32f103xb.o(HEAP) refers (Special) to heapauxi.o(.text) for __use_two_region_memory
    startup_stm32f103xb.o(RESET) refers (Special) to heapauxi.o(.text) for __use_two_region_memory
    startup_stm32f103xb.o(RESET) refers to startup_stm32f103xb.o(STACK) for __initial_sp
    startup_stm32f103xb.o(RESET) refers to startup_stm32f103xb.o(.text) for Reset_Handler
    startup_stm32f103xb.o(RESET) refers to stm32f1xx_it.o(i.NMI_Handler) for NMI_Handler
    startup_stm32f103xb.o(RESET) refers to stm32f1xx_it.o(i.HardFault_Handler) for HardFault_Handler
    startup_stm32f103xb.o(RESET) refers to stm32f1xx_it.o(i.MemManage_Handler) for MemManage_Handler
    startup_stm32f103xb.o(RESET) refers to stm32f1xx_it.o(i.BusFault_Handler) for BusFault_Handler
    startup_stm32f103xb.o(RESET) refers to stm32f1xx_it.o(i.UsageFault_Handler) for UsageFault_Handler
    startup_stm32f103xb.o(RESET) refers to port.o(.emb_text) for SVC_Handler
    startup_stm32f103xb.o(RESET) refers to stm32f1xx_it.o(i.DebugMon_Handler) for DebugMon_Handler
    startup_stm32f103xb.o(RESET) refers to port.o(i.SysTick_Handler) for SysTick_Handler
    startup_stm32f103xb.o(RESET) refers to stm32f1xx_it.o(i.USB_LP_CAN1_RX0_IRQHandler) for USB_LP_CAN1_RX0_IRQHandler
    startup_stm32f103xb.o(RESET) refers to stm32f1xx_it.o(i.CAN1_RX1_IRQHandler) for CAN1_RX1_IRQHandler
    startup_stm32f103xb.o(RESET) refers to stm32f1xx_it.o(i.CAN1_SCE_IRQHandler) for CAN1_SCE_IRQHandler
    startup_stm32f103xb.o(RESET) refers to stm32f1xx_it.o(i.TIM1_UP_IRQHandler) for TIM1_UP_IRQHandler
    startup_stm32f103xb.o(RESET) refers to stm32f1xx_it.o(i.TIM3_IRQHandler) for TIM3_IRQHandler
    startup_stm32f103xb.o(RESET) refers to stm32f1xx_it.o(i.USART1_IRQHandler) for USART1_IRQHandler
    startup_stm32f103xb.o(.text) refers (Special) to heapauxi.o(.text) for __use_two_region_memory
    startup_stm32f103xb.o(.text) refers to system_stm32f1xx.o(i.SystemInit) for SystemInit
    startup_stm32f103xb.o(.text) refers to __main.o(!!!main) for __main
    startup_stm32f103xb.o(.text) refers to startup_stm32f103xb.o(HEAP) for Heap_Mem
    startup_stm32f103xb.o(.text) refers to startup_stm32f103xb.o(STACK) for Stack_Mem
    mnp_msg.o(i.GPS_Init) refers to mnp_msg.o(i.MNP_M7_init) for MNP_M7_init
    mnp_msg.o(i.GPS_Read_Data) refers to _printf_percent.o(.ARM.Collect$$_printf_percent$$00000000) for _printf_percent
    mnp_msg.o(i.GPS_Read_Data) refers to _printf_u.o(.ARM.Collect$$_printf_percent$$0000000A) for _printf_u
    mnp_msg.o(i.GPS_Read_Data) refers to _printf_f.o(.ARM.Collect$$_printf_percent$$00000003) for _printf_f
    mnp_msg.o(i.GPS_Read_Data) refers to _printf_dec.o(.text) for _printf_int_dec
    mnp_msg.o(i.GPS_Read_Data) refers to printf1.o(x$fpl$printf1) for _printf_fp_dec
    mnp_msg.o(i.GPS_Read_Data) refers to fleqf.o(x$fpl$fleqf) for __aeabi_cfcmple
    mnp_msg.o(i.GPS_Read_Data) refers to time64.o(i.mktime64) for mktime64
    mnp_msg.o(i.GPS_Read_Data) refers to f2d.o(x$fpl$f2d) for __aeabi_f2d
    mnp_msg.o(i.GPS_Read_Data) refers to noretval__2sprintf.o(.text) for __2sprintf
    mnp_msg.o(i.GPS_Read_Data) refers to usart.o(i.UART2_PutString) for UART2_PutString
    mnp_msg.o(i.GPS_Read_Data) refers to mnp_msg.o(.data) for MKS2
    mnp_msg.o(i.GPS_Read_Data) refers to usart.o(.bss) for buffer_TX_UART2
    mnp_msg.o(i.GPS_wait_data_Callback) refers to ring_buffer.o(i.RING_GetCount) for RING_GetCount
    mnp_msg.o(i.GPS_wait_data_Callback) refers to mnp_msg.o(i.Parse_MNP_MSG) for Parse_MNP_MSG
    mnp_msg.o(i.GPS_wait_data_Callback) refers to mnp_msg.o(i.GPS_Read_Data) for GPS_Read_Data
    mnp_msg.o(i.GPS_wait_data_Callback) refers to usart.o(.bss) for RING_buffer
    mnp_msg.o(i.GPS_wait_data_Callback) refers to mnp_msg.o(.data) for MKS2
    mnp_msg.o(i.Get_GNSS_interval) refers to mnp_msg.o(i.MNP_PutMessage) for MNP_PutMessage
    mnp_msg.o(i.MNP_M7_init) refers to mnp_msg.o(i.MNP_PutMessage) for MNP_PutMessage
    mnp_msg.o(i.MNP_PutMessage) refers to mnp_msg.o(i.MNP_CalcChkSum) for MNP_CalcChkSum
    mnp_msg.o(i.MNP_PutMessage) refers to usart.o(i.MNP_UART_MSG_Puts) for MNP_UART_MSG_Puts
    mnp_msg.o(i.MNP_Reset) refers to mnp_msg.o(i.MNP_PutMessage) for MNP_PutMessage
    mnp_msg.o(i.Parse_MNP_MSG) refers to _printf_percent.o(.ARM.Collect$$_printf_percent$$00000000) for _printf_percent
    mnp_msg.o(i.Parse_MNP_MSG) refers to _printf_d.o(.ARM.Collect$$_printf_percent$$00000009) for _printf_d
    mnp_msg.o(i.Parse_MNP_MSG) refers to _printf_dec.o(.text) for _printf_int_dec
    mnp_msg.o(i.Parse_MNP_MSG) refers to _printf_x.o(.ARM.Collect$$_printf_percent$$0000000C) for _printf_x
[...]
    .bss                                     0x200010dc   Section     3072  heap_4.o(.bss)
    ucHeap                                   0x200010dc   Data        3072  heap_4.o(.bss)
    .bss                                     0x20001cdc   Section       96  libspace.o(.bss)
    HEAP                                     0x20001d40   Section      768  startup_stm32f103xb.o(HEAP)
    Heap_Mem                                 0x20001d40   Data         768  startup_stm32f103xb.o(HEAP)
    STACK                                    0x20002040   Section     1280  startup_stm32f103xb.o(STACK)
    Stack_Mem                                0x20002040   Data        1280  startup_stm32f103xb.o(STACK)
    __initial_sp                             0x20002540   Data           0  startup_stm32f103xb.o(STACK)

    Global Symbols

    Symbol Name                              Value     Ov Type        Size  Object(Section)

    BuildAttributes$$THM_ISAv4$P$D$K$B$S$PE$A:L22UL41UL21$X:L11$S22US41US21$IEEE1$IW$USESV6$~STKCKD$USESV7$~SHL$OTIME$ROPI$IEEEJ$EBA8$UX$STANDARDLIB$REQ8$PRES8$EABIv2 0x00000000   Number         0  anon$$obj.o ABSOLUTE
    __ARM_use_no_argv                        0x00000000   Number         0  main.o ABSOLUTE
    _printf_flags                            0x00000000   Number         0  printf_stubs.o ABSOLUTE
    _printf_return_value                     0x00000000   Number         0  printf_stubs.o ABSOLUTE
    _printf_sizespec                         0x00000000   Number         0  printf_stubs.o ABSOLUTE
    _printf_widthprec                        0x00000000   Number         0  printf_stubs.o ABSOLUTE
    __ARM_exceptions_init                     - Undefined Weak Reference
    __alloca_initialize                       - Undefined Weak Reference
    __arm_fini_                               - Undefined Weak Reference
    __arm_preinit_                            - Undefined Weak Reference
    __cpp_initialize__aeabi_                  - Undefined Weak Reference
    __cxa_finalize                            - Undefined Weak Reference
    __sigvec_lookup                           - Undefined Weak Reference
    _atexit_init                              - Undefined Weak Reference
    _call_atexit_fns                          - Undefined Weak Reference
    _clock_init                               - Undefined Weak Reference
    _fp_trap_init                             - Undefined Weak Reference
    _fp_trap_shutdown                         - Undefined Weak Reference
    _get_lc_collate                           - Undefined Weak Reference
    _get_lc_ctype                             - Undefined Weak Reference
    _get_lc_monetary                          - Undefined Weak Reference
    _get_lc_time                              - Undefined Weak Reference
    _getenv_init                              - Undefined Weak Reference
    _handle_redirection                       - Undefined Weak Reference
    _init_alloc                               - Undefined Weak Reference
    _init_user_alloc                          - Undefined Weak Reference
    _initio                                   - Undefined Weak Reference
    _printf_mbtowc                            - Undefined Weak Reference
    _printf_truncate_signed                   - Undefined Weak Reference
    _printf_truncate_unsigned                 - Undefined Weak Reference
    _rand_init                                - Undefined Weak Reference
    _signal_finish                            - Undefined Weak Reference
    _signal_init                              - Undefined Weak Reference
    _terminate_alloc                          - Undefined Weak Reference
    _terminate_user_alloc                     - Undefined Weak Reference
    _terminateio                              - Undefined Weak Reference
    __Vectors_Size                           0x000000ec   Number         0  startup_stm32f103xb.o ABSOLUTE
    __Vectors                                0x08000000   Data           4  startup_stm32f103xb.o(RESET)
    __Vectors_End                            0x080000ec   Data           0  startup_stm32f103xb.o(RESET)
    __main                                   0x080000ed   Thumb Code     8  __main.o(!!!main)
    __scatterload                            0x080000f5   Thumb Code     0  __scatter.o(!!!scatter)
    __scatterload_rt2                        0x080000f5   Thumb Code    44  __scatter.o(!!!scatter)
    __scatterload_rt2_thumb_only             0x080000f5   Thumb Code     0  __scatter.o(!!!scatter)
    __scatterload_null                       0x08000103   Thumb Code     0  __scatter.o(!!!scatter)
    __decompress                             0x08000129   Thumb Code    90  __dczerorl2.o(!!dczerorl2)
    __decompress1                            0x08000129   Thumb Code     0  __dczerorl2.o(!!dczerorl2)
    __scatterload_zeroinit                   0x08000185   Thumb Code    28  __scatter_zi.o(!!handler_zi)
    _printf_f                                0x080001a1   Thumb Code     0  _printf_f.o(.ARM.Collect$$_printf_percent$$00000003)
    _printf_percent                          0x080001a1   Thumb Code     0  _printf_percent.o(.ARM.Collect$$_printf_percent$$00000000)
    _printf_d                                0x080001a7   Thumb Code     0  _printf_d.o(.ARM.Collect$$_printf_percent$$00000009)
    _printf_u                                0x080001ad   Thumb Code     0  _printf_u.o(.ARM.Collect$$_printf_percent$$0000000A)
    _printf_x                                0x080001b3   Thumb Code     0  _printf_x.o(.ARM.Collect$$_printf_percent$$0000000C)
    _printf_percent_end                      0x080001b9   Thumb Code     0  _printf_percent_end.o(.ARM.Collect$$_printf_percent$$00000017)
    __rt_lib_init                            0x080001bd   Thumb Code     0  libinit.o(.ARM.Collect$$libinit$$00000000)
    __rt_lib_init_fp_1                       0x080001bf   Thumb Code     0  libinit2.o(.ARM.Collect$$libinit$$00000002)
    __rt_lib_init_heap_1                     0x080001bf   Thumb Code     0  libinit2.o(.ARM.Collect$$libinit$$0000000A)
    __rt_lib_init_lc_common                  0x080001bf   Thumb Code     0  libinit2.o(.ARM.Collect$$libinit$$0000000F)
    __rt_lib_init_preinit_1                  0x080001bf   Thumb Code     0  libinit2.o(.ARM.Collect$$libinit$$00000004)
    __rt_lib_init_rand_1                     0x080001bf   Thumb Code     0  libinit2.o(.ARM.Collect$$libinit$$0000000E)
    __rt_lib_init_user_alloc_1               0x080001bf   Thumb Code     0  libinit2.o(.ARM.Collect$$libinit$$0000000C)
    __rt_lib_init_lc_collate_1               0x080001c5   Thumb Code     0  libinit2.o(.ARM.Collect$$libinit$$00000011)
    __rt_lib_init_lc_ctype_1                 0x080001c5   Thumb Code     0  libinit2.o(.ARM.Collect$$libinit$$00000013)
    __rt_lib_init_lc_monetary_1              0x080001c5   Thumb Code     0  libinit2.o(.ARM.Collect$$libinit$$00000015)
    __rt_lib_init_lc_numeric_2               0x080001c5   Thumb Code     0  libinit2.o(.ARM.Collect$$libinit$$00000016)
    __rt_lib_init_alloca_1                   0x080001cf   Thumb Code     0  libinit2.o(.ARM.Collect$$libinit$$0000002E)
    __rt_lib_init_argv_1                     0x080001cf   Thumb Code     0  libinit2.o(.ARM.Collect$$libinit$$0000002C)
    __rt_lib_init_atexit_1                   0x080001cf   Thumb Code     0  libinit2.o(.ARM.Collect$$libinit$$0000001B)
    __rt_lib_init_clock_1                    0x080001cf   Thumb Code     0  libinit2.o(.ARM.Collect$$libinit$$00000021)
    __rt_lib_init_cpp_1                      0x080001cf   Thumb Code     0  libinit2.o(.ARM.Collect$$libinit$$00000032)
    __rt_lib_init_exceptions_1               0x080001cf   Thumb Code     0  libinit2.o(.ARM.Collect$$libinit$$00000030)
    __rt_lib_init_fp_trap_1                  0x080001cf   Thumb Code     0  libinit2.o(.ARM.Collect$$libinit$$0000001F)
    __rt_lib_init_getenv_1                   0x080001cf   Thumb Code     0  libinit2.o(.ARM.Collect$$libinit$$00000023)
    __rt_lib_init_lc_numeric_1               0x080001cf   Thumb Code     0  libinit2.o(.ARM.Collect$$libinit$$00000017)
    __rt_lib_init_lc_time_1                  0x080001cf   Thumb Code     0  libinit2.o(.ARM.Collect$$libinit$$00000019)
    __rt_lib_init_return                     0x080001cf   Thumb Code     0  libinit2.o(.ARM.Collect$$libinit$$00000033)
    __rt_lib_init_signal_1                   0x080001cf   Thumb Code     0  libinit2.o(.ARM.Collect$$libinit$$0000001D)
    __rt_lib_init_stdio_1                    0x080001cf   Thumb Code     0  libinit2.o(.ARM.Collect$$libinit$$00000025)
    __rt_lib_shutdown                        0x080001d1   Thumb Code     0  libshutdown.o(.ARM.Collect$$libshutdown$$00000000)
    __rt_lib_shutdown_cpp_1                  0x080001d3   Thumb Code     0  libshutdown2.o(.ARM.Collect$$libshutdown$$00000004)
    __rt_lib_shutdown_fini_1                 0x080001d3   Thumb Code     0  libshutdown2.o(.ARM.Collect$$libshutdown$$00000002)
    __rt_lib_shutdown_fp_trap_1              0x080001d3   Thumb Code     0  libshutdown2.o(.ARM.Collect$$libshutdown$$00000009)
    __rt_lib_shutdown_heap_1                 0x080001d3   Thumb Code     0  libshutdown2.o(.ARM.Collect$$libshutdown$$00000011)
    __rt_lib_shutdown_return                 0x080001d3   Thumb Code     0  libshutdown2.o(.ARM.Collect$$libshutdown$$00000012)
    __rt_lib_shutdown_signal_1               0x080001d3   Thumb Code     0  libshutdown2.o(.ARM.Collect$$libshutdown$$0000000C)
    __rt_lib_shutdown_stdio_1                0x080001d3   Thumb Code     0  libshutdown2.o(.ARM.Collect$$libshutdown$$00000006)
    __rt_lib_shutdown_user_alloc_1           0x080001d3   Thumb Code     0  libshutdown2.o(.ARM.Collect$$libshutdown$$0000000E)
    __rt_entry                               0x080001d5   Thumb Code     0  __rtentry.o(.ARM.Collect$$rtentry$$00000000)
    __rt_entry_presh_1                       0x080001d5   Thumb Code     0  __rtentry2.o(.ARM.Collect$$rtentry$$00000002)
    __rt_entry_sh                            0x080001d5   Thumb Code     0  __rtentry4.o(.ARM.Collect$$rtentry$$00000004)
    __rt_entry_li                            0x080001db   Thumb Code     0  __rtentry2.o(.ARM.Collect$$rtentry$$0000000A)
    __rt_entry_postsh_1                      0x080001db   Thumb Code     0  __rtentry2.o(.ARM.Collect$$rtentry$$00000009)
    __rt_entry_main                          0x080001df   Thumb Code     0  __rtentry2.o(.ARM.Collect$$rtentry$$0000000D)
    __rt_entry_postli_1                      0x080001df   Thumb Code     0  __rtentry2.o(.ARM.Collect$$rtentry$$0000000C)
    __rt_exit                                0x080001e7   Thumb Code     0  rtexit.o(.ARM.Collect$$rtexit$$00000000)
    __rt_exit_ls                             0x080001e9   Thumb Code     0  rtexit2.o(.ARM.Collect$$rtexit$$00000003)
    __rt_exit_prels_1                        0x080001e9   Thumb Code     0  rtexit2.o(.ARM.Collect$$rtexit$$00000002)
    __rt_exit_exit                           0x080001ed   Thumb Code     0  rtexit2.o(.ARM.Collect$$rtexit$$00000004)
    SVC_Handler                              0x080001f5   Thumb Code    32  port.o(.emb_text)
    __asm___6_port_c_39a90d8d__prvStartFirstTask 0x08000219   Thumb Code    28  port.o(.emb_text)
    PendSV_Handler                           0x08000239   Thumb Code    72  port.o(.emb_text)
    vPortGetIPSR                             0x08000285   Thumb Code     6  port.o(.emb_text)
    Reset_Handler                            0x0800028d   Thumb Code     8  startup_stm32f103xb.o(.text)
    ADC1_2_IRQHandler                        0x080002a7   Thumb Code     0  startup_stm32f103xb.o(.text)
    DMA1_Channel1_IRQHandler                 0x080002a7   Thumb Code     0  startup_stm32f103xb.o(.text)
    DMA1_Channel2_IRQHandler                 0x080002a7   Thumb Code     0  startup_stm32f103xb.o(.text)
    DMA1_Channel3_IRQHandler                 0x080002a7   Thumb Code     0  startup_stm32f103xb.o(.text)
    DMA1_Channel4_IRQHandler                 0x080002a7   Thumb Code     0  startup_stm32f103xb.o(.text)
    DMA1_Channel5_IRQHandler                 0x080002a7   Thumb Code     0  startup_stm32f103xb.o(.text)
    DMA1_Channel6_IRQHandler                 0x080002a7   Thumb Code     0  startup_stm32f103xb.o(.text)
    DMA1_Channel7_IRQHandler                 0x080002a7   Thumb Code     0  startup_stm32f103xb.o(.text)
    EXTI0_IRQHandler                         0x080002a7   Thumb Code     0  startup_stm32f103xb.o(.text)
    EXTI15_10_IRQHandler                     0x080002a7   Thumb Code     0  startup_stm32f103xb.o(.text)
    EXTI1_IRQHandler                         0x080002a7   Thumb Code     0  startup_stm32f103xb.o(.text)
    EXTI2_IRQHandler                         0x080002a7   Thumb Code     0  startup_stm32f103xb.o(.text)
    EXTI3_IRQHandler                         0x080002a7   Thumb Code     0  startup_stm32f103xb.o(.text)
    EXTI4_IRQHandler                         0x080002a7   Thumb Code     0  startup_stm32f103xb.o(.text)
    EXTI9_5_IRQHandler                       0x080002a7   Thumb Code     0  startup_stm32f103xb.o(.text)
    FLASH_IRQHandler                         0x080002a7   Thumb Code     0  startup_stm32f103xb.o(.text)
    I2C1_ER_IRQHandler                       0x080002a7   Thumb Code     0  startup_stm32f103xb.o(.text)
    I2C1_EV_IRQHandler                       0x080002a7   Thumb Code     0  startup_stm32f103xb.o(.text)
    I2C2_ER_IRQHandler                       0x080002a7   Thumb Code     0  startup_stm32f103xb.o(.text)
    I2C2_EV_IRQHandler                       0x080002a7   Thumb Code     0  startup_stm32f103xb.o(.text)
    PVD_IRQHandler                           0x080002a7   Thumb Code     0  startup_stm32f103xb.o(.text)
    RCC_IRQHandler                           0x080002a7   Thumb Code     0  startup_stm32f103xb.o(.text)
    RTC_Alarm_IRQHandler                     0x080002a7   Thumb Code     0  startup_stm32f103xb.o(.text)
    RTC_IRQHandler                           0x080002a7   Thumb Code     0  startup_stm32f103xb.o(.text)
    SPI1_IRQHandler                          0x080002a7   Thumb Code     0  startup_stm32f103xb.o(.text)
    SPI2_IRQHandler                          0x080002a7   Thumb Code     0  startup_stm32f103xb.o(.text)
    TAMPER_IRQHandler                        0x080002a7   Thumb Code     0  startup_stm32f103xb.o(.text)
    TIM1_BRK_IRQHandler                      0x080002a7   Thumb Code     0  startup_stm32f103xb.o(.text)
    TIM1_CC_IRQHandler                       0x080002a7   Thumb Code     0  startup_stm32f103xb.o(.text)
    TIM1_TRG_COM_IRQHandler                  0x080002a7   Thumb Code     0  startup_stm32f103xb.o(.text)
    TIM2_IRQHandler                          0x080002a7   Thumb Code     0  startup_stm32f103xb.o(.text)
    TIM4_IRQHandler                          0x080002a7   Thumb Code     0  startup_stm32f103xb.o(.text)
    USART2_IRQHandler                        0x080002a7   Thumb Code     0  startup_stm32f103xb.o(.text)
    USART3_IRQHandler                        0x080002a7   Thumb Code     0  startup_stm32f103xb.o(.text)
    USBWakeUp_IRQHandler                     0x080002a7   Thumb Code     0  startup_stm32f103xb.o(.text)
    USB_HP_CAN1_TX_IRQHandler                0x080002a7   Thumb Code     0  startup_stm32f103xb.o(.text)
    WWDG_IRQHandler                          0x080002a7   Thumb Code     0  startup_stm32f103xb.o(.text)
    __user_initial_stackheap                 0x080002a9   Thumb Code     0  startup_stm32f103xb.o(.text)
    __aeabi_ldivmod                          0x080002cd   Thumb Code     0  llsdiv.o(.text)
    _ll_sdiv                                 0x080002cd   Thumb Code    72  llsdiv.o(.text)
    __2sprintf                               0x08000315   Thumb Code    34  noretval__2sprintf.o(.text)
    _printf_int_dec                          0x0800033d   Thumb Code   104  _printf_dec.o(.text)
    _printf_int_hex                          0x080003b5   Thumb Code    84  _printf_hex_int.o(.text)
    _printf_longlong_hex                     0x080003b5   Thumb Code     0  _printf_hex_int.o(.text)
    __printf                                 0x0800040d   Thumb Code   308  __printf_flags_wp.o(.text)
    __aeabi_assert                           0x08000545   Thumb Code    86  assert.o(.text)
    __assert                                 0x08000545   Thumb Code     0  assert.o(.text)
    __aeabi_memcpy                           0x080005c5   Thumb Code     0  rt_memcpy_v6.o(.text)
    __rt_memcpy                              0x080005c5   Thumb Code   138  rt_memcpy_v6.o(.text)
    _memcpy_lastbytes                        0x0800062b   Thumb Code     0  rt_memcpy_v6.o(.text)
    __aeabi_memcpy4                          0x0800064f   Thumb Code     0  rt_memcpy_w.o(.text)
    __aeabi_memcpy8                          0x0800064f   Thumb Code     0  rt_memcpy_w.o(.text)
    __rt_memcpy_w                            0x0800064f   Thumb Code   100  rt_memcpy_w.o(.text)
    _memcpy_lastbytes_aligned                0x08000697   Thumb Code     0  rt_memcpy_w.o(.text)
    __aeabi_memclr                           0x080006b3   Thumb Code     0  rt_memclr.o(.text)
    __rt_memclr                              0x080006b3   Thumb Code    68  rt_memclr.o(.text)
    _memset                                  0x080006b7   Thumb Code     0  rt_memclr.o(.text)
    __aeabi_memclr4                          0x080006f7   Thumb Code     0  rt_memclr_w.o(.text)
    __aeabi_memclr8                          0x080006f7   Thumb Code     0  rt_memclr_w.o(.text)
    __rt_memclr_w                            0x080006f7   Thumb Code    78  rt_memclr_w.o(.text)
    _memset_w                                0x080006fb   Thumb Code     0  rt_memclr_w.o(.text)
    mktime                                   0x08000783   Thumb Code   356  mktime.o(.text)
    __use_two_region_memory                  0x080008f1   Thumb Code     2  heapauxi.o(.text)
    __rt_heap_escrow$2region                 0x080008f3   Thumb Code     2  heapauxi.o(.text)
    __rt_heap_expand$2region                 0x080008f5   Thumb Code     2  heapauxi.o(.text)
    __aeabi_uldivmod                         0x080008f7   Thumb Code     0  lludivv7m.o(.text)
    _ll_udiv                                 0x080008f7   Thumb Code   238  lludivv7m.o(.text)
    _printf_int_common                       0x080009e5   Thumb Code   178  _printf_intcommon.o(.text)
    __lib_sel_fp_printf                      0x08000a97   Thumb Code     2  _printf_fp_dec.o(.text)
    _printf_fp_dec_real                      0x08000c49   Thumb Code   620  _printf_fp_dec.o(.text)
    _printf_char_common                      0x08000ebf   Thumb Code    32  _printf_char_common.o(.text)
    _sputc                                   0x08000ee5   Thumb Code    10  _sputc.o(.text)
    abort                                    0x08000eef   Thumb Code    22  abort.o(.text)
    __assert_puts                            0x08000f05   Thumb Code    20  assert_puts.o(.text)
    _ttywrch                                 0x08000f19   Thumb Code    14  sys_wrch.o(.text)
    _sys_exit                                0x08000f29   Thumb Code     8  sys_exit.o(.text)
    __rt_locale                              0x08000f35   Thumb Code     8  rt_locale_intlibspace.o(.text)
    _ll_udiv10                               0x08000f3d   Thumb Code   138  lludiv10.o(.text)
    _printf_fp_infnan                        0x08000fc9   Thumb Code   112  _printf_fp_infnan.o(.text)
    _btod_etento                             0x08001049   Thumb Code   224  bigflt0.o(.text)
    __rt_SIGABRT                             0x0800112d   Thumb Code    14  defsig_abrt_outer.o(.text)
    __user_libspace                          0x0800113d   Thumb Code     8  libspace.o(.text)
    __user_perproc_libspace                  0x0800113d   Thumb Code     0  libspace.o(.text)
    __user_perthread_libspace                0x0800113d   Thumb Code     0  libspace.o(.text)
    __I$use$semihosting                      0x08001145   Thumb Code     0  use_no_semi.o(.text)
    __use_no_semihosting_swi                 0x08001145   Thumb Code     2  use_no_semi.o(.text)
    __semihosting_library_function           0x08001147   Thumb Code     0  indicate_semi.o(.text)
    __user_setup_stackheap                   0x08001147   Thumb Code    74  sys_stackheap_outer.o(.text)
    exit                                     0x08001191   Thumb Code    18  exit.o(.text)
    __sig_exit                               0x080011a3   Thumb Code    10  defsig_exit.o(.text)
    __rt_SIGABRT_inner                       0x080011ad   Thumb Code    14  defsig_abrt_inner.o(.text)
    strcmp                                   0x080011dd   Thumb Code   128  strcmpv7m.o(.text)
    __default_signal_display                 0x0800125d   Thumb Code    50  defsig_general.o(.text)
    _btod_d2e                                0x0800128f   Thumb Code    62  btod.o(CL$$btod_d2e)
    _d2e_denorm_low                          0x080012cd   Thumb Code    70  btod.o(CL$$btod_d2e_denorm_low)
    _d2e_norm_op1                            0x08001313   Thumb Code    96  btod.o(CL$$btod_d2e_norm_op1)
    __btod_div_common                        0x08001373   Thumb Code   696  btod.o(CL$$btod_div_common)
    _e2e                                     0x080016ab   Thumb Code   220  btod.o(CL$$btod_e2e)
    _btod_ediv                               0x08001787   Thumb Code    42  btod.o(CL$$btod_ediv)
    _btod_emul                               0x080017b1   Thumb Code    42  btod.o(CL$$btod_emul)
    __btod_mult_common                       0x080017db   Thumb Code   580  btod.o(CL$$btod_mult_common)
    BusFault_Handler                         0x08001a1f   Thumb Code     4  stm32f1xx_it.o(i.BusFault_Handler)
    CAN1_RX1_IRQHandler                      0x08001a25   Thumb Code    10  stm32f1xx_it.o(i.CAN1_RX1_IRQHandler)
    CAN1_SCE_IRQHandler                      0x08001a35   Thumb Code    10  stm32f1xx_it.o(i.CAN1_SCE_IRQHandler)
    CAN1_Send_Message                        0x08001a45   Thumb Code   114  can.o(i.CAN1_Send_Message)
    DebugMon_Handler                         0x08001ac5   Thumb Code     2  stm32f1xx_it.o(i.DebugMon_Handler)
    Error_Handler                            0x08001ac7   Thumb Code     6  main.o(i.Error_Handler)
    GPS_Init                                 0x08001acd   Thumb Code    12  mnp_msg.o(i.GPS_Init)
    GPS_wait_data_Callback                   0x08001c01   Thumb Code    66  mnp_msg.o(i.GPS_wait_data_Callback)
    Get_Module_Address                       0x08001c4d   Thumb Code     4  pins.o(i.Get_Module_Address)
    HAL_CAN_ActivateNotification             0x08001c51   Thumb Code    42  stm32f1xx_hal_can.o(i.HAL_CAN_ActivateNotification)
    HAL_CAN_AddTxMessage                     0x08001c7b   Thumb Code   342  stm32f1xx_hal_can.o(i.HAL_CAN_AddTxMessage)
    HAL_CAN_ConfigFilter                     0x08001dd1   Thumb Code   266  stm32f1xx_hal_can.o(i.HAL_CAN_ConfigFilter)
    HAL_CAN_ErrorCallback                    0x08001edd   Thumb Code    34  can.o(i.HAL_CAN_ErrorCallback)
    HAL_CAN_GetError                         0x08001f15   Thumb Code     6  stm32f1xx_hal_can.o(i.HAL_CAN_GetError)
    HAL_CAN_GetRxMessage                     0x08001f1b   Thumb Code   378  stm32f1xx_hal_can.o(i.HAL_CAN_GetRxMessage)
    HAL_CAN_GetTxMailboxesFreeLevel          0x08002095   Thumb Code    54  stm32f1xx_hal_can.o(i.HAL_CAN_GetTxMailboxesFreeLevel)
    HAL_CAN_IRQHandler                       0x080020cb   Thumb Code   590  stm32f1xx_hal_can.o(i.HAL_CAN_IRQHandler)
    HAL_CAN_Init                             0x08002319   Thumb Code   372  stm32f1xx_hal_can.o(i.HAL_CAN_Init)
    HAL_CAN_MspInit                          0x0800248d   Thumb Code   170  can.o(i.HAL_CAN_MspInit)
    HAL_CAN_RxFifo0FullCallback              0x08002545   Thumb Code    20  can.o(i.HAL_CAN_RxFifo0FullCallback)
    HAL_CAN_RxFifo0MsgPendingCallback        0x0800256d   Thumb Code   106  can.o(i.HAL_CAN_RxFifo0MsgPendingCallback)
    HAL_CAN_RxFifo1FullCallback              0x08002611   Thumb Code    20  can.o(i.HAL_CAN_RxFifo1FullCallback)
    HAL_CAN_RxFifo1MsgPendingCallback        0x08002639   Thumb Code   106  can.o(i.HAL_CAN_RxFifo1MsgPendingCallback)
    HAL_CAN_SleepCallback                    0x080026dd   Thumb Code     2  stm32f1xx_hal_can.o(i.HAL_CAN_SleepCallback)
    HAL_CAN_Start                            0x080026df   Thumb Code    94  stm32f1xx_hal_can.o(i.HAL_CAN_Start)
    HAL_CAN_TxMailbox0AbortCallback          0x0800273d   Thumb Code     2  stm32f1xx_hal_can.o(i.HAL_CAN_TxMailbox0AbortCallback)
    HAL_CAN_TxMailbox0CompleteCallback       0x0800273f   Thumb Code     2  stm32f1xx_hal_can.o(i.HAL_CAN_TxMailbox0CompleteCallback)
    HAL_CAN_TxMailbox1AbortCallback          0x08002741   Thumb Code     2  stm32f1xx_hal_can.o(i.HAL_CAN_TxMailbox1AbortCallback)
    HAL_CAN_TxMailbox1CompleteCallback       0x08002743   Thumb Code     2  stm32f1xx_hal_can.o(i.HAL_CAN_TxMailbox1CompleteCallback)
    HAL_CAN_TxMailbox2AbortCallback          0x08002745   Thumb Code     2  stm32f1xx_hal_can.o(i.HAL_CAN_TxMailbox2AbortCallback)
    HAL_CAN_TxMailbox2CompleteCallback       0x08002747   Thumb Code     2  stm32f1xx_hal_can.o(i.HAL_CAN_TxMailbox2CompleteCallback)
    HAL_CAN_WakeUpFromRxMsgCallback          0x08002749   Thumb Code     2  stm32f1xx_hal_can.o(i.HAL_CAN_WakeUpFromRxMsgCallback)
    HAL_GPIO_Init                            0x0800274d   Thumb Code   766  stm32f1xx_hal_gpio.o(i.HAL_GPIO_Init)
    HAL_GetTick                              0x08002a6d   Thumb Code     6  stm32f1xx_hal.o(i.HAL_GetTick)
    HAL_IncTick                              0x08002a79   Thumb Code    16  stm32f1xx_hal.o(i.HAL_IncTick)
    HAL_Init                                 0x08002a91   Thumb Code    34  stm32f1xx_hal.o(i.HAL_Init)
    HAL_InitTick                             0x08002ab9   Thumb Code   138  stm32f1xx_hal_timebase_tim.o(i.HAL_InitTick)
    HAL_MspInit                              0x08002b59   Thumb Code    86  stm32f1xx_hal_msp.o(i.HAL_MspInit)
    HAL_NVIC_EnableIRQ                       0x08002bb9   Thumb Code    32  stm32f1xx_hal_cortex.o(i.HAL_NVIC_EnableIRQ)
    HAL_NVIC_SetPriority                     0x08002bd9   Thumb Code   124  stm32f1xx_hal_cortex.o(i.HAL_NVIC_SetPriority)
    HAL_NVIC_SetPriorityGrouping             0x08002c55   Thumb Code    32  stm32f1xx_hal_cortex.o(i.HAL_NVIC_SetPriorityGrouping)
    HAL_RCC_ClockConfig                      0x08002c7d   Thumb Code   376  stm32f1xx_hal_rcc.o(i.HAL_RCC_ClockConfig)
    HAL_RCC_GetClockConfig                   0x08002e09   Thumb Code    58  stm32f1xx_hal_rcc.o(i.HAL_RCC_GetClockConfig)
    HAL_RCC_GetHCLKFreq                      0x08002e4d   Thumb Code     6  stm32f1xx_hal_rcc.o(i.HAL_RCC_GetHCLKFreq)
    HAL_RCC_GetPCLK2Freq                     0x08002e59   Thumb Code    22  stm32f1xx_hal_rcc.o(i.HAL_RCC_GetPCLK2Freq)
    HAL_RCC_GetSysClockFreq                  0x08002e79   Thumb Code   116  stm32f1xx_hal_rcc.o(i.HAL_RCC_GetSysClockFreq)
    HAL_RCC_OscConfig                        0x08002f0d   Thumb Code  1114  stm32f1xx_hal_rcc.o(i.HAL_RCC_OscConfig)
    HAL_TIMEx_BreakCallback                  0x08003371   Thumb Code     2  stm32f1xx_hal_tim_ex.o(i.HAL_TIMEx_BreakCallback)
    HAL_TIMEx_CommutCallback                 0x08003373   Thumb Code     2  stm32f1xx_hal_tim_ex.o(i.HAL_TIMEx_CommutCallback)
    HAL_TIM_Base_Init                        0x08003375   Thumb Code   102  stm32f1xx_hal_tim.o(i.HAL_TIM_Base_Init)
    HAL_TIM_Base_MspInit                     0x080033db   Thumb Code     2  stm32f1xx_hal_tim.o(i.HAL_TIM_Base_MspInit)
    HAL_TIM_Base_Start_IT                    0x080033dd   Thumb Code   106  stm32f1xx_hal_tim.o(i.HAL_TIM_Base_Start_IT)
    HAL_TIM_IC_CaptureCallback               0x08003455   Thumb Code     2  stm32f1xx_hal_tim.o(i.HAL_TIM_IC_CaptureCallback)
    HAL_TIM_IRQHandler                       0x08003457   Thumb Code   406  stm32f1xx_hal_tim.o(i.HAL_TIM_IRQHandler)
    HAL_TIM_OC_DelayElapsedCallback          0x080035ed   Thumb Code     2  stm32f1xx_hal_tim.o(i.HAL_TIM_OC_DelayElapsedCallback)
    HAL_TIM_PWM_PulseFinishedCallback        0x080035ef   Thumb Code     2  stm32f1xx_hal_tim.o(i.HAL_TIM_PWM_PulseFinishedCallback)
    HAL_TIM_PeriodElapsedCallback            0x080035f1   Thumb Code    18  main.o(i.HAL_TIM_PeriodElapsedCallback)
    HAL_TIM_TriggerCallback                  0x08003609   Thumb Code     2  stm32f1xx_hal_tim.o(i.HAL_TIM_TriggerCallback)
    HardFault_Handler                        0x0800360b   Thumb Code     4  stm32f1xx_it.o(i.HardFault_Handler)
    LL_GPIO_Init                             0x08003649   Thumb Code   296  stm32f1xx_ll_gpio.o(i.LL_GPIO_Init)
    LL_RCC_GetSystemClocksFreq               0x08003779   Thumb Code    36  stm32f1xx_ll_rcc.o(i.LL_RCC_GetSystemClocksFreq)
    LL_USART_Init                            0x080037b9   Thumb Code   134  stm32f1xx_ll_usart.o(i.LL_USART_Init)
    MKS2_CAN_Init                            0x080038f5   Thumb Code    10  can.o(i.MKS2_CAN_Init)
    MNP_PutMessage                           0x08003ab5   Thumb Code    78  mnp_msg.o(i.MNP_PutMessage)
    MNP_Reset                                0x08003b03   Thumb Code    42  mnp_msg.o(i.MNP_Reset)
    MNP_UART_MSG_Puts                        0x08003b2d   Thumb Code    26  usart.o(i.MNP_UART_MSG_Puts)
    MNP_UART_PutByte                         0x08003b49   Thumb Code    22  usart.o(i.MNP_UART_PutByte)
    MX_CAN_Init                              0x08003b65   Thumb Code   248  can.o(i.MX_CAN_Init)
    MX_FREERTOS_Init                         0x08003c6d   Thumb Code   150  freertos.o(i.MX_FREERTOS_Init)
    MX_GPIO_Init                             0x08003d21   Thumb Code    74  gpio.o(i.MX_GPIO_Init)
    MX_USART1_UART_Init                      0x08003d75   Thumb Code   360  usart.o(i.MX_USART1_UART_Init)
    MX_USART2_UART_Init                      0x08003efd   Thumb Code   144  usart.o(i.MX_USART2_UART_Init)
    MemManage_Handler                        0x08003f99   Thumb Code     4  stm32f1xx_it.o(i.MemManage_Handler)
    NMI_Handler                              0x08003f9d   Thumb Code     4  stm32f1xx_it.o(i.NMI_Handler)
    Parse_GPS_msg                            0x08003fa1   Thumb Code    82  freertos.o(i.Parse_GPS_msg)
    RCC_GetHCLKClockFreq                     0x0800434d   Thumb Code    24  stm32f1xx_ll_rcc.o(i.RCC_GetHCLKClockFreq)
    RCC_GetPCLK1ClockFreq                    0x0800436d   Thumb Code    26  stm32f1xx_ll_rcc.o(i.RCC_GetPCLK1ClockFreq)
    RCC_GetPCLK2ClockFreq                    0x08004391   Thumb Code    26  stm32f1xx_ll_rcc.o(i.RCC_GetPCLK2ClockFreq)
    RCC_GetSystemClockFreq                   0x080043b5   Thumb Code    52  stm32f1xx_ll_rcc.o(i.RCC_GetSystemClockFreq)
    RCC_PLL_GetFreqDomain_SYS                0x080043f1   Thumb Code    76  stm32f1xx_ll_rcc.o(i.RCC_PLL_GetFreqDomain_SYS)
    RING_Clear                               0x08004449   Thumb Code    20  ring_buffer.o(i.RING_Clear)
    RING_GetCount                            0x0800445d   Thumb Code    36  ring_buffer.o(i.RING_GetCount)
    RING_Init                                0x08004481   Thumb Code    30  ring_buffer.o(i.RING_Init)
    RING_Pop                                 0x0800449f   Thumb Code    26  ring_buffer.o(i.RING_Pop)
    RING_Put                                 0x080044b9   Thumb Code    24  ring_buffer.o(i.RING_Put)
    Send_Message_A1                          0x080044d1   Thumb Code   140  can.o(i.Send_Message_A1)
    Set_GNSS_interval                        0x08004569   Thumb Code    78  mnp_msg.o(i.Set_GNSS_interval)
    StartDefaultTask                         0x080045b9   Thumb Code    40  freertos.o(i.StartDefaultTask)
    Switch_Led                               0x080045e5   Thumb Code    72  freertos.o(i.Switch_Led)
    SysTick_Handler                          0x08004635   Thumb Code    46  port.o(i.SysTick_Handler)
    SystemClock_Config                       0x08004669   Thumb Code   102  main.o(i.SystemClock_Config)
    SystemInit                               0x080046cf   Thumb Code     2  system_stm32f1xx.o(i.SystemInit)
    TIM1_UP_IRQHandler                       0x080046d1   Thumb Code    10  stm32f1xx_it.o(i.TIM1_UP_IRQHandler)
    TIM3_IRQHandler                          0x080046e1   Thumb Code     2  stm32f1xx_it.o(i.TIM3_IRQHandler)
    TIM_Base_SetConfig                       0x080046e5   Thumb Code   104  stm32f1xx_hal_tim.o(i.TIM_Base_SetConfig)
    UART2_PutByte                            0x08004759   Thumb Code    22  usart.o(i.UART2_PutByte)
    UART2_PutString                          0x08004775   Thumb Code    22  usart.o(i.UART2_PutString)
    UART_CharReception_Callback              0x0800478d   Thumb Code    22  usart.o(i.UART_CharReception_Callback)
    USART1_IRQHandler                        0x080047ad   Thumb Code   188  stm32f1xx_it.o(i.USART1_IRQHandler)
    USB_LP_CAN1_RX0_IRQHandler               0x0800489d   Thumb Code    10  stm32f1xx_it.o(i.USB_LP_CAN1_RX0_IRQHandler)
    UsageFault_Handler                       0x080048ad   Thumb Code     4  stm32f1xx_it.o(i.UsageFault_Handler)
    __ARM_fpclassify                         0x080048b1   Thumb Code    40  fpclassify.o(i.__ARM_fpclassify)
    _is_digit                                0x08004911   Thumb Code    14  __printf_wp.o(i._is_digit)
    cmp_date                                 0x0800491f   Thumb Code   162  time64.o(i.cmp_date)
    copy_TM64_to_tm                          0x080049c1   Thumb Code    30  time64.o(i.copy_TM64_to_tm)
    copy_tm_to_TM64                          0x080049df   Thumb Code    30  time64.o(i.copy_tm_to_TM64)
    date_in_safe_range                       0x08004a5b   Thumb Code    44  time64.o(i.date_in_safe_range)
    main                                     0x08004ad7   Thumb Code    40  main.o(i.main)
    mktime64                                 0x08004b0d   Thumb Code   148  time64.o(i.mktime64)
    osDelay                                  0x08004ba9   Thumb Code    24  cmsis_os.o(i.osDelay)
    osDelayUntil                             0x08004bc1   Thumb Code    28  cmsis_os.o(i.osDelayUntil)
    osKernelStart                            0x08004bdd   Thumb Code    10  cmsis_os.o(i.osKernelStart)
    osKernelSysTick                          0x08004be7   Thumb Code    20  cmsis_os.o(i.osKernelSysTick)
    osProgTimerGPSCfgCallback                0x08004bfd   Thumb Code    58  freertos.o(i.osProgTimerGPSCfgCallback)
    osProgTimerGPSResetCallback              0x08004c45   Thumb Code    30  freertos.o(i.osProgTimerGPSResetCallback)
    osProgTimerGPSUARTTimeoutCallback        0x08004c71   Thumb Code    30  freertos.o(i.osProgTimerGPSUARTTimeoutCallback)
    osThreadCreate                           0x08004ca9   Thumb Code    94  cmsis_os.o(i.osThreadCreate)
    osTimerCreate                            0x08004d09   Thumb Code    72  cmsis_os.o(i.osTimerCreate)
    osTimerStart                             0x08004d55   Thumb Code   100  cmsis_os.o(i.osTimerStart)
    pvPortMalloc                             0x080057b5   Thumb Code   296  heap_4.o(i.pvPortMalloc)
    pxPortInitialiseStack                    0x080058f1   Thumb Code    30  port.o(i.pxPortInitialiseStack)
    uxListRemove                             0x08005c75   Thumb Code    40  list.o(i.uxListRemove)
    vApplicationGetIdleTaskMemory            0x08005c9d   Thumb Code    14  freertos.o(i.vApplicationGetIdleTaskMemory)
    vApplicationGetTimerTaskMemory           0x08005cb5   Thumb Code    16  freertos.o(i.vApplicationGetTimerTaskMemory)
    vListInitialise                          0x08005ccd   Thumb Code    26  list.o(i.vListInitialise)
    vListInitialiseItem                      0x08005ce7   Thumb Code     6  list.o(i.vListInitialiseItem)
    vListInsert                              0x08005ced   Thumb Code    52  list.o(i.vListInsert)
    vListInsertEnd                           0x08005d21   Thumb Code    24  list.o(i.vListInsertEnd)
    vPortEnterCritical                       0x08005d39   Thumb Code    76  port.o(i.vPortEnterCritical)
    vPortExitCritical                        0x08005d8d   Thumb Code    56  port.o(i.vPortExitCritical)
    vPortFree                                0x08005dc9   Thumb Code   140  heap_4.o(i.vPortFree)
    vPortSetupTimerInterrupt                 0x08005e5d   Thumb Code    36  port.o(i.vPortSetupTimerInterrupt)
    vPortValidateInterruptPriority           0x08005e85   Thumb Code   106  port.o(i.vPortValidateInterruptPriority)
    vQueueAddToRegistry                      0x08005efd   Thumb Code    38  queue.o(i.vQueueAddToRegistry)
    vQueueWaitForMessageRestricted           0x08005f29   Thumb Code    74  queue.o(i.vQueueWaitForMessageRestricted)
    vTaskDelay                               0x08005f75   Thumb Code    82  tasks.o(i.vTaskDelay)
    vTaskDelayUntil                          0x08005fd1   Thumb Code   200  tasks.o(i.vTaskDelayUntil)
    vTaskInternalSetTimeOutState             0x080060a5   Thumb Code    14  tasks.o(i.vTaskInternalSetTimeOutState)
    vTaskMissedYield                         0x080060bd   Thumb Code     8  tasks.o(i.vTaskMissedYield)
    vTaskPlaceOnEventList                    0x080060c9   Thumb Code    52  tasks.o(i.vTaskPlaceOnEventList)
    vTaskPlaceOnEventListRestricted          0x08006101   Thumb Code    60  tasks.o(i.vTaskPlaceOnEventListRestricted)
    vTaskStartScheduler                      0x08006141   Thumb Code   156  tasks.o(i.vTaskStartScheduler)
    vTaskSuspendAll                          0x080061f9   Thumb Code    12  tasks.o(i.vTaskSuspendAll)
    vTaskSwitchContext                       0x08006209   Thumb Code   118  tasks.o(i.vTaskSwitchContext)
    xPortStartScheduler                      0x08006295   Thumb Code   228  port.o(i.xPortStartScheduler)
    xQueueGenericCreateStatic                0x0800638d   Thumb Code   222  queue.o(i.xQueueGenericCreateStatic)
    xQueueGenericReset                       0x0800646d   Thumb Code   146  queue.o(i.xQueueGenericReset)
    xQueueGenericSend                        0x08006505   Thumb Code   420  queue.o(i.xQueueGenericSend)
    xQueueGenericSendFromISR                 0x080066ad   Thumb Code   248  queue.o(i.xQueueGenericSendFromISR)
    xQueueReceive                            0x080067a5   Thumb Code   356  queue.o(i.xQueueReceive)
    xTaskCheckForTimeOut                     0x0800690d   Thumb Code   132  tasks.o(i.xTaskCheckForTimeOut)
    xTaskCreate                              0x08006999   Thumb Code   100  tasks.o(i.xTaskCreate)
    xTaskCreateStatic                        0x080069fd   Thumb Code   184  tasks.o(i.xTaskCreateStatic)
    xTaskGetSchedulerState                   0x08006ab5   Thumb Code    24  tasks.o(i.xTaskGetSchedulerState)
    xTaskGetTickCount                        0x08006ad5   Thumb Code     6  tasks.o(i.xTaskGetTickCount)
    xTaskGetTickCountFromISR                 0x08006ae1   Thumb Code    16  tasks.o(i.xTaskGetTickCountFromISR)
    xTaskIncrementTick                       0x08006af5   Thumb Code   282  tasks.o(i.xTaskIncrementTick)
    xTaskPriorityDisinherit                  0x08006c3d   Thumb Code   188  tasks.o(i.xTaskPriorityDisinherit)
    xTaskRemoveFromEventList                 0x08006d05   Thumb Code   128  tasks.o(i.xTaskRemoveFromEventList)
    xTaskResumeAll                           0x08006d9d   Thumb Code   224  tasks.o(i.xTaskResumeAll)
    xTimerCreate                             0x08006ea1   Thumb Code    54  timers.o(i.xTimerCreate)
    xTimerCreateStatic                       0x08006ed7   Thumb Code   112  timers.o(i.xTimerCreateStatic)
    xTimerCreateTimerTask                    0x08006f49   Thumb Code   100  timers.o(i.xTimerCreateTimerTask)
    xTimerGenericCommand                     0x08006fc1   Thumb Code   126  timers.o(i.xTimerGenericCommand)
    _get_lc_numeric                          0x08007045   Thumb Code    44  lc_numeric_c.o(locale$$code)
    __fpl_dretinf                            0x08007071   Thumb Code    12  dretinf.o(x$fpl$dretinf)
    __aeabi_f2d                              0x0800707d   Thumb Code     0  f2d.o(x$fpl$f2d)
    _f2d                                     0x0800707d   Thumb Code    86  f2d.o(x$fpl$f2d)
    __fpl_fcmp_Inf                           0x080070d3   Thumb Code    24  fcmpi.o(x$fpl$fcmpinf)
    __aeabi_cfcmple                          0x080070ed   Thumb Code     0  fleqf.o(x$fpl$fleqf)
    _fcmple                                  0x080070ed   Thumb Code   104  fleqf.o(x$fpl$fleqf)
    __fpl_fcmple_InfNaN                      0x0800713f   Thumb Code     0  fleqf.o(x$fpl$fleqf)
    __fpl_fnaninf                            0x08007155   Thumb Code   140  fnaninf.o(x$fpl$fnaninf)
    _printf_fp_dec                           0x080071e1   Thumb Code     4  printf1.o(x$fpl$printf1)
    __I$use$fp                               0x080071e4   Number         0  usenofp.o(x$fpl$usenofp)
    AHBPrescTable                            0x0800727c   Data          16  system_stm32f1xx.o(.constdata)
    APBPrescTable                            0x0800728c   Data           8  system_stm32f1xx.o(.constdata)
    _monlen                                  0x08007435   Data          12  _monlen.o(.constdata)
    Region$$Table$$Base                      0x08007508   Number         0  anon$$obj.o(Region$$Table)
    Region$$Table$$Limit                     0x08007528   Number         0  anon$$obj.o(Region$$Table)
    MKS2                                     0x20000000   Data          22  mnp_msg.o(.data)
    MNP_GET_MSG                              0x20000018   Data         536  freertos.o(.data)
    MNP_M7_CFG                               0x20000230   Data           7  freertos.o(.data)
    osProgTimerGPSUARTTimeout                0x20000238   Data           4  freertos.o(.data)
    osProgTimerGPSCfg                        0x2000023c   Data           4  freertos.o(.data)
    osProgTimerGPSReset                      0x20000240   Data           4  freertos.o(.data)
    Task_Parse_GPS_msg_Handle                0x20000244   Data           4  freertos.o(.data)
    Task_Switch_Led_Handle                   0x20000248   Data           4  freertos.o(.data)
    defaultTaskHandle                        0x2000024c   Data           4  freertos.o(.data)
    uwTick                                   0x20000270   Data           4  stm32f1xx_hal.o(.data)
    uwTickPrio                               0x20000274   Data           4  stm32f1xx_hal.o(.data)
    uwTickFreq                               0x20000278   Data           1  stm32f1xx_hal.o(.data)
    SystemCoreClock                          0x2000027c   Data           4  system_stm32f1xx.o(.data)
    pxCurrentTCB                             0x20000280   Data           4  tasks.o(.data)
    MNP_PUT_MSG                              0x200002f8   Data         536  freertos.o(.bss)
    hcan                                     0x20000bf8   Data          40  can.o(.bss)
    buffer_TX_UART2                          0x20000c20   Data          80  usart.o(.bss)
    RING_buffer                              0x20000c70   Data          12  usart.o(.bss)
    uart_buffer                              0x20000c7c   Data         512  usart.o(.bss)
    htim1                                    0x20000e7c   Data          72  stm32f1xx_hal_timebase_tim.o(.bss)
    xQueueRegistry                           0x20000ec4   Data          64  queue.o(.bss)
    __libspace_start                         0x20001cdc   Data          96  libspace.o(.bss)
    __temporary_stack_top$libspace           0x20001d3c   Data           0  libspace.o(.bss)



==============================================================================

Memory Map of the image

  Image Entry point : 0x080000ed

  Load Region LR_IROM1 (Base: 0x08000000, Size: 0x00007838, Max: 0x00010000, ABSOLUTE, COMPRESSED[0x0000756c])

    Execution Region ER_IROM1 (Exec base: 0x08000000, Load base: 0x08000000, Size: 0x00007544, Max: 0x00010000, ABSOLUTE)

    Exec Addr    Load Addr    Size         Type   Attr      Idx    E Section Name        Object

    0x08000000   0x08000000   0x000000ec   Data   RO            3    RESET               startup_stm32f103xb.o
    0x080000ec   0x080000ec   0x00000008   Code   RO         5627  * !!!main             c_w.l(__main.o)
    0x080000f4   0x080000f4   0x00000034   Code   RO         5878    !!!scatter          c_w.l(__scatter.o)
    0x08000128   0x08000128   0x0000005a   Code   RO         5876    !!dczerorl2         c_w.l(__dczerorl2.o)
    0x08000182   0x08000182   0x00000002   PAD
    0x08000184   0x08000184   0x0000001c   Code   RO         5880    !!handler_zi        c_w.l(__scatter_zi.o)
    0x080001a0   0x080001a0   0x00000000   Code   RO         5603    .ARM.Collect$$_printf_percent$$00000000  c_w.l(_printf_percent.o)
    0x080001a0   0x080001a0   0x00000006   Code   RO         5602    .ARM.Collect$$_printf_percent$$00000003  c_w.l(_printf_f.o)
    0x080001a6   0x080001a6   0x00000006   Code   RO         5600    .ARM.Collect$$_printf_percent$$00000009  c_w.l(_printf_d.o)
    0x080001ac   0x080001ac   0x00000006   Code   RO         5601    .ARM.Collect$$_printf_percent$$0000000A  c_w.l(_printf_u.o)
    0x080001b2   0x080001b2   0x00000006   Code   RO         5599    .ARM.Collect$$_printf_percent$$0000000C  c_w.l(_printf_x.o)
    0x080001b8   0x080001b8   0x00000004   Code   RO         5648    .ARM.Collect$$_printf_percent$$00000017  c_w.l(_printf_percent_end.o)
    0x080001bc   0x080001bc   0x00000002   Code   RO         5756    .ARM.Collect$$libinit$$00000000  c_w.l(libinit.o)
    0x080001be   0x080001be   0x00000000   Code   RO         5758    .ARM.Collect$$libinit$$00000002  c_w.l(libinit2.o)
    0x080001be   0x080001be   0x00000000   Code   RO         5760    .ARM.Collect$$libinit$$00000004  c_w.l(libinit2.o)
    0x080001be   0x080001be   0x00000000   Code   RO         5763    .ARM.Collect$$libinit$$0000000A  c_w.l(libinit2.o)
    0x080001be   0x080001be   0x00000000   Code   RO         5765    .ARM.Collect$$libinit$$0000000C  c_w.l(libinit2.o)
    0x080001be   0x080001be   0x00000000   Code   RO         5767    .ARM.Collect$$libinit$$0000000E  c_w.l(libinit2.o)
    0x080001be   0x080001be   0x00000006   Code   RO         5768    .ARM.Collect$$libinit$$0000000F  c_w.l(libinit2.o)
    0x080001c4   0x080001c4   0x00000000   Code   RO         5770    .ARM.Collect$$libinit$$00000011  c_w.l(libinit2.o)
    0x080001c4   0x080001c4   0x00000000   Code   RO         5772    .ARM.Collect$$libinit$$00000013  c_w.l(libinit2.o)
    0x080001c4   0x080001c4   0x00000000   Code   RO         5774    .ARM.Collect$$libinit$$00000015  c_w.l(libinit2.o)
    0x080001c4   0x080001c4   0x0000000a   Code   RO         5775    .ARM.Collect$$libinit$$00000016  c_w.l(libinit2.o)
    0x080001ce   0x080001ce   0x00000000   Code   RO         5776    .ARM.Collect$$libinit$$00000017  c_w.l(libinit2.o)
    0x080001ce   0x080001ce   0x00000000   Code   RO         5778    .ARM.Collect$$libinit$$00000019  c_w.l(libinit2.o)
    0x080001ce   0x080001ce   0x00000000   Code   RO         5780    .ARM.Collect$$libinit$$0000001B  c_w.l(libinit2.o)
    0x080001ce   0x080001ce   0x00000000   Code   RO         5782    .ARM.Collect$$libinit$$0000001D  c_w.l(libinit2.o)
    0x080001ce   0x080001ce   0x00000000   Code   RO         5784    .ARM.Collect$$libinit$$0000001F  c_w.l(libinit2.o)
    0x080001ce   0x080001ce   0x00000000   Code   RO         5786    .ARM.Collect$$libinit$$00000021  c_w.l(libinit2.o)
    0x080001ce   0x080001ce   0x00000000   Code   RO         5788    .ARM.Collect$$libinit$$00000023  c_w.l(libinit2.o)
    0x080001ce   0x080001ce   0x00000000   Code   RO         5790    .ARM.Collect$$libinit$$00000025  c_w.l(libinit2.o)
    0x080001ce   0x080001ce   0x00000000   Code   RO         5794    .ARM.Collect$$libinit$$0000002C  c_w.l(libinit2.o)
    0x080001ce   0x080001ce   0x00000000   Code   RO         5796    .ARM.Collect$$libinit$$0000002E  c_w.l(libinit2.o)
    0x080001ce   0x080001ce   0x00000000   Code   RO         5798    .ARM.Collect$$libinit$$00000030  c_w.l(libinit2.o)
    0x080001ce   0x080001ce   0x00000000   Code   RO         5800    .ARM.Collect$$libinit$$00000032  c_w.l(libinit2.o)
    0x080001ce   0x080001ce   0x00000002   Code   RO         5801    .ARM.Collect$$libinit$$00000033  c_w.l(libinit2.o)
    0x080001d0   0x080001d0   0x00000002   Code   RO         5855    .ARM.Collect$$libshutdown$$00000000  c_w.l(libshutdown.o)
    0x080001d2   0x080001d2   0x00000000   Code   RO         5857    .ARM.Collect$$libshutdown$$00000002  c_w.l(libshutdown2.o)
    0x080001d2   0x080001d2   0x00000000   Code   RO         5859    .ARM.Collect$$libshutdown$$00000004  c_w.l(libshutdown2.o)
    0x080001d2   0x080001d2   0x00000000   Code   RO         5861    .ARM.Collect$$libshutdown$$00000006  c_w.l(libshutdown2.o)
    0x080001d2   0x080001d2   0x00000000   Code   RO         5864    .ARM.Collect$$libshutdown$$00000009  c_w.l(libshutdown2.o)
    0x080001d2   0x080001d2   0x00000000   Code   RO         5867    .ARM.Collect$$libshutdown$$0000000C  c_w.l(libshutdown2.o)
    0x080001d2   0x080001d2   0x00000000   Code   RO         5869    .ARM.Collect$$libshutdown$$0000000E  c_w.l(libshutdown2.o)
    0x080001d2   0x080001d2   0x00000000   Code   RO         5872    .ARM.Collect$$libshutdown$$00000011  c_w.l(libshutdown2.o)
    0x080001d2   0x080001d2   0x00000002   Code   RO         5873    .ARM.Collect$$libshutdown$$00000012  c_w.l(libshutdown2.o)
    0x080001d4   0x080001d4   0x00000000   Code   RO         5635    .ARM.Collect$$rtentry$$00000000  c_w.l(__rtentry.o)
    0x080001d4   0x080001d4   0x00000000   Code   RO         5666    .ARM.Collect$$rtentry$$00000002  c_w.l(__rtentry2.o)
    0x080001d4   0x080001d4   0x00000006   Code   RO         5678    .ARM.Collect$$rtentry$$00000004  c_w.l(__rtentry4.o)
    0x080001da   0x080001da   0x00000000   Code   RO         5668    .ARM.Collect$$rtentry$$00000009  c_w.l(__rtentry2.o)
    0x080001da   0x080001da   0x00000004   Code   RO         5669    .ARM.Collect$$rtentry$$0000000A  c_w.l(__rtentry2.o)
    0x080001de   0x080001de   0x00000000   Code   RO         5671    .ARM.Collect$$rtentry$$0000000C  c_w.l(__rtentry2.o)
    0x080001de   0x080001de   0x00000008   Code   RO         5672    .ARM.Collect$$rtentry$$0000000D  c_w.l(__rtentry2.o)
    0x080001e6   0x080001e6   0x00000002   Code   RO         5802    .ARM.Collect$$rtexit$$00000000  c_w.l(rtexit.o)
    0x080001e8   0x080001e8   0x00000000   Code   RO         5817    .ARM.Collect$$rtexit$$00000002  c_w.l(rtexit2.o)
    0x080001e8   0x080001e8   0x00000004   Code   RO         5818    .ARM.Collect$$rtexit$$00000003  c_w.l(rtexit2.o)
    0x080001ec   0x080001ec   0x00000006   Code   RO         5819    .ARM.Collect$$rtexit$$00000004  c_w.l(rtexit2.o)
    0x080001f2   0x080001f2   0x00000002   PAD
    0x080001f4   0x080001f4   0x00000096   Code   RO         5291    .emb_text           port.o
    0x0800028a   0x0800028a   0x00000002   PAD
    0x0800028c   0x0800028c   0x00000040   Code   RO            4    .text               startup_stm32f103xb.o
    0x080002cc   0x080002cc   0x00000048   Code   RO         5543    .text               c_w.l(llsdiv.o)
    0x08000314   0x08000314   0x00000028   Code   RO         5547    .text               c_w.l(noretval__2sprintf.o)
    0x0800033c   0x0800033c   0x00000078   Code   RO         5555    .text               c_w.l(_printf_dec.o)
    0x080003b4   0x080003b4   0x00000058   Code   RO         5560    .text               c_w.l(_printf_hex_int.o)
    0x0800040c   0x0800040c   0x00000138   Code   RO         5590    .text               c_w.l(__printf_flags_wp.o)
    0x08000544   0x08000544   0x00000080   Code   RO         5604    .text               c_w.l(assert.o)
    0x080005c4   0x080005c4   0x0000008a   Code   RO         5606    .text               c_w.l(rt_memcpy_v6.o)
    0x0800064e   0x0800064e   0x00000064   Code   RO         5608    .text               c_w.l(rt_memcpy_w.o)
    0x080006b2   0x080006b2   0x00000044   Code   RO         5612    .text               c_w.l(rt_memclr.o)
    0x080006f6   0x080006f6   0x0000004e   Code   RO         5614    .text               c_w.l(rt_memclr_w.o)
    0x08000744   0x08000744   0x000001ac   Code   RO         5621    .text               c_w.l(mktime.o)
    0x080008f0   0x080008f0   0x00000006   Code   RO         5625    .text               c_w.l(heapauxi.o)
    0x080008f6   0x080008f6   0x000000ee   Code   RO         5636    .text               c_w.l(lludivv7m.o)
    0x080009e4   0x080009e4   0x000000b2   Code   RO         5638    .text               c_w.l(_printf_intcommon.o)
    0x08000a96   0x08000a96   0x0000041e   Code   RO         5640    .text               c_w.l(_printf_fp_dec.o)
    0x08000eb4   0x08000eb4   0x00000030   Code   RO         5642    .text               c_w.l(_printf_char_common.o)
    0x08000ee4   0x08000ee4   0x0000000a   Code   RO         5644    .text               c_w.l(_sputc.o)
    0x08000eee   0x08000eee   0x00000016   Code   RO         5649    .text               c_w.l(abort.o)
    0x08000f04   0x08000f04   0x00000014   Code   RO         5651    .text               c_w.l(assert_puts.o)
    0x08000f18   0x08000f18   0x0000000e   Code   RO         5661    .text               c_w.l(sys_wrch.o)
    0x08000f26   0x08000f26   0x00000002   PAD
    0x08000f28   0x08000f28   0x0000000c   Code   RO         5663    .text               c_w.l(sys_exit.o)
    0x08000f34   0x08000f34   0x00000008   Code   RO         5687    .text               c_w.l(rt_locale_intlibspace.o)
    0x08000f3c   0x08000f3c   0x0000008a   Code   RO         5689    .text               c_w.l(lludiv10.o)
    0x08000fc6   0x08000fc6   0x00000002   PAD
    0x08000fc8   0x08000fc8   0x00000080   Code   RO         5691    .text               c_w.l(_printf_fp_infnan.o)
    0x08001048   0x08001048   0x000000e4   Code   RO         5695    .text               c_w.l(bigflt0.o)
    0x0800112c   0x0800112c   0x0000000e   Code   RO         5723    .text               c_w.l(defsig_abrt_outer.o)
    0x0800113a   0x0800113a   0x00000002   PAD
    0x0800113c   0x0800113c   0x00000008   Code   RO         5731    .text               c_w.l(libspace.o)
    0x08001144   0x08001144   0x00000002   Code   RO         5734    .text               c_w.l(use_no_semi.o)
    0x08001146   0x08001146   0x00000000   Code   RO         5736    .text               c_w.l(indicate_semi.o)
    0x08001146   0x08001146   0x0000004a   Code   RO         5737    .text               c_w.l(sys_stackheap_outer.o)
    0x08001190   0x08001190   0x00000012   Code   RO         5743    .text               c_w.l(exit.o)
    0x080011a2   0x080011a2   0x0000000a   Code   RO         5745    .text               c_w.l(defsig_exit.o)
    0x080011ac   0x080011ac   0x00000030   Code   RO         5747    .text               c_w.l(defsig_abrt_inner.o)
    0x080011dc   0x080011dc   0x00000080   Code   RO         5749    .text               c_w.l(strcmpv7m.o)
    0x0800125c   0x0800125c   0x00000032   Code   RO         5806    .text               c_w.l(defsig_general.o)
    0x0800128e   0x0800128e   0x0000003e   Code   RO         5698    CL$$btod_d2e        c_w.l(btod.o)
    0x080012cc   0x080012cc   0x00000046   Code   RO         5700    CL$$btod_d2e_denorm_low  c_w.l(btod.o)
    0x08001312   0x08001312   0x00000060   Code   RO         5699    CL$$btod_d2e_norm_op1  c_w.l(btod.o)
    0x08001372   0x08001372   0x00000338   Code   RO         5708    CL$$btod_div_common  c_w.l(btod.o)
    0x080016aa   0x080016aa   0x000000dc   Code   RO         5705    CL$$btod_e2e        c_w.l(btod.o)
    0x08001786   0x08001786   0x0000002a   Code   RO         5702    CL$$btod_ediv       c_w.l(btod.o)
    0x080017b0   0x080017b0   0x0000002a   Code   RO         5701    CL$$btod_emul       c_w.l(btod.o)
    0x080017da   0x080017da   0x00000244   Code   RO         5707    CL$$btod_mult_common  c_w.l(btod.o)
    0x08001a1e   0x08001a1e   0x00000004   Code   RO          910    i.BusFault_Handler  stm32f1xx_it.o
    0x08001a22   0x08001a22   0x00000002   PAD
    0x08001a24   0x08001a24   0x00000010   Code   RO          911    i.CAN1_RX1_IRQHandler  stm32f1xx_it.o
    0x08001a34   0x08001a34   0x00000010   Code   RO          912    i.CAN1_SCE_IRQHandler  stm32f1xx_it.o
    0x08001a44   0x08001a44   0x00000080   Code   RO          665    i.CAN1_Send_Message  can.o
    0x08001ac4   0x08001ac4   0x00000002   Code   RO          913    i.DebugMon_Handler  stm32f1xx_it.o
    0x08001ac6   0x08001ac6   0x00000006   Code   RO          436    i.Error_Handler     main.o
    0x08001acc   0x08001acc   0x0000000c   Code   RO           13    i.GPS_Init          mnp_msg.o
    0x08001ad8   0x08001ad8   0x00000128   Code   RO           15    i.GPS_Read_Data     mnp_msg.o
    0x08001c00   0x08001c00   0x0000004c   Code   RO           16    i.GPS_wait_data_Callback  mnp_msg.o
    0x08001c4c   0x08001c4c   0x00000004   Code   RO          280    i.Get_Module_Address  pins.o
    0x08001c50   0x08001c50   0x0000002a   Code   RO         1163    i.HAL_CAN_ActivateNotification  stm32f1xx_hal_can.o
    0x08001c7a   0x08001c7a   0x00000156   Code   RO         1164    i.HAL_CAN_AddTxMessage  stm32f1xx_hal_can.o
    0x08001dd0   0x08001dd0   0x0000010a   Code   RO         1165    i.HAL_CAN_ConfigFilter  stm32f1xx_hal_can.o
    0x08001eda   0x08001eda   0x00000002   PAD
    0x08001edc   0x08001edc   0x00000038   Code   RO          666    i.HAL_CAN_ErrorCallback  can.o
    0x08001f14   0x08001f14   0x00000006   Code   RO         1169    i.HAL_CAN_GetError  stm32f1xx_hal_can.o
    0x08001f1a   0x08001f1a   0x0000017a   Code   RO         1171    i.HAL_CAN_GetRxMessage  stm32f1xx_hal_can.o
    0x08002094   0x08002094   0x00000036   Code   RO         1173    i.HAL_CAN_GetTxMailboxesFreeLevel  stm32f1xx_hal_can.o
    0x080020ca   0x080020ca   0x0000024e   Code   RO         1175    i.HAL_CAN_IRQHandler  stm32f1xx_hal_can.o
    0x08002318   0x08002318   0x00000174   Code   RO         1176    i.HAL_CAN_Init      stm32f1xx_hal_can.o
    0x0800248c   0x0800248c   0x000000b8   Code   RO          668    i.HAL_CAN_MspInit   can.o
    0x08002544   0x08002544   0x00000028   Code   RO          669    i.HAL_CAN_RxFifo0FullCallback  can.o
    0x0800256c   0x0800256c   0x000000a4   Code   RO          670    i.HAL_CAN_RxFifo0MsgPendingCallback  can.o
    0x08002610   0x08002610   0x00000028   Code   RO          671    i.HAL_CAN_RxFifo1FullCallback  can.o
    0x08002638   0x08002638   0x000000a4   Code   RO          672    i.HAL_CAN_RxFifo1MsgPendingCallback  can.o
    0x080026dc   0x080026dc   0x00000002   Code   RO         1187    i.HAL_CAN_SleepCallback  stm32f1xx_hal_can.o
    0x080026de   0x080026de   0x0000005e   Code   RO         1188    i.HAL_CAN_Start     stm32f1xx_hal_can.o
    0x0800273c   0x0800273c   0x00000002   Code   RO         1190    i.HAL_CAN_TxMailbox0AbortCallback  stm32f1xx_hal_can.o
    0x0800273e   0x0800273e   0x00000002   Code   RO         1191    i.HAL_CAN_TxMailbox0CompleteCallback  stm32f1xx_hal_can.o
    0x08002740   0x08002740   0x00000002   Code   RO         1192    i.HAL_CAN_TxMailbox1AbortCallback  stm32f1xx_hal_can.o
    0x08002742   0x08002742   0x00000002   Code   RO         1193    i.HAL_CAN_TxMailbox1CompleteCallback  stm32f1xx_hal_can.o
    0x08002744   0x08002744   0x00000002   Code   RO         1194    i.HAL_CAN_TxMailbox2AbortCallback  stm32f1xx_hal_can.o
    0x08002746   0x08002746   0x00000002   Code   RO         1195    i.HAL_CAN_TxMailbox2CompleteCallback  stm32f1xx_hal_can.o
    0x08002748   0x08002748   0x00000002   Code   RO         1197    i.HAL_CAN_WakeUpFromRxMsgCallback  stm32f1xx_hal_can.o
    0x0800274a   0x0800274a   0x00000002   PAD
    0x0800274c   0x0800274c   0x00000320   Code   RO         1716    i.HAL_GPIO_Init     stm32f1xx_hal_gpio.o
    0x08002a6c   0x08002a6c   0x0000000c   Code   RO         1407    i.HAL_GetTick       stm32f1xx_hal.o
    0x08002a78   0x08002a78   0x00000018   Code   RO         1413    i.HAL_IncTick       stm32f1xx_hal.o
    0x08002a90   0x08002a90   0x00000028   Code   RO         1414    i.HAL_Init          stm32f1xx_hal.o
    0x08002ab8   0x08002ab8   0x000000a0   Code   RO         1035    i.HAL_InitTick      stm32f1xx_hal_timebase_tim.o
    0x08002b58   0x08002b58   0x00000060   Code   RO         1009    i.HAL_MspInit       stm32f1xx_hal_msp.o
    0x08002bb8   0x08002bb8   0x00000020   Code   RO         1876    i.HAL_NVIC_EnableIRQ  stm32f1xx_hal_cortex.o
    0x08002bd8   0x08002bd8   0x0000007c   Code   RO         1882    i.HAL_NVIC_SetPriority  stm32f1xx_hal_cortex.o
    0x08002c54   0x08002c54   0x00000028   Code   RO         1883    i.HAL_NVIC_SetPriorityGrouping  stm32f1xx_hal_cortex.o
    0x08002c7c   0x08002c7c   0x0000018c   Code   RO         1571    i.HAL_RCC_ClockConfig  stm32f1xx_hal_rcc.o
    0x08002e08   0x08002e08   0x00000044   Code   RO         1575    i.HAL_RCC_GetClockConfig  stm32f1xx_hal_rcc.o
    0x08002e4c   0x08002e4c   0x0000000c   Code   RO         1576    i.HAL_RCC_GetHCLKFreq  stm32f1xx_hal_rcc.o
    0x08002e58   0x08002e58   0x00000020   Code   RO         1579    i.HAL_RCC_GetPCLK2Freq  stm32f1xx_hal_rcc.o
    0x08002e78   0x08002e78   0x00000094   Code   RO         1580    i.HAL_RCC_GetSysClockFreq  stm32f1xx_hal_rcc.o
    0x08002f0c   0x08002f0c   0x00000464   Code   RO         1583    i.HAL_RCC_OscConfig  stm32f1xx_hal_rcc.o
    0x08003370   0x08003370   0x00000002   Code   RO         3371    i.HAL_TIMEx_BreakCallback  stm32f1xx_hal_tim_ex.o
    0x08003372   0x08003372   0x00000002   Code   RO         3372    i.HAL_TIMEx_CommutCallback  stm32f1xx_hal_tim_ex.o
    0x08003374   0x08003374   0x00000066   Code   RO         2656    i.HAL_TIM_Base_Init  stm32f1xx_hal_tim.o
    0x080033da   0x080033da   0x00000002   Code   RO         2658    i.HAL_TIM_Base_MspInit  stm32f1xx_hal_tim.o
    0x080033dc   0x080033dc   0x00000078   Code   RO         2661    i.HAL_TIM_Base_Start_IT  stm32f1xx_hal_tim.o
    0x08003454   0x08003454   0x00000002   Code   RO         2690    i.HAL_TIM_IC_CaptureCallback  stm32f1xx_hal_tim.o
    0x08003456   0x08003456   0x00000196   Code   RO         2704    i.HAL_TIM_IRQHandler  stm32f1xx_hal_tim.o
    0x080035ec   0x080035ec   0x00000002   Code   RO         2707    i.HAL_TIM_OC_DelayElapsedCallback  stm32f1xx_hal_tim.o
    0x080035ee   0x080035ee   0x00000002   Code   RO         2734    i.HAL_TIM_PWM_PulseFinishedCallback  stm32f1xx_hal_tim.o
    0x080035f0   0x080035f0   0x00000018   Code   RO          437    i.HAL_TIM_PeriodElapsedCallback  main.o
    0x08003608   0x08003608   0x00000002   Code   RO         2747    i.HAL_TIM_TriggerCallback  stm32f1xx_hal_tim.o
    0x0800360a   0x0800360a   0x00000004   Code   RO          914    i.HardFault_Handler  stm32f1xx_it.o
    0x0800360e   0x0800360e   0x00000002   PAD
    0x08003610   0x08003610   0x0000001c   Code   RO          536    i.LL_APB2_GRP1_EnableClock  gpio.o
    0x0800362c   0x0800362c   0x0000001c   Code   RO          819    i.LL_APB2_GRP1_EnableClock  usart.o
    0x08003648   0x08003648   0x00000128   Code   RO         1113    i.LL_GPIO_Init      stm32f1xx_ll_gpio.o
    0x08003770   0x08003770   0x00000008   Code   RO          570    i.LL_GPIO_SetOutputPin  freertos.o
    0x08003778   0x08003778   0x00000024   Code   RO         2404    i.LL_RCC_GetSystemClocksFreq  stm32f1xx_ll_rcc.o
    0x0800379c   0x0800379c   0x00000012   Code   RO          820    i.LL_USART_ConfigAsyncMode  usart.o
    0x080037ae   0x080037ae   0x0000000a   Code   RO          821    i.LL_USART_Enable   usart.o
    0x080037b8   0x080037b8   0x00000094   Code   RO         3843    i.LL_USART_Init     stm32f1xx_ll_usart.o
    0x0800384c   0x0800384c   0x0000000a   Code   RO         3844    i.LL_USART_IsEnabled  stm32f1xx_ll_usart.o
    0x08003856   0x08003856   0x0000009e   Code   RO         3845    i.LL_USART_SetBaudRate  stm32f1xx_ll_usart.o
    0x080038f4   0x080038f4   0x00000014   Code   RO          673    i.MKS2_CAN_Init     can.o
    0x08003908   0x08003908   0x00000020   Code   RO           18    i.MNP_CalcChkSum    mnp_msg.o
    0x08003928   0x08003928   0x0000018c   Code   RO           19    i.MNP_M7_init       mnp_msg.o
    0x08003ab4   0x08003ab4   0x0000004e   Code   RO           20    i.MNP_PutMessage    mnp_msg.o
    0x08003b02   0x08003b02   0x0000002a   Code   RO           21    i.MNP_Reset         mnp_msg.o
    0x08003b2c   0x08003b2c   0x0000001a   Code   RO          822    i.MNP_UART_MSG_Puts  usart.o
    0x08003b46   0x08003b46   0x00000002   PAD
    0x08003b48   0x08003b48   0x0000001c   Code   RO          823    i.MNP_UART_PutByte  usart.o
    0x08003b64   0x08003b64   0x00000108   Code   RO          674    i.MX_CAN_Init       can.o
    0x08003c6c   0x08003c6c   0x000000b4   Code   RO          571    i.MX_FREERTOS_Init  freertos.o
    0x08003d20   0x08003d20   0x00000054   Code   RO          537    i.MX_GPIO_Init      gpio.o
    0x08003d74   0x08003d74   0x00000188   Code   RO          824    i.MX_USART1_UART_Init  usart.o
    0x08003efc   0x08003efc   0x0000009c   Code   RO          825    i.MX_USART2_UART_Init  usart.o
    0x08003f98   0x08003f98   0x00000004   Code   RO          915    i.MemManage_Handler  stm32f1xx_it.o
    0x08003f9c   0x08003f9c   0x00000004   Code   RO          916    i.NMI_Handler       stm32f1xx_it.o
    0x08003fa0   0x08003fa0   0x00000068   Code   RO          572    i.Parse_GPS_msg     freertos.o
    0x08004008   0x08004008   0x0000031c   Code   RO           22    i.Parse_MNP_MSG     mnp_msg.o
    0x08004324   0x08004324   0x00000028   Code   RO         1584    i.RCC_Delay         stm32f1xx_hal_rcc.o
    0x0800434c   0x0800434c   0x00000020   Code   RO         2407    i.RCC_GetHCLKClockFreq  stm32f1xx_ll_rcc.o
    0x0800436c   0x0800436c   0x00000024   Code   RO         2408    i.RCC_GetPCLK1ClockFreq  stm32f1xx_ll_rcc.o
    0x08004390   0x08004390   0x00000024   Code   RO         2409    i.RCC_GetPCLK2ClockFreq  stm32f1xx_ll_rcc.o
    0x080043b4   0x080043b4   0x0000003c   Code   RO         2410    i.RCC_GetSystemClockFreq  stm32f1xx_ll_rcc.o
    0x080043f0   0x080043f0   0x00000058   Code   RO         2411    i.RCC_PLL_GetFreqDomain_SYS  stm32f1xx_ll_rcc.o
    0x08004448   0x08004448   0x00000014   Code   RO          334    i.RING_Clear        ring_buffer.o
    0x0800445c   0x0800445c   0x00000024   Code   RO          335    i.RING_GetCount     ring_buffer.o
    0x08004480   0x08004480   0x0000001e   Code   RO          336    i.RING_Init         ring_buffer.o
    0x0800449e   0x0800449e   0x0000001a   Code   RO          337    i.RING_Pop          ring_buffer.o
    0x080044b8   0x080044b8   0x00000018   Code   RO          342    i.RING_Put          ring_buffer.o
    0x080044d0   0x080044d0   0x00000098   Code   RO          676    i.Send_Message_A1   can.o
    0x08004568   0x08004568   0x0000004e   Code   RO           24    i.Set_GNSS_interval  mnp_msg.o
    0x080045b6   0x080045b6   0x00000002   PAD
    0x080045b8   0x080045b8   0x0000002c   Code   RO          573    i.StartDefaultTask  freertos.o
    0x080045e4   0x080045e4   0x00000050   Code   RO          574    i.Switch_Led        freertos.o
    0x08004634   0x08004634   0x00000034   Code   RO         5292    i.SysTick_Handler   port.o
    0x08004668   0x08004668   0x00000066   Code   RO          438    i.SystemClock_Config  main.o
    0x080046ce   0x080046ce   0x00000002   Code   RO         3910    i.SystemInit        system_stm32f1xx.o
    0x080046d0   0x080046d0   0x00000010   Code   RO          917    i.TIM1_UP_IRQHandler  stm32f1xx_it.o
    0x080046e0   0x080046e0   0x00000002   Code   RO          918    i.TIM3_IRQHandler   stm32f1xx_it.o
    0x080046e2   0x080046e2   0x00000002   PAD
    0x080046e4   0x080046e4   0x00000074   Code   RO         2749    i.TIM_Base_SetConfig  stm32f1xx_hal_tim.o
    0x08004758   0x08004758   0x0000001c   Code   RO          826    i.UART2_PutByte     usart.o
    0x08004774   0x08004774   0x00000016   Code   RO          827    i.UART2_PutString   usart.o
    0x0800478a   0x0800478a   0x00000002   PAD
    0x0800478c   0x0800478c   0x00000020   Code   RO          828    i.UART_CharReception_Callback  usart.o
    0x080047ac   0x080047ac   0x000000f0   Code   RO          919    i.USART1_IRQHandler  stm32f1xx_it.o
    0x0800489c   0x0800489c   0x00000010   Code   RO          920    i.USB_LP_CAN1_RX0_IRQHandler  stm32f1xx_it.o
    0x080048ac   0x080048ac   0x00000004   Code   RO          921    i.UsageFault_Handler  stm32f1xx_it.o
    0x080048b0   0x080048b0   0x00000028   Code   RO         5729    i.__ARM_fpclassify  m_ws.l(fpclassify.o)
    0x080048d8   0x080048d8   0x00000010   Code   RO         1889    i.__NVIC_GetPriorityGrouping  stm32f1xx_hal_cortex.o
    0x080048e8   0x080048e8   0x00000028   Code   RO         1890    i.__NVIC_SetPriority  stm32f1xx_hal_cortex.o
    0x08004910   0x08004910   0x0000000e   Code   RO         5588    i._is_digit         c_w.l(__printf_wp.o)
    0x0800491e   0x0800491e   0x000000a2   Code   RO         5371    i.cmp_date          time64.o
    0x080049c0   0x080049c0   0x0000001e   Code   RO         5372    i.copy_TM64_to_tm   time64.o
    0x080049de   0x080049de   0x0000001e   Code   RO         5373    i.copy_tm_to_TM64   time64.o
    0x080049fc   0x080049fc   0x0000005e   Code   RO         5376    i.cycle_offset      time64.o
    0x08004a5a   0x08004a5a   0x0000002c   Code   RO         5377    i.date_in_safe_range  time64.o
    0x08004a86   0x08004a86   0x00000010   Code   RO         4873    i.inHandlerMode     cmsis_os.o
    0x08004a96   0x08004a96   0x00000040   Code   RO         5382    i.is_exception_century  time64.o
    0x08004ad6   0x08004ad6   0x00000028   Code   RO          439    i.main              main.o
    0x08004afe   0x08004afe   0x0000000e   Code   RO         4875    i.makeFreeRtosPriority  cmsis_os.o
    0x08004b0c   0x08004b0c   0x0000009c   Code   RO         5385    i.mktime64          time64.o
    0x08004ba8   0x08004ba8   0x00000018   Code   RO         4877    i.osDelay           cmsis_os.o
    0x08004bc0   0x08004bc0   0x0000001c   Code   RO         4878    i.osDelayUntil      cmsis_os.o
    0x08004bdc   0x08004bdc   0x0000000a   Code   RO         4880    i.osKernelStart     cmsis_os.o
    0x08004be6   0x08004be6   0x00000014   Code   RO         4881    i.osKernelSysTick   cmsis_os.o
    0x08004bfa   0x08004bfa   0x00000002   PAD
    0x08004bfc   0x08004bfc   0x00000048   Code   RO          575    i.osProgTimerGPSCfgCallback  freertos.o
    0x08004c44   0x08004c44   0x0000002c   Code   RO          576    i.osProgTimerGPSResetCallback  freertos.o
    0x08004c70   0x08004c70   0x00000038   Code   RO          577    i.osProgTimerGPSUARTTimeoutCallback  freertos.o
    0x08004ca8   0x08004ca8   0x0000005e   Code   RO         4914    i.osThreadCreate    cmsis_os.o
    0x08004d06   0x08004d06   0x00000002   PAD
    0x08004d08   0x08004d08   0x0000004c   Code   RO         4925    i.osTimerCreate     cmsis_os.o
    0x08004d54   0x08004d54   0x00000068   Code   RO         4927    i.osTimerStart      cmsis_os.o
    0x08004dbc   0x08004dbc   0x00000098   Code   RO         4418    i.prvAddCurrentTaskToDelayedList  tasks.o
    0x08004e54   0x08004e54   0x000000b4   Code   RO         4419    i.prvAddNewTaskToReadyList  tasks.o
    0x08004f08   0x08004f08   0x00000074   Code   RO         4734    i.prvCheckForValidListAndQueue  timers.o
    0x08004f7c   0x08004f7c   0x00000048   Code   RO         4420    i.prvCheckTasksWaitingTermination  tasks.o
    0x08004fc4   0x08004fc4   0x0000002a   Code   RO         4087    i.prvCopyDataFromQueue  queue.o
    0x08004fee   0x08004fee   0x0000007c   Code   RO         4088    i.prvCopyDataToQueue  queue.o
    0x0800506a   0x0800506a   0x00000050   Code   RO         4421    i.prvDeleteTCB      tasks.o
    0x080050ba   0x080050ba   0x00000002   PAD
    0x080050bc   0x080050bc   0x00000028   Code   RO         4735    i.prvGetNextExpireTime  timers.o
    0x080050e4   0x080050e4   0x0000007c   Code   RO         5242    i.prvHeapInit       heap_4.o
    0x08005160   0x08005160   0x00000028   Code   RO         4422    i.prvIdleTask       tasks.o
    0x08005188   0x08005188   0x00000026   Code   RO         4091    i.prvInitialiseNewQueue  queue.o
    0x080051ae   0x080051ae   0x000000aa   Code   RO         4423    i.prvInitialiseNewTask  tasks.o
    0x08005258   0x08005258   0x0000004e   Code   RO         4736    i.prvInitialiseNewTimer  timers.o
    0x080052a6   0x080052a6   0x00000002   PAD
    0x080052a8   0x080052a8   0x00000068   Code   RO         4424    i.prvInitialiseTaskLists  tasks.o
    0x08005310   0x08005310   0x00000068   Code   RO         5243    i.prvInsertBlockIntoFreeList  heap_4.o
    0x08005378   0x08005378   0x00000058   Code   RO         4737    i.prvInsertTimerInActiveList  timers.o
    0x080053d0   0x080053d0   0x0000001a   Code   RO         4092    i.prvIsQueueEmpty   queue.o
    0x080053ea   0x080053ea   0x0000001e   Code   RO         4093    i.prvIsQueueFull    queue.o
    0x08005408   0x08005408   0x00000064   Code   RO         4738    i.prvProcessExpiredTimer  timers.o
    0x0800546c   0x0800546c   0x000000fc   Code   RO         4739    i.prvProcessReceivedCommands  timers.o
    0x08005568   0x08005568   0x00000074   Code   RO         4740    i.prvProcessTimerOrBlockTask  timers.o
    0x080055dc   0x080055dc   0x00000034   Code   RO         4425    i.prvResetNextTaskUnblockTime  tasks.o
    0x08005610   0x08005610   0x0000002c   Code   RO         4741    i.prvSampleTimeNow  timers.o
    0x0800563c   0x0800563c   0x000000a0   Code   RO         4742    i.prvSwitchTimerLists  timers.o
    0x080056dc   0x080056dc   0x00000040   Code   RO         5293    i.prvTaskExitError  port.o
    0x0800571c   0x0800571c   0x0000001a   Code   RO         4743    i.prvTimerTask      timers.o
    0x08005736   0x08005736   0x0000007e   Code   RO         4094    i.prvUnlockQueue    queue.o
    0x080057b4   0x080057b4   0x0000013c   Code   RO         5244    i.pvPortMalloc      heap_4.o
    0x080058f0   0x080058f0   0x00000024   Code   RO         5294    i.pxPortInitialiseStack  port.o
    0x08005914   0x08005914   0x000001a4   Code   RO         5386    i.safe_year         time64.o
    0x08005ab8   0x08005ab8   0x000001bc   Code   RO         5387    i.seconds_between_years  time64.o
    0x08005c74   0x08005c74   0x00000028   Code   RO         4047    i.uxListRemove      list.o
    0x08005c9c   0x08005c9c   0x00000018   Code   RO          578    i.vApplicationGetIdleTaskMemory  freertos.o
    0x08005cb4   0x08005cb4   0x00000018   Code   RO          579    i.vApplicationGetTimerTaskMemory  freertos.o
    0x08005ccc   0x08005ccc   0x0000001a   Code   RO         4048    i.vListInitialise   list.o
    0x08005ce6   0x08005ce6   0x00000006   Code   RO         4049    i.vListInitialiseItem  list.o
    0x08005cec   0x08005cec   0x00000034   Code   RO         4050    i.vListInsert       list.o
    0x08005d20   0x08005d20   0x00000018   Code   RO         4051    i.vListInsertEnd    list.o
    0x08005d38   0x08005d38   0x00000054   Code   RO         5296    i.vPortEnterCritical  port.o
    0x08005d8c   0x08005d8c   0x0000003c   Code   RO         5297    i.vPortExitCritical  port.o
    0x08005dc8   0x08005dc8   0x00000094   Code   RO         5245    i.vPortFree         heap_4.o
    0x08005e5c   0x08005e5c   0x00000028   Code   RO         5298    i.vPortSetupTimerInterrupt  port.o
    0x08005e84   0x08005e84   0x00000078   Code   RO         5299    i.vPortValidateInterruptPriority  port.o
    0x08005efc   0x08005efc   0x0000002c   Code   RO         4098    i.vQueueAddToRegistry  queue.o
    0x08005f28   0x08005f28   0x0000004a   Code   RO         4101    i.vQueueWaitForMessageRestricted  queue.o
    0x08005f72   0x08005f72   0x00000002   PAD
    0x08005f74   0x08005f74   0x0000005c   Code   RO         4433    i.vTaskDelay        tasks.o
    0x08005fd0   0x08005fd0   0x000000d4   Code   RO         4434    i.vTaskDelayUntil   tasks.o
    0x080060a4   0x080060a4   0x00000018   Code   RO         4437    i.vTaskInternalSetTimeOutState  tasks.o
    0x080060bc   0x080060bc   0x0000000c   Code   RO         4438    i.vTaskMissedYield  tasks.o
    0x080060c8   0x080060c8   0x00000038   Code   RO         4440    i.vTaskPlaceOnEventList  tasks.o
    0x08006100   0x08006100   0x00000040   Code   RO         4441    i.vTaskPlaceOnEventListRestricted  tasks.o
    0x08006140   0x08006140   0x000000b8   Code   RO         4448    i.vTaskStartScheduler  tasks.o
    0x080061f8   0x080061f8   0x00000010   Code   RO         4450    i.vTaskSuspendAll   tasks.o
    0x08006208   0x08006208   0x0000008c   Code   RO         4451    i.vTaskSwitchContext  tasks.o
    0x08006294   0x08006294   0x000000f8   Code   RO         5300    i.xPortStartScheduler  port.o
    0x0800638c   0x0800638c   0x000000de   Code   RO         4105    i.xQueueGenericCreateStatic  queue.o
    0x0800646a   0x0800646a   0x00000002   PAD
    0x0800646c   0x0800646c   0x00000098   Code   RO         4106    i.xQueueGenericReset  queue.o
    0x08006504   0x08006504   0x000001a8   Code   RO         4107    i.xQueueGenericSend  queue.o
    0x080066ac   0x080066ac   0x000000f8   Code   RO         4108    i.xQueueGenericSendFromISR  queue.o
    0x080067a4   0x080067a4   0x00000168   Code   RO         4114    i.xQueueReceive     queue.o
    0x0800690c   0x0800690c   0x0000008c   Code   RO         4452    i.xTaskCheckForTimeOut  tasks.o
    0x08006998   0x08006998   0x00000064   Code   RO         4453    i.xTaskCreate       tasks.o
    0x080069fc   0x080069fc   0x000000b8   Code   RO         4454    i.xTaskCreateStatic  tasks.o
    0x08006ab4   0x08006ab4   0x00000020   Code   RO         4458    i.xTaskGetSchedulerState  tasks.o
    0x08006ad4   0x08006ad4   0x0000000c   Code   RO         4459    i.xTaskGetTickCount  tasks.o
    0x08006ae0   0x08006ae0   0x00000014   Code   RO         4460    i.xTaskGetTickCountFromISR  tasks.o
    0x08006af4   0x08006af4   0x00000148   Code   RO         4461    i.xTaskIncrementTick  tasks.o
    0x08006c3c   0x08006c3c   0x000000c8   Code   RO         4464    i.xTaskPriorityDisinherit  tasks.o
    0x08006d04   0x08006d04   0x00000098   Code   RO         4466    i.xTaskRemoveFromEventList  tasks.o
    0x08006d9c   0x08006d9c   0x00000104   Code   RO         4467    i.xTaskResumeAll    tasks.o
    0x08006ea0   0x08006ea0   0x00000036   Code   RO         4746    i.xTimerCreate      timers.o
    0x08006ed6   0x08006ed6   0x00000070   Code   RO         4747    i.xTimerCreateStatic  timers.o
    0x08006f46   0x08006f46   0x00000002   PAD
    0x08006f48   0x08006f48   0x00000078   Code   RO         4748    i.xTimerCreateTimerTask  timers.o
    0x08006fc0   0x08006fc0   0x00000084   Code   RO         4749    i.xTimerGenericCommand  timers.o
    0x08007044   0x08007044   0x0000002c   Code   RO         5721    locale$$code        c_w.l(lc_numeric_c.o)
    0x08007070   0x08007070   0x0000000c   Code   RO         5654    x$fpl$dretinf       fz_ws.l(dretinf.o)
    0x0800707c   0x0800707c   0x00000056   Code   RO         5629    x$fpl$f2d           fz_ws.l(f2d.o)
    0x080070d2   0x080070d2   0x00000018   Code   RO         5656    x$fpl$fcmpinf       fz_ws.l(fcmpi.o)
    0x080070ea   0x080070ea   0x00000002   PAD
    0x080070ec   0x080070ec   0x00000068   Code   RO         5631    x$fpl$fleqf         fz_ws.l(fleqf.o)
    0x08007154   0x08007154   0x0000008c   Code   RO         5658    x$fpl$fnaninf       fz_ws.l(fnaninf.o)
    0x080071e0   0x080071e0   0x00000004   Code   RO         5633    x$fpl$printf1       fz_ws.l(printf1.o)
    0x080071e4   0x080071e4   0x00000000   Code   RO         5660    x$fpl$usenofp       fz_ws.l(usenofp.o)
    0x080071e4   0x080071e4   0x00000098   Data   RO          581    .constdata          freertos.o
    0x0800727c   0x0800727c   0x00000018   Data   RO         3911    .constdata          system_stm32f1xx.o
    0x08007294   0x08007294   0x00000168   Data   RO         5393    .constdata          time64.o
    0x080073fc   0x080073fc   0x00000028   Data   RO         5561    .constdata          c_w.l(_printf_hex_int.o)
    0x08007424   0x08007424   0x00000011   Data   RO         5591    .constdata          c_w.l(__printf_flags_wp.o)
    0x08007435   0x08007435   0x0000000c   Data   RO         5653    .constdata          c_w.l(_monlen.o)
    0x08007441   0x08007441   0x00000003   PAD
    0x08007444   0x08007444   0x00000094   Data   RO         5696    .constdata          c_w.l(bigflt0.o)
    0x080074d8   0x080074d8   0x00000030   Data   RO          582    .conststring        freertos.o
    0x08007508   0x08007508   0x00000020   Data   RO         5874    Region$$Table       anon$$obj.o
    0x08007528   0x08007528   0x0000001c   Data   RO         5720    locale$$data        c_w.l(lc_numeric_c.o)


    Execution Region RW_IRAM1 (Exec base: 0x20000000, Load base: 0x08007544, Size: 0x00002540, Max: 0x00005000, ABSOLUTE, COMPRESSED[0x00000028])

    Exec Addr    Load Addr    Size         Type   Attr      Idx    E Section Name        Object

    0x20000000   COMPRESSED   0x00000018   Data   RW           29    .data               mnp_msg.o
    0x20000018   COMPRESSED   0x00000238   Data   RW          583    .data               freertos.o
    0x20000250   COMPRESSED   0x00000020   Data   RW          681    .data               can.o
    0x20000270   COMPRESSED   0x00000009   Data   RW         1421    .data               stm32f1xx_hal.o
    0x20000279   COMPRESSED   0x00000003   PAD
    0x2000027c   COMPRESSED   0x00000004   Data   RW         3912    .data               system_stm32f1xx.o
    0x20000280   COMPRESSED   0x0000003c   Data   RW         4470    .data               tasks.o
    0x200002bc   COMPRESSED   0x00000014   Data   RW         4755    .data               timers.o
    0x200002d0   COMPRESSED   0x00000018   Data   RW         5250    .data               heap_4.o
    0x200002e8   COMPRESSED   0x0000000c   Data   RW         5301    .data               port.o
    0x200002f4   COMPRESSED   0x00000004   PAD
    0x200002f8        -       0x000008c0   Zero   RW          580    .bss                freertos.o
    0x20000bb8        -       0x00000068   Zero   RW          679    .bss                can.o
    0x20000c20        -       0x0000025c   Zero   RW          829    .bss                usart.o
    0x20000e7c        -       0x00000048   Zero   RW         1038    .bss                stm32f1xx_hal_timebase_tim.o
    0x20000ec4        -       0x00000040   Zero   RW         4117    .bss                queue.o
    0x20000f04        -       0x000000f0   Zero   RW         4469    .bss                tasks.o
    0x20000ff4        -       0x000000e8   Zero   RW         4754    .bss                timers.o
    0x200010dc        -       0x00000c00   Zero   RW         5249    .bss                heap_4.o
    0x20001cdc        -       0x00000060   Zero   RW         5732    .bss                c_w.l(libspace.o)
    0x20001d3c   COMPRESSED   0x00000004   PAD
    0x20001d40        -       0x00000300   Zero   RW            2    HEAP                startup_stm32f103xb.o
    0x20002040        -       0x00000500   Zero   RW            1    STACK               startup_stm32f103xb.o


==============================================================================

Image component sizes


      Code (inc. data)   RO Data    RW Data    ZI Data      Debug   Object Name

      1212        244          0         32        104       8841   can.o
       386          8          0          0          0      28671   cmsis_os.o
         0          0          0          0          0      18076   event_groups.o
       636        136        200        568       2240      15174   freertos.o
       112         14          0          0          0       8991   gpio.o
       692         62          0         24       3072       4527   heap_4.o
       148          0          0          0          0       3274   list.o
       172          6          0          0          0      36503   main.o
      1806        282          0         24          0     483904   mnp_msg.o
         4          0          0          0          0       3009   pins.o
       854         78          0         12          0      10973   port.o
      1910         20          0          0         64      13872   queue.o
       136          0          0          0          0       2991   ring_buffer.o
        64         26        236          0       2048        788   startup_stm32f103xb.o
        76         20          0          9          0       4498   stm32f1xx_hal.o
      2160          0          0          0          0      12324   stm32f1xx_hal_can.o
       252         22          0          0          0      28526   stm32f1xx_hal_cortex.o
       800         34          0          0          0       2004   stm32f1xx_hal_gpio.o
        96         10          0          0          0        850   stm32f1xx_hal_msp.o
      1820        110          0          0          0       5890   stm32f1xx_hal_rcc.o
       754         26          0          0          0       5878   stm32f1xx_hal_tim.o
         4          0          0          0          0       1445   stm32f1xx_hal_tim_ex.o
       160         22          0          0         72       1351   stm32f1xx_hal_timebase_tim.o
       328         76          0          0          0      17473   stm32f1xx_it.o
       296          0          0          0          0      10447   stm32f1xx_ll_gpio.o
       288         48          0          0          0      13325   stm32f1xx_ll_rcc.o
       316         14          0          0          0      15816   stm32f1xx_ll_usart.o
         0          0          0          0          0        392   stream_buffer.o
         2          0         24          4          0       1047   system_stm32f1xx.o
      3078        364          0         60        240      24779   tasks.o
         0          0          0          0          0      25271   tim.o
      1444        160        360          0          0       9235   time64.o
      1438        126          0         20        232      29455   timers.o
       740         70          0          0        604      28993   usart.o

    ----------------------------------------------------------------------
     22216       1978        852        756       8680     878593   Object Totals
         0          0         32          0          0          0   (incl. Generated)
        32          0          0          3          4          0   (incl. Padding)

    ----------------------------------------------------------------------

      Code (inc. data)   RO Data    RW Data    ZI Data      Debug   Library Member Name

        90          0          0          0          0          0   __dczerorl2.o
         8          0          0          0          0         68   __main.o
       312          4         17          0          0         92   __printf_flags_wp.o
        14          0          0          0          0         68   __printf_wp.o
         0          0          0          0          0          0   __rtentry.o
        12          0          0          0          0          0   __rtentry2.o
         6          0          0          0          0          0   __rtentry4.o
        52          8          0          0          0          0   __scatter.o
        28          0          0          0          0          0   __scatter_zi.o
         0          0         12          0          0          0   _monlen.o
        48          6          0          0          0         96   _printf_char_common.o
         6          0          0          0          0          0   _printf_d.o
       120         16          0          0          0         92   _printf_dec.o
         6          0          0          0          0          0   _printf_f.o
      1054          0          0          0          0        216   _printf_fp_dec.o
       128         16          0          0          0         84   _printf_fp_infnan.o
        88          4         40          0          0         88   _printf_hex_int.o
       178          0          0          0          0         88   _printf_intcommon.o
         0          0          0          0          0          0   _printf_percent.o
         4          0          0          0          0          0   _printf_percent_end.o
         6          0          0          0          0          0   _printf_u.o
         6          0          0          0          0          0   _printf_x.o
        10          0          0          0          0         68   _sputc.o
        22          0          0          0          0         80   abort.o
       128         42          0          0          0         76   assert.o
        20          0          0          0          0         76   assert_puts.o
       228          4        148          0          0         96   bigflt0.o
      1936        128          0          0          0        672   btod.o
        48         34          0          0          0         76   defsig_abrt_inner.o
        14          0          0          0          0         80   defsig_abrt_outer.o
        10          0          0          0          0         68   defsig_exit.o
        50          0          0          0          0         88   defsig_general.o
        18          0          0          0          0         80   exit.o
         6          0          0          0          0        152   heapauxi.o
         0          0          0          0          0          0   indicate_semi.o
        44         10         28          0          0         76   lc_numeric_c.o
         2          0          0          0          0          0   libinit.o
        18          0          0          0          0          0   libinit2.o
         2          0          0          0          0          0   libshutdown.o
         2          0          0          0          0          0   libshutdown2.o
         8          4          0          0         96         68   libspace.o
        72          0          0          0          0         76   llsdiv.o
       138          0          0          0          0         80   lludiv10.o
       238          0          0          0          0        100   lludivv7m.o
       428         10          0          0          0        116   mktime.o
        40          6          0          0          0         84   noretval__2sprintf.o
         8          4          0          0          0         68   rt_locale_intlibspace.o
        68          0          0          0          0         68   rt_memclr.o
        78          0          0          0          0         80   rt_memclr_w.o
       138          0          0          0          0         68   rt_memcpy_v6.o
       100          0          0          0          0         80   rt_memcpy_w.o
         2          0          0          0          0          0   rtexit.o
        10          0          0          0          0          0   rtexit2.o
       128          0          0          0          0         68   strcmpv7m.o
        12          4          0          0          0         68   sys_exit.o
        74          0          0          0          0         80   sys_stackheap_outer.o
        14          0          0          0          0         76   sys_wrch.o
         2          0          0          0          0         68   use_no_semi.o
        12          0          0          0          0         68   dretinf.o
        86          4          0          0          0         84   f2d.o
        24          0          0          0          0         68   fcmpi.o
       104          4          0          0          0         84   fleqf.o
       140          4          0          0          0         84   fnaninf.o
         4          0          0          0          0         68   printf1.o
         0          0          0          0          0          0   usenofp.o
        40          0          0          0          0         68   fpclassify.o

    ----------------------------------------------------------------------
      6704        312        248          0        100       4352   Library Totals
        12          0          3          0          4          0   (incl. Padding)

    ----------------------------------------------------------------------

      Code (inc. data)   RO Data    RW Data    ZI Data      Debug   Library Name

      6282        300        245          0         96       3828   c_w.l
       370         12          0          0          0        456   fz_ws.l
        40          0          0          0          0         68   m_ws.l

    ----------------------------------------------------------------------
      6704        312        248          0        100       4352   Library Totals

    ----------------------------------------------------------------------

==============================================================================


      Code (inc. data)   RO Data    RW Data    ZI Data      Debug   

     28920       2290       1100        756       8780     869733   Grand Totals
     28920       2290       1100         40       8780     869733   ELF Image Totals (compressed)
     28920       2290       1100         40          0          0   ROM Totals

==============================================================================

    Total RO  Size (Code + RO Data)                30020 (  29.32kB)
    Total RW  Size (RW Data + ZI Data)              9536 (   9.31kB)
    Total ROM Size (Code + RO Data + RW Data)      30060 (  29.36kB)

==============================================================================

