Component: ARM Compiler 5.06 update 7 (build 960) Tool: armlink [4d3601]

==============================================================================

Section Cross References

    startup_stm32f103xb.o(STACK) refers (Special) to heapauxi.o(.text) for __use_two_region_memory
    startup_stm32f103xb.o(HEAP) refers (Special) to heapauxi.o(.text) for __use_two_region_memory
    startup_stm32f103xb.o(RESET) refers (Special) to heapauxi.o(.text) for __use_two_region_memory
    startup_stm32f103xb.o(RESET) refers to startup_stm32f103xb.o(STACK) for __initial_sp
    startup_stm32f103xb.o(RESET) refers to startup_stm32f103xb.o(.text) for Reset_Handler
    startup_stm32f103xb.o(RESET) refers to stm32f1xx_it.o(i.NMI_Handler) for NMI_Handler
    startup_stm32f103xb.o(RESET) refers to stm32f1xx_it.o(i.HardFault_Handler) for HardFault_Handler
    startup_stm32f103xb.o(RESET) refers to stm32f1xx_it.o(i.MemManage_Handler) for MemManage_Handler
    startup_stm32f103xb.o(RESET) refers to stm32f1xx_it.o(i.BusFault_Handler) for BusFault_Handler
    startup_stm32f103xb.o(RESET) refers to stm32f1xx_it.o(i.UsageFault_Handler) for UsageFault_Handler
    startup_stm32f103xb.o(RESET) refers to port.o(.emb_text) for SVC_Handler
    startup_stm32f103xb.o(RESET) refers to stm32f1xx_it.o(i.DebugMon_Handler) for DebugMon_Handler
    startup_stm32f103xb.o(RESET) refers to port.o(i.SysTick_Handler) for SysTick_Handler
    startup_stm32f103xb.o(RESET) refers to stm32f1xx_it.o(i.USB_LP_CAN1_RX0_IRQHandler) for USB_LP_CAN1_RX0_IRQHandler
    startup_stm32f103xb.o(RESET) refers to stm32f1xx_it.o(i.CAN1_RX1_IRQHandler) for CAN1_RX1_IRQHandler
    startup_stm32f103xb.o(RESET) refers to stm32f1xx_it.o(i.CAN1_SCE_IRQHandler) for CAN1_SCE_IRQHandler
    startup_stm32f103xb.o(RESET) refers to stm32f1xx_it.o(i.TIM1_UP_IRQHandler) for TIM1_UP_IRQHandler
    startup_stm32f103xb.o(RESET) refers to stm32f1xx_it.o(i.TIM3_IRQHandler) for TIM3_IRQHandler
    startup_stm32f103xb.o(RESET) refers to stm32f1xx_it.o(i.USART1_IRQHandler) for USART1_IRQHandler
    startup_stm32f103xb.o(.text) refers (Special) to heapauxi.o(.text) for __use_two_region_memory
    startup_stm32f103xb.o(.text) refers to system_stm32f1xx.o(i.SystemInit) for SystemInit
    startup_stm32f103xb.o(.text) refers to __main.o(!!!main) for __main
    startup_stm32f103xb.o(.text) refers to startup_stm32f103xb.o(HEAP) for Heap_Mem
    startup_stm32f103xb.o(.text) refers to startup_stm32f103xb.o(STACK) for Stack_Mem
    mnp_msg.o(i.GPS_Init) refers to mnp_msg.o(i.MNP_M7_init) for MNP_M7_init
    mnp_msg.o(i.GPS_Read_Data) refers to fleqf.o(x$fpl$fleqf) for __aeabi_cfcmple
    mnp_msg.o(i.GPS_Read_Data) refers to time64.o(i.mktime64) for mktime64
    mnp_msg.o(i.GPS_Read_Data) refers to mnp_msg.o(.data) for MKS2
    mnp_msg.o(i.MNP_M7_init) refers to mnp_msg.o(i.MNP_PutMessage) for MNP_PutMessage
    mnp_msg.o(i.MNP_PutMessage) refers to _printf_percent.o(.ARM.Collect$$_printf_percent$$00000000) for _printf_percent
    mnp_msg.o(i.MNP_PutMessage) refers to _printf_u.o(.ARM.Collect$$_printf_percent$$0000000A) for _printf_u
    mnp_msg.o(i.MNP_PutMessage) refers to _printf_dec.o(.text) for _printf_int_dec
    mnp_msg.o(i.MNP_PutMessage) refers to mnp_msg.o(i.MNP_CalcChkSum) for MNP_CalcChkSum
    mnp_msg.o(i.MNP_PutMessage) refers to usart.o(i.MNP_UART_Puts) for MNP_UART_Puts
    mnp_msg.o(i.MNP_PutMessage) refers to noretval__2sprintf.o(.text) for __2sprintf
    mnp_msg.o(i.MNP_PutMessage) refers to usart.o(i.UART2_PutString) for UART2_PutString
    mnp_msg.o(i.MNP_PutMessage) refers to usart.o(.bss) for buffer_TX_UART2
    mnp_msg.o(i.MNP_Reset) refers to mnp_msg.o(i.MNP_PutMessage) for MNP_PutMessage
    mnp_msg.o(i.Parse_MNP_MSG) refers to _printf_percent.o(.ARM.Collect$$_printf_percent$$00000000) for _printf_percent
    mnp_msg.o(i.Parse_MNP_MSG) refers to _printf_u.o(.ARM.Collect$$_printf_percent$$0000000A) for _printf_u
    mnp_msg.o(i.Parse_MNP_MSG) refers to _printf_dec.o(.text) for _printf_int_dec
    mnp_msg.o(i.Parse_MNP_MSG) refers to _printf_d.o(.ARM.Collect$$_printf_percent$$00000009) for _printf_d
    mnp_msg.o(i.Parse_MNP_MSG) refers to _printf_f.o(.ARM.Collect$$_printf_percent$$00000003) for _printf_f
    mnp_msg.o(i.Parse_MNP_MSG) refers to printf1.o(x$fpl$printf1) for _printf_fp_dec
    mnp_msg.o(i.Parse_MNP_MSG) refers to _printf_x.o(.ARM.Collect$$_printf_percent$$0000000C) for _printf_x
    mnp_msg.o(i.Parse_MNP_MSG) refers to _printf_hex_int.o(.text) for _printf_longlong_hex
    mnp_msg.o(i.Parse_MNP_MSG) refers to ring_buffer.o(i.RING_Pop) for RING_Pop
    mnp_msg.o(i.Parse_MNP_MSG) refers to ring_buffer.o(i.RING_GetCount) for RING_GetCount
    mnp_msg.o(i.Parse_MNP_MSG) refers to noretval__2sprintf.o(.text) for __2sprintf
    mnp_msg.o(i.Parse_MNP_MSG) refers to usart.o(i.UART2_PutString) for UART2_PutString
    mnp_msg.o(i.Parse_MNP_MSG) refers to mnp_msg.o(i.MNP_CalcChkSum) for MNP_CalcChkSum
[...]
    ucHeap                                   0x200010f4   Data        3072  heap_4.o(.bss)
    .bss                                     0x20001cf4   Section       96  libspace.o(.bss)
    HEAP                                     0x20001d58   Section      768  startup_stm32f103xb.o(HEAP)
    Heap_Mem                                 0x20001d58   Data         768  startup_stm32f103xb.o(HEAP)
    STACK                                    0x20002058   Section     1280  startup_stm32f103xb.o(STACK)
    Stack_Mem                                0x20002058   Data        1280  startup_stm32f103xb.o(STACK)
    __initial_sp                             0x20002558   Data           0  startup_stm32f103xb.o(STACK)

    Global Symbols

    Symbol Name                              Value     Ov Type        Size  Object(Section)

    BuildAttributes$$THM_ISAv4$P$D$K$B$S$PE$A:L22UL41UL21$X:L11$S22US41US21$IEEE1$IW$USESV6$~STKCKD$USESV7$~SHL$OTIME$ROPI$IEEEX$EBA8$UX$STANDARDLIB$REQ8$PRES8$EABIv2 0x00000000   Number         0  anon$$obj.o ABSOLUTE
    __ARM_use_no_argv                        0x00000000   Number         0  main.o ABSOLUTE
    _printf_flags                            0x00000000   Number         0  printf_stubs.o ABSOLUTE
    _printf_return_value                     0x00000000   Number         0  printf_stubs.o ABSOLUTE
    _printf_sizespec                         0x00000000   Number         0  printf_stubs.o ABSOLUTE
    _printf_widthprec                        0x00000000   Number         0  printf_stubs.o ABSOLUTE
    __ARM_exceptions_init                     - Undefined Weak Reference
    __alloca_initialize                       - Undefined Weak Reference
    __arm_fini_                               - Undefined Weak Reference
    __arm_preinit_                            - Undefined Weak Reference
    __cpp_initialize__aeabi_                  - Undefined Weak Reference
    __cxa_finalize                            - Undefined Weak Reference
    __sigvec_lookup                           - Undefined Weak Reference
    _atexit_init                              - Undefined Weak Reference
    _call_atexit_fns                          - Undefined Weak Reference
    _clock_init                               - Undefined Weak Reference
    _fp_trap_init                             - Undefined Weak Reference
    _fp_trap_shutdown                         - Undefined Weak Reference
    _get_lc_collate                           - Undefined Weak Reference
    _get_lc_ctype                             - Undefined Weak Reference
    _get_lc_monetary                          - Undefined Weak Reference
    _get_lc_time                              - Undefined Weak Reference
    _getenv_init                              - Undefined Weak Reference
    _handle_redirection                       - Undefined Weak Reference
    _init_alloc                               - Undefined Weak Reference
    _init_user_alloc                          - Undefined Weak Reference
    _initio                                   - Undefined Weak Reference
    _printf_mbtowc                            - Undefined Weak Reference
    _printf_truncate_signed                   - Undefined Weak Reference
    _printf_truncate_unsigned                 - Undefined Weak Reference
    _rand_init                                - Undefined Weak Reference
    _signal_finish                            - Undefined Weak Reference
    _signal_init                              - Undefined Weak Reference
    _terminate_alloc                          - Undefined Weak Reference
    _terminate_user_alloc                     - Undefined Weak Reference
    _terminateio                              - Undefined Weak Reference
    __Vectors_Size                           0x000000ec   Number         0  startup_stm32f103xb.o ABSOLUTE
    __Vectors                                0x08000000   Data           4  startup_stm32f103xb.o(RESET)
    __Vectors_End                            0x080000ec   Data           0  startup_stm32f103xb.o(RESET)
    __main                                   0x080000ed   Thumb Code     8  __main.o(!!!main)
    __scatterload                            0x080000f5   Thumb Code     0  __scatter.o(!!!scatter)
    __scatterload_rt2                        0x080000f5   Thumb Code    44  __scatter.o(!!!scatter)
    __scatterload_rt2_thumb_only             0x080000f5   Thumb Code     0  __scatter.o(!!!scatter)
    __scatterload_null                       0x08000103   Thumb Code     0  __scatter.o(!!!scatter)
    __decompress                             0x08000129   Thumb Code    90  __dczerorl2.o(!!dczerorl2)
    __decompress1                            0x08000129   Thumb Code     0  __dczerorl2.o(!!dczerorl2)
    __scatterload_zeroinit                   0x08000185   Thumb Code    28  __scatter_zi.o(!!handler_zi)
    _printf_f                                0x080001a1   Thumb Code     0  _printf_f.o(.ARM.Collect$$_printf_percent$$00000003)
    _printf_percent                          0x080001a1   Thumb Code     0  _printf_percent.o(.ARM.Collect$$_printf_percent$$00000000)
    _printf_d                                0x080001a7   Thumb Code     0  _printf_d.o(.ARM.Collect$$_printf_percent$$00000009)
    _printf_u                                0x080001ad   Thumb Code     0  _printf_u.o(.ARM.Collect$$_printf_percent$$0000000A)
    _printf_x                                0x080001b3   Thumb Code     0  _printf_x.o(.ARM.Collect$$_printf_percent$$0000000C)
    _printf_percent_end                      0x080001b9   Thumb Code     0  _printf_percent_end.o(.ARM.Collect$$_printf_percent$$00000017)
    __rt_lib_init                            0x080001bd   Thumb Code     0  libinit.o(.ARM.Collect$$libinit$$00000000)
    __rt_lib_init_fp_1                       0x080001bf   Thumb Code     0  libinit2.o(.ARM.Collect$$libinit$$00000002)
    __rt_lib_init_heap_1                     0x080001bf   Thumb Code     0  libinit2.o(.ARM.Collect$$libinit$$0000000A)
    __rt_lib_init_lc_common                  0x080001bf   Thumb Code     0  libinit2.o(.ARM.Collect$$libinit$$0000000F)
    __rt_lib_init_preinit_1                  0x080001bf   Thumb Code     0  libinit2.o(.ARM.Collect$$libinit$$00000004)
    __rt_lib_init_rand_1                     0x080001bf   Thumb Code     0  libinit2.o(.ARM.Collect$$libinit$$0000000E)
    __rt_lib_init_user_alloc_1               0x080001bf   Thumb Code     0  libinit2.o(.ARM.Collect$$libinit$$0000000C)
    __rt_lib_init_lc_collate_1               0x080001c5   Thumb Code     0  libinit2.o(.ARM.Collect$$libinit$$00000011)
    __rt_lib_init_lc_ctype_1                 0x080001c5   Thumb Code     0  libinit2.o(.ARM.Collect$$libinit$$00000013)
    __rt_lib_init_lc_monetary_1              0x080001c5   Thumb Code     0  libinit2.o(.ARM.Collect$$libinit$$00000015)
    __rt_lib_init_lc_numeric_2               0x080001c5   Thumb Code     0  libinit2.o(.ARM.Collect$$libinit$$00000016)
    __rt_lib_init_alloca_1                   0x080001cf   Thumb Code     0  libinit2.o(.ARM.Collect$$libinit$$0000002E)
    __rt_lib_init_argv_1                     0x080001cf   Thumb Code     0  libinit2.o(.ARM.Collect$$libinit$$0000002C)
    __rt_lib_init_atexit_1                   0x080001cf   Thumb Code     0  libinit2.o(.ARM.Collect$$libinit$$0000001B)
    __rt_lib_init_clock_1                    0x080001cf   Thumb Code     0  libinit2.o(.ARM.Collect$$libinit$$00000021)
    __rt_lib_init_cpp_1                      0x080001cf   Thumb Code     0  libinit2.o(.ARM.Collect$$libinit$$00000032)
    __rt_lib_init_exceptions_1               0x080001cf   Thumb Code     0  libinit2.o(.ARM.Collect$$libinit$$00000030)
    __rt_lib_init_fp_trap_1                  0x080001cf   Thumb Code     0  libinit2.o(.ARM.Collect$$libinit$$0000001F)
    __rt_lib_init_getenv_1                   0x080001cf   Thumb Code     0  libinit2.o(.ARM.Collect$$libinit$$00000023)
    __rt_lib_init_lc_numeric_1               0x080001cf   Thumb Code     0  libinit2.o(.ARM.Collect$$libinit$$00000017)
    __rt_lib_init_lc_time_1                  0x080001cf   Thumb Code     0  libinit2.o(.ARM.Collect$$libinit$$00000019)
    __rt_lib_init_return                     0x080001cf   Thumb Code     0  libinit2.o(.ARM.Collect$$libinit$$00000033)
    __rt_lib_init_signal_1                   0x080001cf   Thumb Code     0  libinit2.o(.ARM.Collect$$libinit$$0000001D)
    __rt_lib_init_stdio_1                    0x080001cf   Thumb Code     0  libinit2.o(.ARM.Collect$$libinit$$00000025)
    __rt_lib_shutdown                        0x080001d1   Thumb Code     0  libshutdown.o(.ARM.Collect$$libshutdown$$00000000)
    __rt_lib_shutdown_cpp_1                  0x080001d3   Thumb Code     0  libshutdown2.o(.ARM.Collect$$libshutdown$$00000004)
    __rt_lib_shutdown_fini_1                 0x080001d3   Thumb Code     0  libshutdown2.o(.ARM.Collect$$libshutdown$$00000002)
    __rt_lib_shutdown_fp_trap_1              0x080001d3   Thumb Code     0  libshutdown2.o(.ARM.Collect$$libshutdown$$00000009)
    __rt_lib_shutdown_heap_1                 0x080001d3   Thumb Code     0  libshutdown2.o(.ARM.Collect$$libshutdown$$00000011)
    __rt_lib_shutdown_return                 0x080001d3   Thumb Code     0  libshutdown2.o(.ARM.Collect$$libshutdown$$00000012)
    __rt_lib_shutdown_signal_1               0x080001d3   Thumb Code     0  libshutdown2.o(.ARM.Collect$$libshutdown$$0000000C)
    __rt_lib_shutdown_stdio_1                0x080001d3   Thumb Code     0  libshutdown2.o(.ARM.Collect$$libshutdown$$00000006)
    __rt_lib_shutdown_user_alloc_1           0x080001d3   Thumb Code     0  libshutdown2.o(.ARM.Collect$$libshutdown$$0000000E)
    __rt_entry                               0x080001d5   Thumb Code     0  __rtentry.o(.ARM.Collect$$rtentry$$00000000)
    __rt_entry_presh_1                       0x080001d5   Thumb Code     0  __rtentry2.o(.ARM.Collect$$rtentry$$00000002)
    __rt_entry_sh                            0x080001d5   Thumb Code     0  __rtentry4.o(.ARM.Collect$$rtentry$$00000004)
    __rt_entry_li                            0x080001db   Thumb Code     0  __rtentry2.o(.ARM.Collect$$rtentry$$0000000A)
    __rt_entry_postsh_1                      0x080001db   Thumb Code     0  __rtentry2.o(.ARM.Collect$$rtentry$$00000009)
    __rt_entry_main                          0x080001df   Thumb Code     0  __rtentry2.o(.ARM.Collect$$rtentry$$0000000D)
    __rt_entry_postli_1                      0x080001df   Thumb Code     0  __rtentry2.o(.ARM.Collect$$rtentry$$0000000C)
    __rt_exit                                0x080001e7   Thumb Code     0  rtexit.o(.ARM.Collect$$rtexit$$00000000)
    __rt_exit_ls                             0x080001e9   Thumb Code     0  rtexit2.o(.ARM.Collect$$rtexit$$00000003)
    __rt_exit_prels_1                        0x080001e9   Thumb Code     0  rtexit2.o(.ARM.Collect$$rtexit$$00000002)
    __rt_exit_exit                           0x080001ed   Thumb Code     0  rtexit2.o(.ARM.Collect$$rtexit$$00000004)
    SVC_Handler                              0x080001f5   Thumb Code    32  port.o(.emb_text)
    __asm___6_port_c_39a90d8d__prvStartFirstTask 0x08000219   Thumb Code    28  port.o(.emb_text)
    PendSV_Handler                           0x08000239   Thumb Code    72  port.o(.emb_text)
    vPortGetIPSR                             0x08000285   Thumb Code     6  port.o(.emb_text)
    Reset_Handler                            0x0800028d   Thumb Code     8  startup_stm32f103xb.o(.text)
    ADC1_2_IRQHandler                        0x080002a7   Thumb Code     0  startup_stm32f103xb.o(.text)
    DMA1_Channel1_IRQHandler                 0x080002a7   Thumb Code     0  startup_stm32f103xb.o(.text)
    DMA1_Channel2_IRQHandler                 0x080002a7   Thumb Code     0  startup_stm32f103xb.o(.text)
    DMA1_Channel3_IRQHandler                 0x080002a7   Thumb Code     0  startup_stm32f103xb.o(.text)
    DMA1_Channel4_IRQHandler                 0x080002a7   Thumb Code     0  startup_stm32f103xb.o(.text)
    DMA1_Channel5_IRQHandler                 0x080002a7   Thumb Code     0  startup_stm32f103xb.o(.text)
    DMA1_Channel6_IRQHandler                 0x080002a7   Thumb Code     0  startup_stm32f103xb.o(.text)
    DMA1_Channel7_IRQHandler                 0x080002a7   Thumb Code     0  startup_stm32f103xb.o(.text)
    EXTI0_IRQHandler                         0x080002a7   Thumb Code     0  startup_stm32f103xb.o(.text)
    EXTI15_10_IRQHandler                     0x080002a7   Thumb Code     0  startup_stm32f103xb.o(.text)
    EXTI1_IRQHandler                         0x080002a7   Thumb Code     0  startup_stm32f103xb.o(.text)
    EXTI2_IRQHandler                         0x080002a7   Thumb Code     0  startup_stm32f103xb.o(.text)
    EXTI3_IRQHandler                         0x080002a7   Thumb Code     0  startup_stm32f103xb.o(.text)
    EXTI4_IRQHandler                         0x080002a7   Thumb Code     0  startup_stm32f103xb.o(.text)
    EXTI9_5_IRQHandler                       0x080002a7   Thumb Code     0  startup_stm32f103xb.o(.text)
    FLASH_IRQHandler                         0x080002a7   Thumb Code     0  startup_stm32f103xb.o(.text)
    I2C1_ER_IRQHandler                       0x080002a7   Thumb Code     0  startup_stm32f103xb.o(.text)
    I2C1_EV_IRQHandler                       0x080002a7   Thumb Code     0  startup_stm32f103xb.o(.text)
    I2C2_ER_IRQHandler                       0x080002a7   Thumb Code     0  startup_stm32f103xb.o(.text)
    I2C2_EV_IRQHandler                       0x080002a7   Thumb Code     0  startup_stm32f103xb.o(.text)
    PVD_IRQHandler                           0x080002a7   Thumb Code     0  startup_stm32f103xb.o(.text)
    RCC_IRQHandler                           0x080002a7   Thumb Code     0  startup_stm32f103xb.o(.text)
    RTC_Alarm_IRQHandler                     0x080002a7   Thumb Code     0  startup_stm32f103xb.o(.text)
    RTC_IRQHandler                           0x080002a7   Thumb Code     0  startup_stm32f103xb.o(.text)
    SPI1_IRQHandler                          0x080002a7   Thumb Code     0  startup_stm32f103xb.o(.text)
    SPI2_IRQHandler                          0x080002a7   Thumb Code     0  startup_stm32f103xb.o(.text)
    TAMPER_IRQHandler                        0x080002a7   Thumb Code     0  startup_stm32f103xb.o(.text)
    TIM1_BRK_IRQHandler                      0x080002a7   Thumb Code     0  startup_stm32f103xb.o(.text)
    TIM1_CC_IRQHandler                       0x080002a7   Thumb Code     0  startup_stm32f103xb.o(.text)
    TIM1_TRG_COM_IRQHandler                  0x080002a7   Thumb Code     0  startup_stm32f103xb.o(.text)
    TIM2_IRQHandler                          0x080002a7   Thumb Code     0  startup_stm32f103xb.o(.text)
    TIM4_IRQHandler                          0x080002a7   Thumb Code     0  startup_stm32f103xb.o(.text)
    USART2_IRQHandler                        0x080002a7   Thumb Code     0  startup_stm32f103xb.o(.text)
    USART3_IRQHandler                        0x080002a7   Thumb Code     0  startup_stm32f103xb.o(.text)
    USBWakeUp_IRQHandler                     0x080002a7   Thumb Code     0  startup_stm32f103xb.o(.text)
    USB_HP_CAN1_TX_IRQHandler                0x080002a7   Thumb Code     0  startup_stm32f103xb.o(.text)
    WWDG_IRQHandler                          0x080002a7   Thumb Code     0  startup_stm32f103xb.o(.text)
    __user_initial_stackheap                 0x080002a9   Thumb Code     0  startup_stm32f103xb.o(.text)
    __2sprintf                               0x080002cd   Thumb Code    34  noretval__2sprintf.o(.text)
    _printf_int_dec                          0x080002f5   Thumb Code   104  _printf_dec.o(.text)
    _printf_int_hex                          0x0800036d   Thumb Code    84  _printf_hex_int.o(.text)
    _printf_longlong_hex                     0x0800036d   Thumb Code     0  _printf_hex_int.o(.text)
    __printf                                 0x080003c5   Thumb Code   308  __printf_flags_wp.o(.text)
    __aeabi_memcpy                           0x080004fd   Thumb Code     0  rt_memcpy_v6.o(.text)
    __rt_memcpy                              0x080004fd   Thumb Code   138  rt_memcpy_v6.o(.text)
    _memcpy_lastbytes                        0x08000563   Thumb Code     0  rt_memcpy_v6.o(.text)
    __aeabi_memcpy4                          0x08000587   Thumb Code     0  rt_memcpy_w.o(.text)
    __aeabi_memcpy8                          0x08000587   Thumb Code     0  rt_memcpy_w.o(.text)
    __rt_memcpy_w                            0x08000587   Thumb Code   100  rt_memcpy_w.o(.text)
    _memcpy_lastbytes_aligned                0x080005cf   Thumb Code     0  rt_memcpy_w.o(.text)
    __aeabi_memclr                           0x080005eb   Thumb Code     0  rt_memclr.o(.text)
    __rt_memclr                              0x080005eb   Thumb Code    68  rt_memclr.o(.text)
    _memset                                  0x080005ef   Thumb Code     0  rt_memclr.o(.text)
    __aeabi_memclr4                          0x0800062f   Thumb Code     0  rt_memclr_w.o(.text)
    __aeabi_memclr8                          0x0800062f   Thumb Code     0  rt_memclr_w.o(.text)
    __rt_memclr_w                            0x0800062f   Thumb Code    78  rt_memclr_w.o(.text)
    _memset_w                                0x08000633   Thumb Code     0  rt_memclr_w.o(.text)
    __use_two_region_memory                  0x0800067d   Thumb Code     2  heapauxi.o(.text)
    __rt_heap_escrow$2region                 0x0800067f   Thumb Code     2  heapauxi.o(.text)
    __rt_heap_expand$2region                 0x08000681   Thumb Code     2  heapauxi.o(.text)
    __read_errno                             0x08000683   Thumb Code    10  _rserrno.o(.text)
    __set_errno                              0x0800068d   Thumb Code    12  _rserrno.o(.text)
    _printf_int_common                       0x08000699   Thumb Code   178  _printf_intcommon.o(.text)
    __lib_sel_fp_printf                      0x0800074b   Thumb Code     2  _printf_fp_dec.o(.text)
    _printf_fp_dec_real                      0x080008fd   Thumb Code   620  _printf_fp_dec.o(.text)
    _printf_char_common                      0x08000b73   Thumb Code    32  _printf_char_common.o(.text)
    _sputc                                   0x08000b99   Thumb Code    10  _sputc.o(.text)
    _sys_exit                                0x08000ba5   Thumb Code     8  sys_exit.o(.text)
    __rt_locale                              0x08000bb1   Thumb Code     8  rt_locale_intlibspace.o(.text)
    __aeabi_errno_addr                       0x08000bb9   Thumb Code     8  rt_errno_addr_intlibspace.o(.text)
    __errno$intlibspace                      0x08000bb9   Thumb Code     0  rt_errno_addr_intlibspace.o(.text)
    __rt_errno_addr$intlibspace              0x08000bb9   Thumb Code     0  rt_errno_addr_intlibspace.o(.text)
    _ll_udiv10                               0x08000bc1   Thumb Code   138  lludiv10.o(.text)
    _printf_fp_infnan                        0x08000c4d   Thumb Code   112  _printf_fp_infnan.o(.text)
    _btod_etento                             0x08000ccd   Thumb Code   224  bigflt0.o(.text)
    __user_libspace                          0x08000db1   Thumb Code     8  libspace.o(.text)
    __user_perproc_libspace                  0x08000db1   Thumb Code     0  libspace.o(.text)
    __user_perthread_libspace                0x08000db1   Thumb Code     0  libspace.o(.text)
    __I$use$semihosting                      0x08000db9   Thumb Code     0  use_no_semi.o(.text)
    __use_no_semihosting_swi                 0x08000db9   Thumb Code     2  use_no_semi.o(.text)
    __semihosting_library_function           0x08000dbb   Thumb Code     0  indicate_semi.o(.text)
    __user_setup_stackheap                   0x08000dbb   Thumb Code    74  sys_stackheap_outer.o(.text)
    exit                                     0x08000e05   Thumb Code    18  exit.o(.text)
    strcmp                                   0x08000e19   Thumb Code   128  strcmpv7m.o(.text)
    _btod_d2e                                0x08000e99   Thumb Code    62  btod.o(CL$$btod_d2e)
    _d2e_denorm_low                          0x08000ed7   Thumb Code    70  btod.o(CL$$btod_d2e_denorm_low)
    _d2e_norm_op1                            0x08000f1d   Thumb Code    96  btod.o(CL$$btod_d2e_norm_op1)
    __btod_div_common                        0x08000f7d   Thumb Code   696  btod.o(CL$$btod_div_common)
    _e2e                                     0x080012b5   Thumb Code   220  btod.o(CL$$btod_e2e)
    _btod_ediv                               0x08001391   Thumb Code    42  btod.o(CL$$btod_ediv)
    _btod_emul                               0x080013bb   Thumb Code    42  btod.o(CL$$btod_emul)
    __btod_mult_common                       0x080013e5   Thumb Code   580  btod.o(CL$$btod_mult_common)
    BusFault_Handler                         0x08001629   Thumb Code     4  stm32f1xx_it.o(i.BusFault_Handler)
    CAN1_RX1_IRQHandler                      0x0800162d   Thumb Code    10  stm32f1xx_it.o(i.CAN1_RX1_IRQHandler)
    CAN1_SCE_IRQHandler                      0x0800163d   Thumb Code    10  stm32f1xx_it.o(i.CAN1_SCE_IRQHandler)
    DebugMon_Handler                         0x0800164d   Thumb Code     2  stm32f1xx_it.o(i.DebugMon_Handler)
    Error_Handler                            0x0800164f   Thumb Code     6  main.o(i.Error_Handler)
    GPS_Init                                 0x08001655   Thumb Code    12  mnp_msg.o(i.GPS_Init)
    Get_Module_Address                       0x08001663   Thumb Code     4  pins.o(i.Get_Module_Address)
    HAL_CAN_ErrorCallback                    0x08001669   Thumb Code    48  can.o(i.HAL_CAN_ErrorCallback)
    HAL_CAN_GetError                         0x080016b1   Thumb Code     6  stm32f1xx_hal_can.o(i.HAL_CAN_GetError)
    HAL_CAN_GetRxMessage                     0x080016b7   Thumb Code   378  stm32f1xx_hal_can.o(i.HAL_CAN_GetRxMessage)
    HAL_CAN_IRQHandler                       0x08001831   Thumb Code   590  stm32f1xx_hal_can.o(i.HAL_CAN_IRQHandler)
    HAL_CAN_Init                             0x08001a7f   Thumb Code   372  stm32f1xx_hal_can.o(i.HAL_CAN_Init)
    HAL_CAN_MspInit                          0x08001bf5   Thumb Code   170  can.o(i.HAL_CAN_MspInit)
    HAL_CAN_RxFifo0FullCallback              0x08001cad   Thumb Code    34  can.o(i.HAL_CAN_RxFifo0FullCallback)
    HAL_CAN_RxFifo0MsgPendingCallback        0x08001ce9   Thumb Code    56  can.o(i.HAL_CAN_RxFifo0MsgPendingCallback)
    HAL_CAN_RxFifo1FullCallback              0x08001d45   Thumb Code    34  can.o(i.HAL_CAN_RxFifo1FullCallback)
    HAL_CAN_RxFifo1MsgPendingCallback        0x08001d81   Thumb Code    56  can.o(i.HAL_CAN_RxFifo1MsgPendingCallback)
    HAL_CAN_SleepCallback                    0x08001de1   Thumb Code     2  stm32f1xx_hal_can.o(i.HAL_CAN_SleepCallback)
    HAL_CAN_TxMailbox0AbortCallback          0x08001de3   Thumb Code     2  stm32f1xx_hal_can.o(i.HAL_CAN_TxMailbox0AbortCallback)
    HAL_CAN_TxMailbox0CompleteCallback       0x08001de5   Thumb Code     2  stm32f1xx_hal_can.o(i.HAL_CAN_TxMailbox0CompleteCallback)
    HAL_CAN_TxMailbox1AbortCallback          0x08001de7   Thumb Code     2  stm32f1xx_hal_can.o(i.HAL_CAN_TxMailbox1AbortCallback)
    HAL_CAN_TxMailbox1CompleteCallback       0x08001de9   Thumb Code     2  stm32f1xx_hal_can.o(i.HAL_CAN_TxMailbox1CompleteCallback)
    HAL_CAN_TxMailbox2AbortCallback          0x08001deb   Thumb Code     2  stm32f1xx_hal_can.o(i.HAL_CAN_TxMailbox2AbortCallback)
    HAL_CAN_TxMailbox2CompleteCallback       0x08001ded   Thumb Code     2  stm32f1xx_hal_can.o(i.HAL_CAN_TxMailbox2CompleteCallback)
    HAL_CAN_WakeUpFromRxMsgCallback          0x08001def   Thumb Code     2  stm32f1xx_hal_can.o(i.HAL_CAN_WakeUpFromRxMsgCallback)
    HAL_GPIO_Init                            0x08001df1   Thumb Code   766  stm32f1xx_hal_gpio.o(i.HAL_GPIO_Init)
    HAL_GetTick                              0x08002111   Thumb Code     6  stm32f1xx_hal.o(i.HAL_GetTick)
    HAL_IncTick                              0x0800211d   Thumb Code    16  stm32f1xx_hal.o(i.HAL_IncTick)
    HAL_Init                                 0x08002135   Thumb Code    34  stm32f1xx_hal.o(i.HAL_Init)
    HAL_InitTick                             0x0800215d   Thumb Code   138  stm32f1xx_hal_timebase_tim.o(i.HAL_InitTick)
    HAL_MspInit                              0x080021fd   Thumb Code    86  stm32f1xx_hal_msp.o(i.HAL_MspInit)
    HAL_NVIC_EnableIRQ                       0x0800225d   Thumb Code    32  stm32f1xx_hal_cortex.o(i.HAL_NVIC_EnableIRQ)
    HAL_NVIC_SetPriority                     0x0800227d   Thumb Code   124  stm32f1xx_hal_cortex.o(i.HAL_NVIC_SetPriority)
    HAL_NVIC_SetPriorityGrouping             0x080022f9   Thumb Code    32  stm32f1xx_hal_cortex.o(i.HAL_NVIC_SetPriorityGrouping)
    HAL_RCC_ClockConfig                      0x08002321   Thumb Code   376  stm32f1xx_hal_rcc.o(i.HAL_RCC_ClockConfig)
    HAL_RCC_GetClockConfig                   0x080024ad   Thumb Code    58  stm32f1xx_hal_rcc.o(i.HAL_RCC_GetClockConfig)
    HAL_RCC_GetHCLKFreq                      0x080024f1   Thumb Code     6  stm32f1xx_hal_rcc.o(i.HAL_RCC_GetHCLKFreq)
    HAL_RCC_GetPCLK2Freq                     0x080024fd   Thumb Code    22  stm32f1xx_hal_rcc.o(i.HAL_RCC_GetPCLK2Freq)
    HAL_RCC_GetSysClockFreq                  0x0800251d   Thumb Code   116  stm32f1xx_hal_rcc.o(i.HAL_RCC_GetSysClockFreq)
    HAL_RCC_OscConfig                        0x080025b1   Thumb Code  1114  stm32f1xx_hal_rcc.o(i.HAL_RCC_OscConfig)
    HAL_TIMEx_BreakCallback                  0x08002a15   Thumb Code     2  stm32f1xx_hal_tim_ex.o(i.HAL_TIMEx_BreakCallback)
    HAL_TIMEx_CommutCallback                 0x08002a17   Thumb Code     2  stm32f1xx_hal_tim_ex.o(i.HAL_TIMEx_CommutCallback)
    HAL_TIM_Base_Init                        0x08002a19   Thumb Code   102  stm32f1xx_hal_tim.o(i.HAL_TIM_Base_Init)
    HAL_TIM_Base_MspInit                     0x08002a7f   Thumb Code     2  stm32f1xx_hal_tim.o(i.HAL_TIM_Base_MspInit)
    HAL_TIM_Base_Start_IT                    0x08002a81   Thumb Code   106  stm32f1xx_hal_tim.o(i.HAL_TIM_Base_Start_IT)
    HAL_TIM_IC_CaptureCallback               0x08002af9   Thumb Code     2  stm32f1xx_hal_tim.o(i.HAL_TIM_IC_CaptureCallback)
    HAL_TIM_IRQHandler                       0x08002afb   Thumb Code   406  stm32f1xx_hal_tim.o(i.HAL_TIM_IRQHandler)
    HAL_TIM_OC_DelayElapsedCallback          0x08002c91   Thumb Code     2  stm32f1xx_hal_tim.o(i.HAL_TIM_OC_DelayElapsedCallback)
    HAL_TIM_PWM_PulseFinishedCallback        0x08002c93   Thumb Code     2  stm32f1xx_hal_tim.o(i.HAL_TIM_PWM_PulseFinishedCallback)
    HAL_TIM_PeriodElapsedCallback            0x08002c95   Thumb Code    18  main.o(i.HAL_TIM_PeriodElapsedCallback)
    HAL_TIM_TriggerCallback                  0x08002cad   Thumb Code     2  stm32f1xx_hal_tim.o(i.HAL_TIM_TriggerCallback)
    HardFault_Handler                        0x08002caf   Thumb Code     4  stm32f1xx_it.o(i.HardFault_Handler)
    LL_GPIO_Init                             0x08002ced   Thumb Code   296  stm32f1xx_ll_gpio.o(i.LL_GPIO_Init)
    LL_RCC_GetSystemClocksFreq               0x08002e1d   Thumb Code    36  stm32f1xx_ll_rcc.o(i.LL_RCC_GetSystemClocksFreq)
    LL_USART_Init                            0x08002e5d   Thumb Code   134  stm32f1xx_ll_usart.o(i.LL_USART_Init)
    MNP_UART_Puts                            0x080031cd   Thumb Code    36  usart.o(i.MNP_UART_Puts)
    MX_CAN_Init                              0x080031f1   Thumb Code    68  can.o(i.MX_CAN_Init)
    MX_FREERTOS_Init                         0x0800323d   Thumb Code   126  freertos.o(i.MX_FREERTOS_Init)
    MX_GPIO_Init                             0x080032d5   Thumb Code    74  gpio.o(i.MX_GPIO_Init)
    MX_USART1_UART_Init                      0x08003329   Thumb Code   360  usart.o(i.MX_USART1_UART_Init)
    MX_USART2_UART_Init                      0x080034b1   Thumb Code   144  usart.o(i.MX_USART2_UART_Init)
    MemManage_Handler                        0x0800354d   Thumb Code     4  stm32f1xx_it.o(i.MemManage_Handler)
    NMI_Handler                              0x08003551   Thumb Code     4  stm32f1xx_it.o(i.NMI_Handler)
    Parse_GPS_msg                            0x08003555   Thumb Code    40  freertos.o(i.Parse_GPS_msg)
    Parse_MNP_MSG                            0x08003585   Thumb Code   828  mnp_msg.o(i.Parse_MNP_MSG)
    RCC_GetHCLKClockFreq                     0x080039e5   Thumb Code    24  stm32f1xx_ll_rcc.o(i.RCC_GetHCLKClockFreq)
    RCC_GetPCLK1ClockFreq                    0x08003a05   Thumb Code    26  stm32f1xx_ll_rcc.o(i.RCC_GetPCLK1ClockFreq)
    RCC_GetPCLK2ClockFreq                    0x08003a29   Thumb Code    26  stm32f1xx_ll_rcc.o(i.RCC_GetPCLK2ClockFreq)
    RCC_GetSystemClockFreq                   0x08003a4d   Thumb Code    52  stm32f1xx_ll_rcc.o(i.RCC_GetSystemClockFreq)
    RCC_PLL_GetFreqDomain_SYS                0x08003a89   Thumb Code    76  stm32f1xx_ll_rcc.o(i.RCC_PLL_GetFreqDomain_SYS)
    RING_Clear                               0x08003ae1   Thumb Code    20  ring_buffer.o(i.RING_Clear)
    RING_GetCount                            0x08003af5   Thumb Code    36  ring_buffer.o(i.RING_GetCount)
    RING_Init                                0x08003b19   Thumb Code    30  ring_buffer.o(i.RING_Init)
    RING_Pop                                 0x08003b37   Thumb Code    26  ring_buffer.o(i.RING_Pop)
    RING_Put                                 0x08003b51   Thumb Code    24  ring_buffer.o(i.RING_Put)
    StartDefaultTask                         0x08003b69   Thumb Code    34  freertos.o(i.StartDefaultTask)
    Switch_Led                               0x08003b91   Thumb Code    72  freertos.o(i.Switch_Led)
    SysTick_Handler                          0x08003be1   Thumb Code    46  port.o(i.SysTick_Handler)
    SystemClock_Config                       0x08003c15   Thumb Code   102  main.o(i.SystemClock_Config)
    SystemInit                               0x08003c7b   Thumb Code     2  system_stm32f1xx.o(i.SystemInit)
    TIM1_UP_IRQHandler                       0x08003c7d   Thumb Code    10  stm32f1xx_it.o(i.TIM1_UP_IRQHandler)
    TIM3_IRQHandler                          0x08003c8d   Thumb Code     2  stm32f1xx_it.o(i.TIM3_IRQHandler)
    TIM_Base_SetConfig                       0x08003c91   Thumb Code   104  stm32f1xx_hal_tim.o(i.TIM_Base_SetConfig)
    UART2_PutByte                            0x08003d05   Thumb Code    22  usart.o(i.UART2_PutByte)
    UART2_PutString                          0x08003d21   Thumb Code    22  usart.o(i.UART2_PutString)
    UART_CharReception_Callback              0x08003d39   Thumb Code    22  usart.o(i.UART_CharReception_Callback)
    USART1_IRQHandler                        0x08003d59   Thumb Code   188  stm32f1xx_it.o(i.USART1_IRQHandler)
    USB_LP_CAN1_RX0_IRQHandler               0x08003e49   Thumb Code    10  stm32f1xx_it.o(i.USB_LP_CAN1_RX0_IRQHandler)
    UsageFault_Handler                       0x08003e59   Thumb Code     4  stm32f1xx_it.o(i.UsageFault_Handler)
    __ARM_fpclassify                         0x08003e5d   Thumb Code    40  fpclassify.o(i.__ARM_fpclassify)
    __kernel_poly                            0x08003ebd   Thumb Code   170  poly.o(i.__kernel_poly)
    __mathlib_dbl_divzero                    0x08003f69   Thumb Code    12  dunder.o(i.__mathlib_dbl_divzero)
    __mathlib_dbl_infnan2                    0x08003f79   Thumb Code     4  dunder.o(i.__mathlib_dbl_infnan2)
    __mathlib_dbl_invalid                    0x08003f7d   Thumb Code    12  dunder.o(i.__mathlib_dbl_invalid)
    __mathlib_dbl_overflow                   0x08003f89   Thumb Code    14  dunder.o(i.__mathlib_dbl_overflow)
    __mathlib_dbl_underflow                  0x08003f99   Thumb Code    10  dunder.o(i.__mathlib_dbl_underflow)
    _is_digit                                0x08003fa9   Thumb Code    14  __printf_wp.o(i._is_digit)
    main                                     0x08003fc7   Thumb Code    36  main.o(i.main)
    osDelay                                  0x08003ff9   Thumb Code    24  cmsis_os.o(i.osDelay)
    osDelayUntil                             0x08004011   Thumb Code    28  cmsis_os.o(i.osDelayUntil)
    osKernelStart                            0x0800402d   Thumb Code    10  cmsis_os.o(i.osKernelStart)
    osKernelSysTick                          0x08004037   Thumb Code    20  cmsis_os.o(i.osKernelSysTick)
    osProgTimerGPSCfgCallback                0x0800404d   Thumb Code    12  freertos.o(i.osProgTimerGPSCfgCallback)
    osProgTimerGPSUARTTimeoutCallback        0x0800405d   Thumb Code     2  freertos.o(i.osProgTimerGPSUARTTimeoutCallback)
    osThreadCreate                           0x0800405f   Thumb Code    94  cmsis_os.o(i.osThreadCreate)
    osTimerCreate                            0x080040bd   Thumb Code    72  cmsis_os.o(i.osTimerCreate)
    osTimerStart                             0x08004109   Thumb Code   100  cmsis_os.o(i.osTimerStart)
    pow                                      0x08004171   Thumb Code  2512  pow.o(i.pow)
    pvPortMalloc                             0x08005541   Thumb Code   296  heap_4.o(i.pvPortMalloc)
    pxPortInitialiseStack                    0x0800567d   Thumb Code    30  port.o(i.pxPortInitialiseStack)
    sqrt                                     0x080056a1   Thumb Code    76  sqrt.o(i.sqrt)
    uxListRemove                             0x080056ed   Thumb Code    40  list.o(i.uxListRemove)
    vApplicationGetIdleTaskMemory            0x08005715   Thumb Code    14  freertos.o(i.vApplicationGetIdleTaskMemory)
    vApplicationGetTimerTaskMemory           0x0800572d   Thumb Code    16  freertos.o(i.vApplicationGetTimerTaskMemory)
    vListInitialise                          0x08005745   Thumb Code    26  list.o(i.vListInitialise)
    vListInitialiseItem                      0x0800575f   Thumb Code     6  list.o(i.vListInitialiseItem)
    vListInsert                              0x08005765   Thumb Code    52  list.o(i.vListInsert)
    vListInsertEnd                           0x08005799   Thumb Code    24  list.o(i.vListInsertEnd)
    vPortEnterCritical                       0x080057b1   Thumb Code    76  port.o(i.vPortEnterCritical)
    vPortExitCritical                        0x08005805   Thumb Code    56  port.o(i.vPortExitCritical)
    vPortFree                                0x08005841   Thumb Code   140  heap_4.o(i.vPortFree)
    vPortSetupTimerInterrupt                 0x080058d5   Thumb Code    36  port.o(i.vPortSetupTimerInterrupt)
    vPortValidateInterruptPriority           0x080058fd   Thumb Code   106  port.o(i.vPortValidateInterruptPriority)
    vQueueAddToRegistry                      0x08005975   Thumb Code    38  queue.o(i.vQueueAddToRegistry)
    vQueueWaitForMessageRestricted           0x080059a1   Thumb Code    74  queue.o(i.vQueueWaitForMessageRestricted)
    vTaskDelay                               0x080059ed   Thumb Code    82  tasks.o(i.vTaskDelay)
    vTaskDelayUntil                          0x08005a49   Thumb Code   200  tasks.o(i.vTaskDelayUntil)
    vTaskInternalSetTimeOutState             0x08005b1d   Thumb Code    14  tasks.o(i.vTaskInternalSetTimeOutState)
    vTaskMissedYield                         0x08005b35   Thumb Code     8  tasks.o(i.vTaskMissedYield)
    vTaskPlaceOnEventList                    0x08005b41   Thumb Code    52  tasks.o(i.vTaskPlaceOnEventList)
    vTaskPlaceOnEventListRestricted          0x08005b79   Thumb Code    60  tasks.o(i.vTaskPlaceOnEventListRestricted)
    vTaskStartScheduler                      0x08005bb9   Thumb Code   156  tasks.o(i.vTaskStartScheduler)
    vTaskSuspendAll                          0x08005c71   Thumb Code    12  tasks.o(i.vTaskSuspendAll)
    vTaskSwitchContext                       0x08005c81   Thumb Code   118  tasks.o(i.vTaskSwitchContext)
    xPortStartScheduler                      0x08005d0d   Thumb Code   228  port.o(i.xPortStartScheduler)
    xQueueGenericCreateStatic                0x08005e05   Thumb Code   222  queue.o(i.xQueueGenericCreateStatic)
    xQueueGenericReset                       0x08005ee5   Thumb Code   146  queue.o(i.xQueueGenericReset)
    xQueueGenericSend                        0x08005f7d   Thumb Code   420  queue.o(i.xQueueGenericSend)
    xQueueGenericSendFromISR                 0x08006125   Thumb Code   248  queue.o(i.xQueueGenericSendFromISR)
    xQueueReceive                            0x0800621d   Thumb Code   356  queue.o(i.xQueueReceive)
    xTaskCheckForTimeOut                     0x08006385   Thumb Code   132  tasks.o(i.xTaskCheckForTimeOut)
    xTaskCreate                              0x08006411   Thumb Code   100  tasks.o(i.xTaskCreate)
    xTaskCreateStatic                        0x08006475   Thumb Code   184  tasks.o(i.xTaskCreateStatic)
    xTaskGetSchedulerState                   0x0800652d   Thumb Code    24  tasks.o(i.xTaskGetSchedulerState)
    xTaskGetTickCount                        0x0800654d   Thumb Code     6  tasks.o(i.xTaskGetTickCount)
    xTaskGetTickCountFromISR                 0x08006559   Thumb Code    16  tasks.o(i.xTaskGetTickCountFromISR)
    xTaskIncrementTick                       0x0800656d   Thumb Code   282  tasks.o(i.xTaskIncrementTick)
    xTaskPriorityDisinherit                  0x080066b5   Thumb Code   188  tasks.o(i.xTaskPriorityDisinherit)
    xTaskRemoveFromEventList                 0x0800677d   Thumb Code   128  tasks.o(i.xTaskRemoveFromEventList)
    xTaskResumeAll                           0x08006815   Thumb Code   224  tasks.o(i.xTaskResumeAll)
    xTimerCreate                             0x08006919   Thumb Code    54  timers.o(i.xTimerCreate)
    xTimerCreateStatic                       0x0800694f   Thumb Code   112  timers.o(i.xTimerCreateStatic)
    xTimerCreateTimerTask                    0x080069c1   Thumb Code   100  timers.o(i.xTimerCreateTimerTask)
    xTimerGenericCommand                     0x08006a39   Thumb Code   126  timers.o(i.xTimerGenericCommand)
    _get_lc_numeric                          0x08006abd   Thumb Code    44  lc_numeric_c.o(locale$$code)
    __aeabi_d2f                              0x08006ae9   Thumb Code     0  d2f.o(x$fpl$d2f)
    _d2f                                     0x08006ae9   Thumb Code    98  d2f.o(x$fpl$d2f)
    __aeabi_dadd                             0x08006b4d   Thumb Code     0  daddsub_clz.o(x$fpl$dadd)
    _dadd                                    0x08006b4d   Thumb Code   332  daddsub_clz.o(x$fpl$dadd)
    __fpl_dcheck_NaN1                        0x08006c9d   Thumb Code    10  dcheck1.o(x$fpl$dcheck1)
    __fpl_dcmp_Inf                           0x08006cad   Thumb Code    24  dcmpi.o(x$fpl$dcmpinf)
    __aeabi_ddiv                             0x08006cc5   Thumb Code     0  ddiv.o(x$fpl$ddiv)
    _ddiv                                    0x08006cc5   Thumb Code   552  ddiv.o(x$fpl$ddiv)
    __aeabi_i2d                              0x08006f75   Thumb Code     0  dflt_clz.o(x$fpl$dflt)
    _dflt                                    0x08006f75   Thumb Code    46  dflt_clz.o(x$fpl$dflt)
    __aeabi_cdcmple                          0x08006fa5   Thumb Code     0  dleqf.o(x$fpl$dleqf)
    _dcmple                                  0x08006fa5   Thumb Code   120  dleqf.o(x$fpl$dleqf)
    __fpl_dcmple_InfNaN                      0x08007007   Thumb Code     0  dleqf.o(x$fpl$dleqf)
    __aeabi_dmul                             0x0800701d   Thumb Code     0  dmul.o(x$fpl$dmul)
    _dmul                                    0x0800701d   Thumb Code   332  dmul.o(x$fpl$dmul)
    __fpl_dnaninf                            0x08007171   Thumb Code   156  dnaninf.o(x$fpl$dnaninf)
    __fpl_dretinf                            0x0800720d   Thumb Code    12  dretinf.o(x$fpl$dretinf)
    __aeabi_cdrcmple                         0x08007219   Thumb Code     0  drleqf.o(x$fpl$drleqf)
    _drcmple                                 0x08007219   Thumb Code   108  drleqf.o(x$fpl$drleqf)
    __aeabi_drsub                            0x08007285   Thumb Code     0  daddsub_clz.o(x$fpl$drsb)
    _drsb                                    0x08007285   Thumb Code    22  daddsub_clz.o(x$fpl$drsb)
    _dsqrt                                   0x0800729d   Thumb Code   456  dsqrt_noumaal.o(x$fpl$dsqrt)
    __aeabi_dsub                             0x08007469   Thumb Code     0  daddsub_clz.o(x$fpl$dsub)
    _dsub                                    0x08007469   Thumb Code   464  daddsub_clz.o(x$fpl$dsub)
    __aeabi_f2d                              0x0800763d   Thumb Code     0  f2d.o(x$fpl$f2d)
    _f2d                                     0x0800763d   Thumb Code    86  f2d.o(x$fpl$f2d)
    __fpl_fnaninf                            0x08007693   Thumb Code   140  fnaninf.o(x$fpl$fnaninf)
    __fpl_fretinf                            0x0800771f   Thumb Code    10  fretinf.o(x$fpl$fretinf)
    _printf_fp_dec                           0x08007729   Thumb Code     4  printf1.o(x$fpl$printf1)
    __fpl_return_NaN                         0x0800772d   Thumb Code   100  retnan.o(x$fpl$retnan)
    __ARM_scalbn                             0x08007791   Thumb Code    92  scalbn.o(x$fpl$scalbn)
    __fpl_cmpreturn                          0x080077ed   Thumb Code    48  trapv.o(x$fpl$trapveneer)
    __I$use$fp                               0x0800781c   Number         0  usenofp.o(x$fpl$usenofp)
    AHBPrescTable                            0x080078ac   Data          16  system_stm32f1xx.o(.constdata)
    APBPrescTable                            0x080078bc   Data           8  system_stm32f1xx.o(.constdata)
    __mathlib_zero                           0x08007988   Data           8  qnan.o(.constdata)
    Region$$Table$$Base                      0x08007a54   Number         0  anon$$obj.o(Region$$Table)
    Region$$Table$$Limit                     0x08007a74   Number         0  anon$$obj.o(Region$$Table)
    MKS2                                     0x20000000   Data          24  mnp_msg.o(.data)
    MNP_M7_CFG                               0x20000018   Data           8  mnp_msg.o(.data)
    MNP_GET_MSG                              0x20000028   Data         536  freertos.o(.data)
    osProgTimerGPSUARTTimeout                0x20000240   Data           4  freertos.o(.data)
    osProgTimerGPSCfg                        0x20000244   Data           4  freertos.o(.data)
    Task_Parse_GPS_msg_Handle                0x20000248   Data           4  freertos.o(.data)
    Task_Switch_Led_Handle                   0x2000024c   Data           4  freertos.o(.data)
    defaultTaskHandle                        0x20000250   Data           4  freertos.o(.data)
    g_MyFlags                                0x20000278   Data           4  can.o(.data)
    uwTick                                   0x20000288   Data           4  stm32f1xx_hal.o(.data)
    uwTickPrio                               0x2000028c   Data           4  stm32f1xx_hal.o(.data)
    uwTickFreq                               0x20000290   Data           1  stm32f1xx_hal.o(.data)
    SystemCoreClock                          0x20000294   Data           4  system_stm32f1xx.o(.data)
    pxCurrentTCB                             0x20000298   Data           4  tasks.o(.data)
    MNP_PUT_MSG                              0x20000310   Data         536  freertos.o(.bss)
    hcan                                     0x20000c10   Data          40  can.o(.bss)
    buffer_TX_UART2                          0x20000c38   Data          80  usart.o(.bss)
    RING_buffer                              0x20000c88   Data          12  usart.o(.bss)
    uart_buffer                              0x20000c94   Data         512  usart.o(.bss)
    htim1                                    0x20000e94   Data          72  stm32f1xx_hal_timebase_tim.o(.bss)
    xQueueRegistry                           0x20000edc   Data          64  queue.o(.bss)
    __libspace_start                         0x20001cf4   Data          96  libspace.o(.bss)
    __temporary_stack_top$libspace           0x20001d54   Data           0  libspace.o(.bss)



==============================================================================

Memory Map of the image

  Image Entry point : 0x080000ed

  Load Region LR_IROM1 (Base: 0x08000000, Size: 0x00007d9c, Max: 0x00010000, ABSOLUTE, COMPRESSED[0x00007ab8])

    Execution Region ER_IROM1 (Exec base: 0x08000000, Load base: 0x08000000, Size: 0x00007a90, Max: 0x00010000, ABSOLUTE)

    Exec Addr    Load Addr    Size         Type   Attr      Idx    E Section Name        Object

    0x08000000   0x08000000   0x000000ec   Data   RO            3    RESET               startup_stm32f103xb.o
    0x080000ec   0x080000ec   0x00000008   Code   RO         5599  * !!!main             c_w.l(__main.o)
    0x080000f4   0x080000f4   0x00000034   Code   RO         5932    !!!scatter          c_w.l(__scatter.o)
    0x08000128   0x08000128   0x0000005a   Code   RO         5930    !!dczerorl2         c_w.l(__dczerorl2.o)
    0x08000182   0x08000182   0x00000002   PAD
    0x08000184   0x08000184   0x0000001c   Code   RO         5934    !!handler_zi        c_w.l(__scatter_zi.o)
    0x080001a0   0x080001a0   0x00000000   Code   RO         5575    .ARM.Collect$$_printf_percent$$00000000  c_w.l(_printf_percent.o)
    0x080001a0   0x080001a0   0x00000006   Code   RO         5574    .ARM.Collect$$_printf_percent$$00000003  c_w.l(_printf_f.o)
    0x080001a6   0x080001a6   0x00000006   Code   RO         5572    .ARM.Collect$$_printf_percent$$00000009  c_w.l(_printf_d.o)
    0x080001ac   0x080001ac   0x00000006   Code   RO         5573    .ARM.Collect$$_printf_percent$$0000000A  c_w.l(_printf_u.o)
    0x080001b2   0x080001b2   0x00000006   Code   RO         5571    .ARM.Collect$$_printf_percent$$0000000C  c_w.l(_printf_x.o)
    0x080001b8   0x080001b8   0x00000004   Code   RO         5648    .ARM.Collect$$_printf_percent$$00000017  c_w.l(_printf_percent_end.o)
    0x080001bc   0x080001bc   0x00000002   Code   RO         5806    .ARM.Collect$$libinit$$00000000  c_w.l(libinit.o)
    0x080001be   0x080001be   0x00000000   Code   RO         5808    .ARM.Collect$$libinit$$00000002  c_w.l(libinit2.o)
    0x080001be   0x080001be   0x00000000   Code   RO         5810    .ARM.Collect$$libinit$$00000004  c_w.l(libinit2.o)
    0x080001be   0x080001be   0x00000000   Code   RO         5813    .ARM.Collect$$libinit$$0000000A  c_w.l(libinit2.o)
    0x080001be   0x080001be   0x00000000   Code   RO         5815    .ARM.Collect$$libinit$$0000000C  c_w.l(libinit2.o)
    0x080001be   0x080001be   0x00000000   Code   RO         5817    .ARM.Collect$$libinit$$0000000E  c_w.l(libinit2.o)
    0x080001be   0x080001be   0x00000006   Code   RO         5818    .ARM.Collect$$libinit$$0000000F  c_w.l(libinit2.o)
    0x080001c4   0x080001c4   0x00000000   Code   RO         5820    .ARM.Collect$$libinit$$00000011  c_w.l(libinit2.o)
    0x080001c4   0x080001c4   0x00000000   Code   RO         5822    .ARM.Collect$$libinit$$00000013  c_w.l(libinit2.o)
    0x080001c4   0x080001c4   0x00000000   Code   RO         5824    .ARM.Collect$$libinit$$00000015  c_w.l(libinit2.o)
    0x080001c4   0x080001c4   0x0000000a   Code   RO         5825    .ARM.Collect$$libinit$$00000016  c_w.l(libinit2.o)
    0x080001ce   0x080001ce   0x00000000   Code   RO         5826    .ARM.Collect$$libinit$$00000017  c_w.l(libinit2.o)
    0x080001ce   0x080001ce   0x00000000   Code   RO         5828    .ARM.Collect$$libinit$$00000019  c_w.l(libinit2.o)
    0x080001ce   0x080001ce   0x00000000   Code   RO         5830    .ARM.Collect$$libinit$$0000001B  c_w.l(libinit2.o)
    0x080001ce   0x080001ce   0x00000000   Code   RO         5832    .ARM.Collect$$libinit$$0000001D  c_w.l(libinit2.o)
    0x080001ce   0x080001ce   0x00000000   Code   RO         5834    .ARM.Collect$$libinit$$0000001F  c_w.l(libinit2.o)
    0x080001ce   0x080001ce   0x00000000   Code   RO         5836    .ARM.Collect$$libinit$$00000021  c_w.l(libinit2.o)
    0x080001ce   0x080001ce   0x00000000   Code   RO         5838    .ARM.Collect$$libinit$$00000023  c_w.l(libinit2.o)
    0x080001ce   0x080001ce   0x00000000   Code   RO         5840    .ARM.Collect$$libinit$$00000025  c_w.l(libinit2.o)
    0x080001ce   0x080001ce   0x00000000   Code   RO         5844    .ARM.Collect$$libinit$$0000002C  c_w.l(libinit2.o)
    0x080001ce   0x080001ce   0x00000000   Code   RO         5846    .ARM.Collect$$libinit$$0000002E  c_w.l(libinit2.o)
    0x080001ce   0x080001ce   0x00000000   Code   RO         5848    .ARM.Collect$$libinit$$00000030  c_w.l(libinit2.o)
    0x080001ce   0x080001ce   0x00000000   Code   RO         5850    .ARM.Collect$$libinit$$00000032  c_w.l(libinit2.o)
    0x080001ce   0x080001ce   0x00000002   Code   RO         5851    .ARM.Collect$$libinit$$00000033  c_w.l(libinit2.o)
    0x080001d0   0x080001d0   0x00000002   Code   RO         5909    .ARM.Collect$$libshutdown$$00000000  c_w.l(libshutdown.o)
    0x080001d2   0x080001d2   0x00000000   Code   RO         5911    .ARM.Collect$$libshutdown$$00000002  c_w.l(libshutdown2.o)
    0x080001d2   0x080001d2   0x00000000   Code   RO         5913    .ARM.Collect$$libshutdown$$00000004  c_w.l(libshutdown2.o)
    0x080001d2   0x080001d2   0x00000000   Code   RO         5915    .ARM.Collect$$libshutdown$$00000006  c_w.l(libshutdown2.o)
    0x080001d2   0x080001d2   0x00000000   Code   RO         5918    .ARM.Collect$$libshutdown$$00000009  c_w.l(libshutdown2.o)
    0x080001d2   0x080001d2   0x00000000   Code   RO         5921    .ARM.Collect$$libshutdown$$0000000C  c_w.l(libshutdown2.o)
    0x080001d2   0x080001d2   0x00000000   Code   RO         5923    .ARM.Collect$$libshutdown$$0000000E  c_w.l(libshutdown2.o)
    0x080001d2   0x080001d2   0x00000000   Code   RO         5926    .ARM.Collect$$libshutdown$$00000011  c_w.l(libshutdown2.o)
    0x080001d2   0x080001d2   0x00000002   Code   RO         5927    .ARM.Collect$$libshutdown$$00000012  c_w.l(libshutdown2.o)
    0x080001d4   0x080001d4   0x00000000   Code   RO         5633    .ARM.Collect$$rtentry$$00000000  c_w.l(__rtentry.o)
    0x080001d4   0x080001d4   0x00000000   Code   RO         5709    .ARM.Collect$$rtentry$$00000002  c_w.l(__rtentry2.o)
    0x080001d4   0x080001d4   0x00000006   Code   RO         5721    .ARM.Collect$$rtentry$$00000004  c_w.l(__rtentry4.o)
    0x080001da   0x080001da   0x00000000   Code   RO         5711    .ARM.Collect$$rtentry$$00000009  c_w.l(__rtentry2.o)
    0x080001da   0x080001da   0x00000004   Code   RO         5712    .ARM.Collect$$rtentry$$0000000A  c_w.l(__rtentry2.o)
    0x080001de   0x080001de   0x00000000   Code   RO         5714    .ARM.Collect$$rtentry$$0000000C  c_w.l(__rtentry2.o)
    0x080001de   0x080001de   0x00000008   Code   RO         5715    .ARM.Collect$$rtentry$$0000000D  c_w.l(__rtentry2.o)
    0x080001e6   0x080001e6   0x00000002   Code   RO         5854    .ARM.Collect$$rtexit$$00000000  c_w.l(rtexit.o)
    0x080001e8   0x080001e8   0x00000000   Code   RO         5871    .ARM.Collect$$rtexit$$00000002  c_w.l(rtexit2.o)
    0x080001e8   0x080001e8   0x00000004   Code   RO         5872    .ARM.Collect$$rtexit$$00000003  c_w.l(rtexit2.o)
    0x080001ec   0x080001ec   0x00000006   Code   RO         5873    .ARM.Collect$$rtexit$$00000004  c_w.l(rtexit2.o)
    0x080001f2   0x080001f2   0x00000002   PAD
    0x080001f4   0x080001f4   0x00000096   Code   RO         5263    .emb_text           port.o
    0x0800028a   0x0800028a   0x00000002   PAD
    0x0800028c   0x0800028c   0x00000040   Code   RO            4    .text               startup_stm32f103xb.o
    0x080002cc   0x080002cc   0x00000028   Code   RO         5519    .text               c_w.l(noretval__2sprintf.o)
    0x080002f4   0x080002f4   0x00000078   Code   RO         5527    .text               c_w.l(_printf_dec.o)
    0x0800036c   0x0800036c   0x00000058   Code   RO         5532    .text               c_w.l(_printf_hex_int.o)
    0x080003c4   0x080003c4   0x00000138   Code   RO         5562    .text               c_w.l(__printf_flags_wp.o)
    0x080004fc   0x080004fc   0x0000008a   Code   RO         5578    .text               c_w.l(rt_memcpy_v6.o)
    0x08000586   0x08000586   0x00000064   Code   RO         5580    .text               c_w.l(rt_memcpy_w.o)
    0x080005ea   0x080005ea   0x00000044   Code   RO         5584    .text               c_w.l(rt_memclr.o)
    0x0800062e   0x0800062e   0x0000004e   Code   RO         5586    .text               c_w.l(rt_memclr_w.o)
    0x0800067c   0x0800067c   0x00000006   Code   RO         5597    .text               c_w.l(heapauxi.o)
    0x08000682   0x08000682   0x00000016   Code   RO         5636    .text               c_w.l(_rserrno.o)
    0x08000698   0x08000698   0x000000b2   Code   RO         5638    .text               c_w.l(_printf_intcommon.o)
    0x0800074a   0x0800074a   0x0000041e   Code   RO         5640    .text               c_w.l(_printf_fp_dec.o)
    0x08000b68   0x08000b68   0x00000030   Code   RO         5642    .text               c_w.l(_printf_char_common.o)
    0x08000b98   0x08000b98   0x0000000a   Code   RO         5644    .text               c_w.l(_sputc.o)
    0x08000ba2   0x08000ba2   0x00000002   PAD
    0x08000ba4   0x08000ba4   0x0000000c   Code   RO         5706    .text               c_w.l(sys_exit.o)
    0x08000bb0   0x08000bb0   0x00000008   Code   RO         5730    .text               c_w.l(rt_locale_intlibspace.o)
    0x08000bb8   0x08000bb8   0x00000008   Code   RO         5735    .text               c_w.l(rt_errno_addr_intlibspace.o)
    0x08000bc0   0x08000bc0   0x0000008a   Code   RO         5737    .text               c_w.l(lludiv10.o)
    0x08000c4a   0x08000c4a   0x00000002   PAD
    0x08000c4c   0x08000c4c   0x00000080   Code   RO         5739    .text               c_w.l(_printf_fp_infnan.o)
    0x08000ccc   0x08000ccc   0x000000e4   Code   RO         5743    .text               c_w.l(bigflt0.o)
    0x08000db0   0x08000db0   0x00000008   Code   RO         5781    .text               c_w.l(libspace.o)
    0x08000db8   0x08000db8   0x00000002   Code   RO         5784    .text               c_w.l(use_no_semi.o)
    0x08000dba   0x08000dba   0x00000000   Code   RO         5786    .text               c_w.l(indicate_semi.o)
    0x08000dba   0x08000dba   0x0000004a   Code   RO         5787    .text               c_w.l(sys_stackheap_outer.o)
    0x08000e04   0x08000e04   0x00000012   Code   RO         5793    .text               c_w.l(exit.o)
    0x08000e16   0x08000e16   0x00000002   PAD
    0x08000e18   0x08000e18   0x00000080   Code   RO         5799    .text               c_w.l(strcmpv7m.o)
    0x08000e98   0x08000e98   0x0000003e   Code   RO         5746    CL$$btod_d2e        c_w.l(btod.o)
    0x08000ed6   0x08000ed6   0x00000046   Code   RO         5748    CL$$btod_d2e_denorm_low  c_w.l(btod.o)
    0x08000f1c   0x08000f1c   0x00000060   Code   RO         5747    CL$$btod_d2e_norm_op1  c_w.l(btod.o)
    0x08000f7c   0x08000f7c   0x00000338   Code   RO         5756    CL$$btod_div_common  c_w.l(btod.o)
    0x080012b4   0x080012b4   0x000000dc   Code   RO         5753    CL$$btod_e2e        c_w.l(btod.o)
    0x08001390   0x08001390   0x0000002a   Code   RO         5750    CL$$btod_ediv       c_w.l(btod.o)
    0x080013ba   0x080013ba   0x0000002a   Code   RO         5749    CL$$btod_emul       c_w.l(btod.o)
    0x080013e4   0x080013e4   0x00000244   Code   RO         5755    CL$$btod_mult_common  c_w.l(btod.o)
    0x08001628   0x08001628   0x00000004   Code   RO          882    i.BusFault_Handler  stm32f1xx_it.o
    0x0800162c   0x0800162c   0x00000010   Code   RO          883    i.CAN1_RX1_IRQHandler  stm32f1xx_it.o
    0x0800163c   0x0800163c   0x00000010   Code   RO          884    i.CAN1_SCE_IRQHandler  stm32f1xx_it.o
    0x0800164c   0x0800164c   0x00000002   Code   RO          885    i.DebugMon_Handler  stm32f1xx_it.o
    0x0800164e   0x0800164e   0x00000006   Code   RO          424    i.Error_Handler     main.o
    0x08001654   0x08001654   0x0000000c   Code   RO           13    i.GPS_Init          mnp_msg.o
    0x08001660   0x08001660   0x00000002   Code   RO           14    i.GPS_RST           mnp_msg.o
    0x08001662   0x08001662   0x00000004   Code   RO          268    i.Get_Module_Address  pins.o
    0x08001666   0x08001666   0x00000002   PAD
    0x08001668   0x08001668   0x00000048   Code   RO          643    i.HAL_CAN_ErrorCallback  can.o
    0x080016b0   0x080016b0   0x00000006   Code   RO         1141    i.HAL_CAN_GetError  stm32f1xx_hal_can.o
    0x080016b6   0x080016b6   0x0000017a   Code   RO         1143    i.HAL_CAN_GetRxMessage  stm32f1xx_hal_can.o
    0x08001830   0x08001830   0x0000024e   Code   RO         1147    i.HAL_CAN_IRQHandler  stm32f1xx_hal_can.o
    0x08001a7e   0x08001a7e   0x00000174   Code   RO         1148    i.HAL_CAN_Init      stm32f1xx_hal_can.o
    0x08001bf2   0x08001bf2   0x00000002   PAD
    0x08001bf4   0x08001bf4   0x000000b8   Code   RO          645    i.HAL_CAN_MspInit   can.o
    0x08001cac   0x08001cac   0x0000003c   Code   RO          646    i.HAL_CAN_RxFifo0FullCallback  can.o
    0x08001ce8   0x08001ce8   0x0000005c   Code   RO          647    i.HAL_CAN_RxFifo0MsgPendingCallback  can.o
    0x08001d44   0x08001d44   0x0000003c   Code   RO          648    i.HAL_CAN_RxFifo1FullCallback  can.o
    0x08001d80   0x08001d80   0x00000060   Code   RO          649    i.HAL_CAN_RxFifo1MsgPendingCallback  can.o
    0x08001de0   0x08001de0   0x00000002   Code   RO         1159    i.HAL_CAN_SleepCallback  stm32f1xx_hal_can.o
    0x08001de2   0x08001de2   0x00000002   Code   RO         1162    i.HAL_CAN_TxMailbox0AbortCallback  stm32f1xx_hal_can.o
    0x08001de4   0x08001de4   0x00000002   Code   RO         1163    i.HAL_CAN_TxMailbox0CompleteCallback  stm32f1xx_hal_can.o
    0x08001de6   0x08001de6   0x00000002   Code   RO         1164    i.HAL_CAN_TxMailbox1AbortCallback  stm32f1xx_hal_can.o
    0x08001de8   0x08001de8   0x00000002   Code   RO         1165    i.HAL_CAN_TxMailbox1CompleteCallback  stm32f1xx_hal_can.o
    0x08001dea   0x08001dea   0x00000002   Code   RO         1166    i.HAL_CAN_TxMailbox2AbortCallback  stm32f1xx_hal_can.o
    0x08001dec   0x08001dec   0x00000002   Code   RO         1167    i.HAL_CAN_TxMailbox2CompleteCallback  stm32f1xx_hal_can.o
    0x08001dee   0x08001dee   0x00000002   Code   RO         1169    i.HAL_CAN_WakeUpFromRxMsgCallback  stm32f1xx_hal_can.o
    0x08001df0   0x08001df0   0x00000320   Code   RO         1688    i.HAL_GPIO_Init     stm32f1xx_hal_gpio.o
    0x08002110   0x08002110   0x0000000c   Code   RO         1379    i.HAL_GetTick       stm32f1xx_hal.o
    0x0800211c   0x0800211c   0x00000018   Code   RO         1385    i.HAL_IncTick       stm32f1xx_hal.o
    0x08002134   0x08002134   0x00000028   Code   RO         1386    i.HAL_Init          stm32f1xx_hal.o
    0x0800215c   0x0800215c   0x000000a0   Code   RO         1007    i.HAL_InitTick      stm32f1xx_hal_timebase_tim.o
    0x080021fc   0x080021fc   0x00000060   Code   RO          981    i.HAL_MspInit       stm32f1xx_hal_msp.o
    0x0800225c   0x0800225c   0x00000020   Code   RO         1848    i.HAL_NVIC_EnableIRQ  stm32f1xx_hal_cortex.o
    0x0800227c   0x0800227c   0x0000007c   Code   RO         1854    i.HAL_NVIC_SetPriority  stm32f1xx_hal_cortex.o
    0x080022f8   0x080022f8   0x00000028   Code   RO         1855    i.HAL_NVIC_SetPriorityGrouping  stm32f1xx_hal_cortex.o
    0x08002320   0x08002320   0x0000018c   Code   RO         1543    i.HAL_RCC_ClockConfig  stm32f1xx_hal_rcc.o
    0x080024ac   0x080024ac   0x00000044   Code   RO         1547    i.HAL_RCC_GetClockConfig  stm32f1xx_hal_rcc.o
    0x080024f0   0x080024f0   0x0000000c   Code   RO         1548    i.HAL_RCC_GetHCLKFreq  stm32f1xx_hal_rcc.o
    0x080024fc   0x080024fc   0x00000020   Code   RO         1551    i.HAL_RCC_GetPCLK2Freq  stm32f1xx_hal_rcc.o
    0x0800251c   0x0800251c   0x00000094   Code   RO         1552    i.HAL_RCC_GetSysClockFreq  stm32f1xx_hal_rcc.o
    0x080025b0   0x080025b0   0x00000464   Code   RO         1555    i.HAL_RCC_OscConfig  stm32f1xx_hal_rcc.o
    0x08002a14   0x08002a14   0x00000002   Code   RO         3343    i.HAL_TIMEx_BreakCallback  stm32f1xx_hal_tim_ex.o
    0x08002a16   0x08002a16   0x00000002   Code   RO         3344    i.HAL_TIMEx_CommutCallback  stm32f1xx_hal_tim_ex.o
    0x08002a18   0x08002a18   0x00000066   Code   RO         2628    i.HAL_TIM_Base_Init  stm32f1xx_hal_tim.o
    0x08002a7e   0x08002a7e   0x00000002   Code   RO         2630    i.HAL_TIM_Base_MspInit  stm32f1xx_hal_tim.o
    0x08002a80   0x08002a80   0x00000078   Code   RO         2633    i.HAL_TIM_Base_Start_IT  stm32f1xx_hal_tim.o
    0x08002af8   0x08002af8   0x00000002   Code   RO         2662    i.HAL_TIM_IC_CaptureCallback  stm32f1xx_hal_tim.o
    0x08002afa   0x08002afa   0x00000196   Code   RO         2676    i.HAL_TIM_IRQHandler  stm32f1xx_hal_tim.o
    0x08002c90   0x08002c90   0x00000002   Code   RO         2679    i.HAL_TIM_OC_DelayElapsedCallback  stm32f1xx_hal_tim.o
    0x08002c92   0x08002c92   0x00000002   Code   RO         2706    i.HAL_TIM_PWM_PulseFinishedCallback  stm32f1xx_hal_tim.o
    0x08002c94   0x08002c94   0x00000018   Code   RO          425    i.HAL_TIM_PeriodElapsedCallback  main.o
    0x08002cac   0x08002cac   0x00000002   Code   RO         2719    i.HAL_TIM_TriggerCallback  stm32f1xx_hal_tim.o
    0x08002cae   0x08002cae   0x00000004   Code   RO          886    i.HardFault_Handler  stm32f1xx_it.o
    0x08002cb2   0x08002cb2   0x00000002   PAD
    0x08002cb4   0x08002cb4   0x0000001c   Code   RO          520    i.LL_APB2_GRP1_EnableClock  gpio.o
    0x08002cd0   0x08002cd0   0x0000001c   Code   RO          785    i.LL_APB2_GRP1_EnableClock  usart.o
    0x08002cec   0x08002cec   0x00000128   Code   RO         1085    i.LL_GPIO_Init      stm32f1xx_ll_gpio.o
    0x08002e14   0x08002e14   0x00000008   Code   RO          554    i.LL_GPIO_SetOutputPin  freertos.o
    0x08002e1c   0x08002e1c   0x00000024   Code   RO         2376    i.LL_RCC_GetSystemClocksFreq  stm32f1xx_ll_rcc.o
    0x08002e40   0x08002e40   0x00000012   Code   RO          786    i.LL_USART_ConfigAsyncMode  usart.o
    0x08002e52   0x08002e52   0x0000000a   Code   RO          787    i.LL_USART_Enable   usart.o
    0x08002e5c   0x08002e5c   0x00000094   Code   RO         3815    i.LL_USART_Init     stm32f1xx_ll_usart.o
    0x08002ef0   0x08002ef0   0x0000000a   Code   RO         3816    i.LL_USART_IsEnabled  stm32f1xx_ll_usart.o
    0x08002efa   0x08002efa   0x0000009e   Code   RO         3817    i.LL_USART_SetBaudRate  stm32f1xx_ll_usart.o
    0x08002f98   0x08002f98   0x00000020   Code   RO           16    i.MNP_CalcChkSum    mnp_msg.o
    0x08002fb8   0x08002fb8   0x00000190   Code   RO           17    i.MNP_M7_init       mnp_msg.o
    0x08003148   0x08003148   0x00000084   Code   RO           18    i.MNP_PutMessage    mnp_msg.o
    0x080031cc   0x080031cc   0x00000024   Code   RO          790    i.MNP_UART_Puts     usart.o
    0x080031f0   0x080031f0   0x0000004c   Code   RO          650    i.MX_CAN_Init       can.o
    0x0800323c   0x0800323c   0x00000098   Code   RO          555    i.MX_FREERTOS_Init  freertos.o
    0x080032d4   0x080032d4   0x00000054   Code   RO          521    i.MX_GPIO_Init      gpio.o
    0x08003328   0x08003328   0x00000188   Code   RO          791    i.MX_USART1_UART_Init  usart.o
    0x080034b0   0x080034b0   0x0000009c   Code   RO          792    i.MX_USART2_UART_Init  usart.o
    0x0800354c   0x0800354c   0x00000004   Code   RO          887    i.MemManage_Handler  stm32f1xx_it.o
    0x08003550   0x08003550   0x00000004   Code   RO          888    i.NMI_Handler       stm32f1xx_it.o
    0x08003554   0x08003554   0x00000030   Code   RO          556    i.Parse_GPS_msg     freertos.o
    0x08003584   0x08003584   0x00000438   Code   RO           20    i.Parse_MNP_MSG     mnp_msg.o
    0x080039bc   0x080039bc   0x00000028   Code   RO         1556    i.RCC_Delay         stm32f1xx_hal_rcc.o
    0x080039e4   0x080039e4   0x00000020   Code   RO         2379    i.RCC_GetHCLKClockFreq  stm32f1xx_ll_rcc.o
    0x08003a04   0x08003a04   0x00000024   Code   RO         2380    i.RCC_GetPCLK1ClockFreq  stm32f1xx_ll_rcc.o
    0x08003a28   0x08003a28   0x00000024   Code   RO         2381    i.RCC_GetPCLK2ClockFreq  stm32f1xx_ll_rcc.o
    0x08003a4c   0x08003a4c   0x0000003c   Code   RO         2382    i.RCC_GetSystemClockFreq  stm32f1xx_ll_rcc.o
    0x08003a88   0x08003a88   0x00000058   Code   RO         2383    i.RCC_PLL_GetFreqDomain_SYS  stm32f1xx_ll_rcc.o
    0x08003ae0   0x08003ae0   0x00000014   Code   RO          322    i.RING_Clear        ring_buffer.o
    0x08003af4   0x08003af4   0x00000024   Code   RO          323    i.RING_GetCount     ring_buffer.o
    0x08003b18   0x08003b18   0x0000001e   Code   RO          324    i.RING_Init         ring_buffer.o
    0x08003b36   0x08003b36   0x0000001a   Code   RO          325    i.RING_Pop          ring_buffer.o
    0x08003b50   0x08003b50   0x00000018   Code   RO          330    i.RING_Put          ring_buffer.o
    0x08003b68   0x08003b68   0x00000028   Code   RO          557    i.StartDefaultTask  freertos.o
    0x08003b90   0x08003b90   0x00000050   Code   RO          558    i.Switch_Led        freertos.o
    0x08003be0   0x08003be0   0x00000034   Code   RO         5264    i.SysTick_Handler   port.o
    0x08003c14   0x08003c14   0x00000066   Code   RO          426    i.SystemClock_Config  main.o
    0x08003c7a   0x08003c7a   0x00000002   Code   RO         3882    i.SystemInit        system_stm32f1xx.o
    0x08003c7c   0x08003c7c   0x00000010   Code   RO          889    i.TIM1_UP_IRQHandler  stm32f1xx_it.o
    0x08003c8c   0x08003c8c   0x00000002   Code   RO          890    i.TIM3_IRQHandler   stm32f1xx_it.o
    0x08003c8e   0x08003c8e   0x00000002   PAD
    0x08003c90   0x08003c90   0x00000074   Code   RO         2721    i.TIM_Base_SetConfig  stm32f1xx_hal_tim.o
    0x08003d04   0x08003d04   0x0000001c   Code   RO          793    i.UART2_PutByte     usart.o
    0x08003d20   0x08003d20   0x00000016   Code   RO          794    i.UART2_PutString   usart.o
    0x08003d36   0x08003d36   0x00000002   PAD
    0x08003d38   0x08003d38   0x00000020   Code   RO          795    i.UART_CharReception_Callback  usart.o
    0x08003d58   0x08003d58   0x000000f0   Code   RO          891    i.USART1_IRQHandler  stm32f1xx_it.o
    0x08003e48   0x08003e48   0x00000010   Code   RO          892    i.USB_LP_CAN1_RX0_IRQHandler  stm32f1xx_it.o
    0x08003e58   0x08003e58   0x00000004   Code   RO          893    i.UsageFault_Handler  stm32f1xx_it.o
    0x08003e5c   0x08003e5c   0x00000028   Code   RO         5699    i.__ARM_fpclassify  m_ws.l(fpclassify.o)
    0x08003e84   0x08003e84   0x00000010   Code   RO         1861    i.__NVIC_GetPriorityGrouping  stm32f1xx_hal_cortex.o
    0x08003e94   0x08003e94   0x00000028   Code   RO         1862    i.__NVIC_SetPriority  stm32f1xx_hal_cortex.o
    0x08003ebc   0x08003ebc   0x000000aa   Code   RO         5701    i.__kernel_poly     m_ws.l(poly.o)
    0x08003f66   0x08003f66   0x00000002   PAD
    0x08003f68   0x08003f68   0x00000010   Code   RO         5685    i.__mathlib_dbl_divzero  m_ws.l(dunder.o)
    0x08003f78   0x08003f78   0x00000004   Code   RO         5687    i.__mathlib_dbl_infnan2  m_ws.l(dunder.o)
    0x08003f7c   0x08003f7c   0x0000000c   Code   RO         5688    i.__mathlib_dbl_invalid  m_ws.l(dunder.o)
    0x08003f88   0x08003f88   0x0000000e   Code   RO         5689    i.__mathlib_dbl_overflow  m_ws.l(dunder.o)
    0x08003f96   0x08003f96   0x00000002   PAD
    0x08003f98   0x08003f98   0x00000010   Code   RO         5691    i.__mathlib_dbl_underflow  m_ws.l(dunder.o)
    0x08003fa8   0x08003fa8   0x0000000e   Code   RO         5560    i._is_digit         c_w.l(__printf_wp.o)
    0x08003fb6   0x08003fb6   0x00000010   Code   RO         4845    i.inHandlerMode     cmsis_os.o
    0x08003fc6   0x08003fc6   0x00000024   Code   RO          427    i.main              main.o
    0x08003fea   0x08003fea   0x0000000e   Code   RO         4847    i.makeFreeRtosPriority  cmsis_os.o
    0x08003ff8   0x08003ff8   0x00000018   Code   RO         4849    i.osDelay           cmsis_os.o
    0x08004010   0x08004010   0x0000001c   Code   RO         4850    i.osDelayUntil      cmsis_os.o
    0x0800402c   0x0800402c   0x0000000a   Code   RO         4852    i.osKernelStart     cmsis_os.o
    0x08004036   0x08004036   0x00000014   Code   RO         4853    i.osKernelSysTick   cmsis_os.o
    0x0800404a   0x0800404a   0x00000002   PAD
    0x0800404c   0x0800404c   0x00000010   Code   RO          559    i.osProgTimerGPSCfgCallback  freertos.o
    0x0800405c   0x0800405c   0x00000002   Code   RO          560    i.osProgTimerGPSUARTTimeoutCallback  freertos.o
    0x0800405e   0x0800405e   0x0000005e   Code   RO         4886    i.osThreadCreate    cmsis_os.o
    0x080040bc   0x080040bc   0x0000004c   Code   RO         4897    i.osTimerCreate     cmsis_os.o
    0x08004108   0x08004108   0x00000068   Code   RO         4899    i.osTimerStart      cmsis_os.o
    0x08004170   0x08004170   0x000009d8   Code   RO         5616    i.pow               m_ws.l(pow.o)
    0x08004b48   0x08004b48   0x00000098   Code   RO         4390    i.prvAddCurrentTaskToDelayedList  tasks.o
    0x08004be0   0x08004be0   0x000000b4   Code   RO         4391    i.prvAddNewTaskToReadyList  tasks.o
    0x08004c94   0x08004c94   0x00000074   Code   RO         4706    i.prvCheckForValidListAndQueue  timers.o
    0x08004d08   0x08004d08   0x00000048   Code   RO         4392    i.prvCheckTasksWaitingTermination  tasks.o
    0x08004d50   0x08004d50   0x0000002a   Code   RO         4059    i.prvCopyDataFromQueue  queue.o
    0x08004d7a   0x08004d7a   0x0000007c   Code   RO         4060    i.prvCopyDataToQueue  queue.o
    0x08004df6   0x08004df6   0x00000050   Code   RO         4393    i.prvDeleteTCB      tasks.o
    0x08004e46   0x08004e46   0x00000002   PAD
    0x08004e48   0x08004e48   0x00000028   Code   RO         4707    i.prvGetNextExpireTime  timers.o
    0x08004e70   0x08004e70   0x0000007c   Code   RO         5214    i.prvHeapInit       heap_4.o
    0x08004eec   0x08004eec   0x00000028   Code   RO         4394    i.prvIdleTask       tasks.o
    0x08004f14   0x08004f14   0x00000026   Code   RO         4063    i.prvInitialiseNewQueue  queue.o
    0x08004f3a   0x08004f3a   0x000000aa   Code   RO         4395    i.prvInitialiseNewTask  tasks.o
    0x08004fe4   0x08004fe4   0x0000004e   Code   RO         4708    i.prvInitialiseNewTimer  timers.o
    0x08005032   0x08005032   0x00000002   PAD
    0x08005034   0x08005034   0x00000068   Code   RO         4396    i.prvInitialiseTaskLists  tasks.o
    0x0800509c   0x0800509c   0x00000068   Code   RO         5215    i.prvInsertBlockIntoFreeList  heap_4.o
    0x08005104   0x08005104   0x00000058   Code   RO         4709    i.prvInsertTimerInActiveList  timers.o
    0x0800515c   0x0800515c   0x0000001a   Code   RO         4064    i.prvIsQueueEmpty   queue.o
    0x08005176   0x08005176   0x0000001e   Code   RO         4065    i.prvIsQueueFull    queue.o
    0x08005194   0x08005194   0x00000064   Code   RO         4710    i.prvProcessExpiredTimer  timers.o
    0x080051f8   0x080051f8   0x000000fc   Code   RO         4711    i.prvProcessReceivedCommands  timers.o
    0x080052f4   0x080052f4   0x00000074   Code   RO         4712    i.prvProcessTimerOrBlockTask  timers.o
    0x08005368   0x08005368   0x00000034   Code   RO         4397    i.prvResetNextTaskUnblockTime  tasks.o
    0x0800539c   0x0800539c   0x0000002c   Code   RO         4713    i.prvSampleTimeNow  timers.o
    0x080053c8   0x080053c8   0x000000a0   Code   RO         4714    i.prvSwitchTimerLists  timers.o
    0x08005468   0x08005468   0x00000040   Code   RO         5265    i.prvTaskExitError  port.o
    0x080054a8   0x080054a8   0x0000001a   Code   RO         4715    i.prvTimerTask      timers.o
    0x080054c2   0x080054c2   0x0000007e   Code   RO         4066    i.prvUnlockQueue    queue.o
    0x08005540   0x08005540   0x0000013c   Code   RO         5216    i.pvPortMalloc      heap_4.o
    0x0800567c   0x0800567c   0x00000024   Code   RO         5266    i.pxPortInitialiseStack  port.o
    0x080056a0   0x080056a0   0x0000004c   Code   RO         5626    i.sqrt              m_ws.l(sqrt.o)
    0x080056ec   0x080056ec   0x00000028   Code   RO         4019    i.uxListRemove      list.o
    0x08005714   0x08005714   0x00000018   Code   RO          561    i.vApplicationGetIdleTaskMemory  freertos.o
    0x0800572c   0x0800572c   0x00000018   Code   RO          562    i.vApplicationGetTimerTaskMemory  freertos.o
    0x08005744   0x08005744   0x0000001a   Code   RO         4020    i.vListInitialise   list.o
    0x0800575e   0x0800575e   0x00000006   Code   RO         4021    i.vListInitialiseItem  list.o
    0x08005764   0x08005764   0x00000034   Code   RO         4022    i.vListInsert       list.o
    0x08005798   0x08005798   0x00000018   Code   RO         4023    i.vListInsertEnd    list.o
    0x080057b0   0x080057b0   0x00000054   Code   RO         5268    i.vPortEnterCritical  port.o
    0x08005804   0x08005804   0x0000003c   Code   RO         5269    i.vPortExitCritical  port.o
    0x08005840   0x08005840   0x00000094   Code   RO         5217    i.vPortFree         heap_4.o
    0x080058d4   0x080058d4   0x00000028   Code   RO         5270    i.vPortSetupTimerInterrupt  port.o
    0x080058fc   0x080058fc   0x00000078   Code   RO         5271    i.vPortValidateInterruptPriority  port.o
    0x08005974   0x08005974   0x0000002c   Code   RO         4070    i.vQueueAddToRegistry  queue.o
    0x080059a0   0x080059a0   0x0000004a   Code   RO         4073    i.vQueueWaitForMessageRestricted  queue.o
    0x080059ea   0x080059ea   0x00000002   PAD
    0x080059ec   0x080059ec   0x0000005c   Code   RO         4405    i.vTaskDelay        tasks.o
    0x08005a48   0x08005a48   0x000000d4   Code   RO         4406    i.vTaskDelayUntil   tasks.o
    0x08005b1c   0x08005b1c   0x00000018   Code   RO         4409    i.vTaskInternalSetTimeOutState  tasks.o
    0x08005b34   0x08005b34   0x0000000c   Code   RO         4410    i.vTaskMissedYield  tasks.o
    0x08005b40   0x08005b40   0x00000038   Code   RO         4412    i.vTaskPlaceOnEventList  tasks.o
    0x08005b78   0x08005b78   0x00000040   Code   RO         4413    i.vTaskPlaceOnEventListRestricted  tasks.o
    0x08005bb8   0x08005bb8   0x000000b8   Code   RO         4420    i.vTaskStartScheduler  tasks.o
    0x08005c70   0x08005c70   0x00000010   Code   RO         4422    i.vTaskSuspendAll   tasks.o
    0x08005c80   0x08005c80   0x0000008c   Code   RO         4423    i.vTaskSwitchContext  tasks.o
    0x08005d0c   0x08005d0c   0x000000f8   Code   RO         5272    i.xPortStartScheduler  port.o
    0x08005e04   0x08005e04   0x000000de   Code   RO         4077    i.xQueueGenericCreateStatic  queue.o
    0x08005ee2   0x08005ee2   0x00000002   PAD
    0x08005ee4   0x08005ee4   0x00000098   Code   RO         4078    i.xQueueGenericReset  queue.o
    0x08005f7c   0x08005f7c   0x000001a8   Code   RO         4079    i.xQueueGenericSend  queue.o
    0x08006124   0x08006124   0x000000f8   Code   RO         4080    i.xQueueGenericSendFromISR  queue.o
    0x0800621c   0x0800621c   0x00000168   Code   RO         4086    i.xQueueReceive     queue.o
    0x08006384   0x08006384   0x0000008c   Code   RO         4424    i.xTaskCheckForTimeOut  tasks.o
    0x08006410   0x08006410   0x00000064   Code   RO         4425    i.xTaskCreate       tasks.o
    0x08006474   0x08006474   0x000000b8   Code   RO         4426    i.xTaskCreateStatic  tasks.o
    0x0800652c   0x0800652c   0x00000020   Code   RO         4430    i.xTaskGetSchedulerState  tasks.o
    0x0800654c   0x0800654c   0x0000000c   Code   RO         4431    i.xTaskGetTickCount  tasks.o
    0x08006558   0x08006558   0x00000014   Code   RO         4432    i.xTaskGetTickCountFromISR  tasks.o
    0x0800656c   0x0800656c   0x00000148   Code   RO         4433    i.xTaskIncrementTick  tasks.o
    0x080066b4   0x080066b4   0x000000c8   Code   RO         4436    i.xTaskPriorityDisinherit  tasks.o
    0x0800677c   0x0800677c   0x00000098   Code   RO         4438    i.xTaskRemoveFromEventList  tasks.o
    0x08006814   0x08006814   0x00000104   Code   RO         4439    i.xTaskResumeAll    tasks.o
    0x08006918   0x08006918   0x00000036   Code   RO         4718    i.xTimerCreate      timers.o
    0x0800694e   0x0800694e   0x00000070   Code   RO         4719    i.xTimerCreateStatic  timers.o
    0x080069be   0x080069be   0x00000002   PAD
    0x080069c0   0x080069c0   0x00000078   Code   RO         4720    i.xTimerCreateTimerTask  timers.o
    0x08006a38   0x08006a38   0x00000084   Code   RO         4721    i.xTimerGenericCommand  timers.o
    0x08006abc   0x08006abc   0x0000002c   Code   RO         5769    locale$$code        c_w.l(lc_numeric_c.o)
    0x08006ae8   0x08006ae8   0x00000062   Code   RO         5601    x$fpl$d2f           fz_ws.l(d2f.o)
    0x08006b4a   0x08006b4a   0x00000002   PAD
    0x08006b4c   0x08006b4c   0x00000150   Code   RO         5603    x$fpl$dadd          fz_ws.l(daddsub_clz.o)
    0x08006c9c   0x08006c9c   0x00000010   Code   RO         5775    x$fpl$dcheck1       fz_ws.l(dcheck1.o)
    0x08006cac   0x08006cac   0x00000018   Code   RO         5777    x$fpl$dcmpinf       fz_ws.l(dcmpi.o)
    0x08006cc4   0x08006cc4   0x000002b0   Code   RO         5655    x$fpl$ddiv          fz_ws.l(ddiv.o)
    0x08006f74   0x08006f74   0x0000002e   Code   RO         5659    x$fpl$dflt          fz_ws.l(dflt_clz.o)
    0x08006fa2   0x08006fa2   0x00000002   PAD
    0x08006fa4   0x08006fa4   0x00000078   Code   RO         5664    x$fpl$dleqf         fz_ws.l(dleqf.o)
    0x0800701c   0x0800701c   0x00000154   Code   RO         5666    x$fpl$dmul          fz_ws.l(dmul.o)
    0x08007170   0x08007170   0x0000009c   Code   RO         5668    x$fpl$dnaninf       fz_ws.l(dnaninf.o)
    0x0800720c   0x0800720c   0x0000000c   Code   RO         5670    x$fpl$dretinf       fz_ws.l(dretinf.o)
    0x08007218   0x08007218   0x0000006c   Code   RO         5672    x$fpl$drleqf        fz_ws.l(drleqf.o)
    0x08007284   0x08007284   0x00000016   Code   RO         5604    x$fpl$drsb          fz_ws.l(daddsub_clz.o)
    0x0800729a   0x0800729a   0x00000002   PAD
    0x0800729c   0x0800729c   0x000001cc   Code   RO         5674    x$fpl$dsqrt         fz_ws.l(dsqrt_noumaal.o)
    0x08007468   0x08007468   0x000001d4   Code   RO         5605    x$fpl$dsub          fz_ws.l(daddsub_clz.o)
    0x0800763c   0x0800763c   0x00000056   Code   RO         5609    x$fpl$f2d           fz_ws.l(f2d.o)
    0x08007692   0x08007692   0x0000008c   Code   RO         5678    x$fpl$fnaninf       fz_ws.l(fnaninf.o)
    0x0800771e   0x0800771e   0x0000000a   Code   RO         5680    x$fpl$fretinf       fz_ws.l(fretinf.o)
    0x08007728   0x08007728   0x00000004   Code   RO         5613    x$fpl$printf1       fz_ws.l(printf1.o)
    0x0800772c   0x0800772c   0x00000064   Code   RO         5852    x$fpl$retnan        fz_ws.l(retnan.o)
    0x08007790   0x08007790   0x0000005c   Code   RO         5682    x$fpl$scalbn        fz_ws.l(scalbn.o)
    0x080077ec   0x080077ec   0x00000030   Code   RO         5868    x$fpl$trapveneer    fz_ws.l(trapv.o)
    0x0800781c   0x0800781c   0x00000000   Code   RO         5684    x$fpl$usenofp       fz_ws.l(usenofp.o)
    0x0800781c   0x0800781c   0x00000090   Data   RO          564    .constdata          freertos.o
    0x080078ac   0x080078ac   0x00000018   Data   RO         3883    .constdata          system_stm32f1xx.o
    0x080078c4   0x080078c4   0x00000028   Data   RO         5533    .constdata          c_w.l(_printf_hex_int.o)
    0x080078ec   0x080078ec   0x00000011   Data   RO         5563    .constdata          c_w.l(__printf_flags_wp.o)
    0x080078fd   0x080078fd   0x00000003   PAD
    0x08007900   0x08007900   0x00000088   Data   RO         5617    .constdata          m_ws.l(pow.o)
    0x08007988   0x08007988   0x00000008   Data   RO         5703    .constdata          m_ws.l(qnan.o)
    0x08007990   0x08007990   0x00000094   Data   RO         5744    .constdata          c_w.l(bigflt0.o)
    0x08007a24   0x08007a24   0x00000030   Data   RO          565    .conststring        freertos.o
    0x08007a54   0x08007a54   0x00000020   Data   RO         5928    Region$$Table       anon$$obj.o
    0x08007a74   0x08007a74   0x0000001c   Data   RO         5768    locale$$data        c_w.l(lc_numeric_c.o)


    Execution Region RW_IRAM1 (Exec base: 0x20000000, Load base: 0x08007a90, Size: 0x00002558, Max: 0x00005000, ABSOLUTE, COMPRESSED[0x00000028])

    Exec Addr    Load Addr    Size         Type   Attr      Idx    E Section Name        Object

    0x20000000   COMPRESSED   0x00000022   Data   RW           27    .data               mnp_msg.o
    0x20000022   COMPRESSED   0x00000006   PAD
    0x20000028   COMPRESSED   0x0000022c   Data   RW          566    .data               freertos.o
    0x20000254   COMPRESSED   0x00000034   Data   RW          657    .data               can.o
    0x20000288   COMPRESSED   0x00000009   Data   RW         1393    .data               stm32f1xx_hal.o
    0x20000291   COMPRESSED   0x00000003   PAD
    0x20000294   COMPRESSED   0x00000004   Data   RW         3884    .data               system_stm32f1xx.o
    0x20000298   COMPRESSED   0x0000003c   Data   RW         4442    .data               tasks.o
    0x200002d4   COMPRESSED   0x00000014   Data   RW         4727    .data               timers.o
    0x200002e8   COMPRESSED   0x00000018   Data   RW         5222    .data               heap_4.o
    0x20000300   COMPRESSED   0x0000000c   Data   RW         5273    .data               port.o
    0x2000030c   COMPRESSED   0x00000004   PAD
    0x20000310        -       0x000008c0   Zero   RW          563    .bss                freertos.o
    0x20000bd0        -       0x00000068   Zero   RW          655    .bss                can.o
    0x20000c38        -       0x0000025c   Zero   RW          796    .bss                usart.o
    0x20000e94        -       0x00000048   Zero   RW         1010    .bss                stm32f1xx_hal_timebase_tim.o
    0x20000edc        -       0x00000040   Zero   RW         4089    .bss                queue.o
    0x20000f1c        -       0x000000f0   Zero   RW         4441    .bss                tasks.o
    0x2000100c        -       0x000000e8   Zero   RW         4726    .bss                timers.o
    0x200010f4        -       0x00000c00   Zero   RW         5221    .bss                heap_4.o
    0x20001cf4        -       0x00000060   Zero   RW         5782    .bss                c_w.l(libspace.o)
    0x20001d54   COMPRESSED   0x00000004   PAD
    0x20001d58        -       0x00000300   Zero   RW            2    HEAP                startup_stm32f103xb.o
    0x20002058        -       0x00000500   Zero   RW            1    STACK               startup_stm32f103xb.o


==============================================================================

Image component sizes


      Code (inc. data)   RO Data    RW Data    ZI Data      Debug   Object Name

       640        174          0         52        104       7233   can.o
       386          8          0          0          0      28671   cmsis_os.o
         0          0          0          0          0      18076   event_groups.o
       394         70        192        556       2240      14405   freertos.o
       112         14          0          0          0       8991   gpio.o
       692         62          0         24       3072       4527   heap_4.o
       148          0          0          0          0       3274   list.o
       168          6          0          0          0      32944   main.o
      1658        304          0         34          0     481185   mnp_msg.o
         4          0          0          0          0       3021   pins.o
       854         78          0         12          0      10973   port.o
      1910         20          0          0         64      13872   queue.o
       136          0          0          0          0       2991   ring_buffer.o
        64         26        236          0       2048        788   startup_stm32f103xb.o
        76         20          0          9          0       4498   stm32f1xx_hal.o
      1362          0          0          0          0       8321   stm32f1xx_hal_can.o
       252         22          0          0          0      28526   stm32f1xx_hal_cortex.o
       800         34          0          0          0       2004   stm32f1xx_hal_gpio.o
        96         10          0          0          0        850   stm32f1xx_hal_msp.o
      1820        110          0          0          0       5890   stm32f1xx_hal_rcc.o
       754         26          0          0          0       5878   stm32f1xx_hal_tim.o
         4          0          0          0          0       1445   stm32f1xx_hal_tim_ex.o
       160         22          0          0         72       1351   stm32f1xx_hal_timebase_tim.o
       328         76          0          0          0      17473   stm32f1xx_it.o
       296          0          0          0          0      10447   stm32f1xx_ll_gpio.o
       288         48          0          0          0      13325   stm32f1xx_ll_rcc.o
       316         14          0          0          0      15816   stm32f1xx_ll_usart.o
         0          0          0          0          0        392   stream_buffer.o
         2          0         24          4          0       1047   system_stm32f1xx.o
      3078        364          0         60        240      24779   tasks.o
         0          0          0          0          0      25271   tim.o
      1438        126          0         20        232      29455   timers.o
       722         64          0          0        604      28710   usart.o

    ----------------------------------------------------------------------
     18982       1698        484        780       8680     856429   Object Totals
         0          0         32          0          0          0   (incl. Generated)
        24          0          0          9          4          0   (incl. Padding)

    ----------------------------------------------------------------------

      Code (inc. data)   RO Data    RW Data    ZI Data      Debug   Library Member Name

        90          0          0          0          0          0   __dczerorl2.o
         8          0          0          0          0         68   __main.o
       312          4         17          0          0         92   __printf_flags_wp.o
        14          0          0          0          0         68   __printf_wp.o
         0          0          0          0          0          0   __rtentry.o
        12          0          0          0          0          0   __rtentry2.o
         6          0          0          0          0          0   __rtentry4.o
        52          8          0          0          0          0   __scatter.o
        28          0          0          0          0          0   __scatter_zi.o
        48          6          0          0          0         96   _printf_char_common.o
         6          0          0          0          0          0   _printf_d.o
       120         16          0          0          0         92   _printf_dec.o
         6          0          0          0          0          0   _printf_f.o
      1054          0          0          0          0        216   _printf_fp_dec.o
       128         16          0          0          0         84   _printf_fp_infnan.o
        88          4         40          0          0         88   _printf_hex_int.o
       178          0          0          0          0         88   _printf_intcommon.o
         0          0          0          0          0          0   _printf_percent.o
         4          0          0          0          0          0   _printf_percent_end.o
         6          0          0          0          0          0   _printf_u.o
         6          0          0          0          0          0   _printf_x.o
        22          0          0          0          0        100   _rserrno.o
        10          0          0          0          0         68   _sputc.o
       228          4        148          0          0         96   bigflt0.o
      1936        128          0          0          0        672   btod.o
        18          0          0          0          0         80   exit.o
         6          0          0          0          0        152   heapauxi.o
         0          0          0          0          0          0   indicate_semi.o
        44         10         28          0          0         76   lc_numeric_c.o
         2          0          0          0          0          0   libinit.o
        18          0          0          0          0          0   libinit2.o
         2          0          0          0          0          0   libshutdown.o
         2          0          0          0          0          0   libshutdown2.o
         8          4          0          0         96         68   libspace.o
       138          0          0          0          0         80   lludiv10.o
        40          6          0          0          0         84   noretval__2sprintf.o
         8          4          0          0          0         68   rt_errno_addr_intlibspace.o
         8          4          0          0          0         68   rt_locale_intlibspace.o
        68          0          0          0          0         68   rt_memclr.o
        78          0          0          0          0         80   rt_memclr_w.o
       138          0          0          0          0         68   rt_memcpy_v6.o
       100          0          0          0          0         80   rt_memcpy_w.o
         2          0          0          0          0          0   rtexit.o
        10          0          0          0          0          0   rtexit2.o
       128          0          0          0          0         68   strcmpv7m.o
        12          4          0          0          0         68   sys_exit.o
        74          0          0          0          0         80   sys_stackheap_outer.o
         2          0          0          0          0         68   use_no_semi.o
        98          4          0          0          0         92   d2f.o
       826         16          0          0          0        348   daddsub_clz.o
        16          4          0          0          0         68   dcheck1.o
        24          0          0          0          0         68   dcmpi.o
       688        140          0          0          0        208   ddiv.o
        46          0          0          0          0         68   dflt_clz.o
       120          4          0          0          0         92   dleqf.o
       340         12          0          0          0        104   dmul.o
       156          4          0          0          0         92   dnaninf.o
        12          0          0          0          0         68   dretinf.o
       108          0          0          0          0         80   drleqf.o
       460         56          0          0          0        120   dsqrt_noumaal.o
        86          4          0          0          0         84   f2d.o
       140          4          0          0          0         84   fnaninf.o
        10          0          0          0          0         68   fretinf.o
         4          0          0          0          0         68   printf1.o
       100          0          0          0          0         68   retnan.o
        92          0          0          0          0         68   scalbn.o
        48          0          0          0          0         68   trapv.o
         0          0          0          0          0          0   usenofp.o
        62         10          0          0          0        340   dunder.o
        40          0          0          0          0         68   fpclassify.o
       170          0          0          0          0         96   poly.o
      2520        190        136          0          0        324   pow.o
         0          0          8          0          0          0   qnan.o
        76          0          0          0          0         84   sqrt.o

    ----------------------------------------------------------------------
     11530        666        380          0        100       5912   Library Totals
        20          0          3          0          4          0   (incl. Padding)

    ----------------------------------------------------------------------

      Code (inc. data)   RO Data    RW Data    ZI Data      Debug   Library Name

      5268        218        233          0         96       3084   c_w.l
      3374        248          0          0          0       1916   fz_ws.l
      2868        200        144          0          0        912   m_ws.l

    ----------------------------------------------------------------------
     11530        666        380          0        100       5912   Library Totals

    ----------------------------------------------------------------------

==============================================================================


      Code (inc. data)   RO Data    RW Data    ZI Data      Debug   

     30512       2364        864        780       8780     849545   Grand Totals
     30512       2364        864         40       8780     849545   ELF Image Totals (compressed)
     30512       2364        864         40          0          0   ROM Totals

==============================================================================

    Total RO  Size (Code + RO Data)                31376 (  30.64kB)
    Total RW  Size (RW Data + ZI Data)              9560 (   9.34kB)
    Total ROM Size (Code + RO Data + RW Data)      31416 (  30.68kB)

==============================================================================

